2026-03-23 14:20:53.246   843-843   hwc-drm-plane           and...graphics.composer@2.4-service  W  IsCrtcSupported: This Plane(id=100) is activated for Crtc(id=167), could not be used for Crtc (id=98)
2026-03-23 14:20:53.246   843-843   chatty                  and...graphics.composer@2.4-service  I  uid=1000(system) composer@2.4-se identical 1 line
2026-03-23 14:20:53.246   843-843   hwc-drm-plane           and...graphics.composer@2.4-service  W  IsCrtcSupported: This Plane(id=100) is activated for Crtc(id=167), could not be used for Crtc (id=98)
2026-03-23 14:20:53.262   843-843   hwc-drm-plane           and...graphics.composer@2.4-service  W  IsCrtcSupported: This Plane(id=31) is activated for Crtc(id=98), could not be used for Crtc (id=167)
2026-03-23 14:20:53.262   843-843   chatty                  and...graphics.composer@2.4-service  I  uid=1000(system) composer@2.4-se identical 1 line
2026-03-23 14:20:53.263   843-843   hwc-drm-plane           and...graphics.composer@2.4-service  W  IsCrtcSupported: This Plane(id=31) is activated for Crtc(id=98), could not be used for Crtc (id=167)
2026-03-23 14:20:53.263   843-843   hwc-drm-plane           and...graphics.composer@2.4-service  W  IsCrtcSupported: This Plane(id=100) is activated for Crtc(id=167), could not be used for Crtc (id=98)
2026-03-23 14:20:53.263   843-843   chatty                  and...graphics.composer@2.4-service  I  uid=1000(system) composer@2.4-se identical 1 line
2026-03-23 14:20:53.263   843-843   hwc-drm-plane           and...graphics.composer@2.4-service  W  IsCrtcSupported: This Plane(id=100) is activated for Crtc(id=167), could not be used for Crtc (id=98)
2026-03-23 14:20:53.279   843-843   hwc-drm-plane           and...graphics.composer@2.4-service  W  IsCrtcSupported: This Plane(id=31) is activated for Crtc(id=98), could not be used for Crtc (id=167)
2026-03-23 14:20:53.279   843-843   chatty                  and...graphics.composer@2.4-service  I  uid=1000(system) composer@2.4-se identical 1 line
2026-03-23 14:20:53.279   843-843   hwc-drm-plane           and...graphics.composer@2.4-service  W  IsCrtcSupported: This Plane(id=31) is activated for Crtc(id=98), could not be used for Crtc (id=167)
2026-03-23 14:20:53.279   843-843   hwc-drm-plane           and...graphics.composer@2.4-service  W  IsCrtcSupported: This Plane(id=100) is activated for Crtc(id=167), could not be used for Crtc (id=98)
2026-03-23 14:20:53.279   843-843   chatty                  and...graphics.composer@2.4-service  I  uid=1000(system) composer@2.4-se identical 1 line
2026-03-23 14:20:53.279   843-843   hwc-drm-plane           and...graphics.composer@2.4-service  W  IsCrtcSupported: This Plane(id=100) is activated for Crtc(id=167), could not be used for Crtc (id=98)
2026-03-23 14:20:53.296   843-843   hwc-drm-plane           and...graphics.composer@2.4-service  W  IsCrtcSupported: This Plane(id=31) is activated for Crtc(id=98), could not be used for Crtc (id=167)
2026-03-23 14:20:53.296   843-843   chatty                  and...graphics.composer@2.4-service  I  uid=1000(system) composer@2.4-se identical 1 line
2026-03-23 14:20:53.296   843-843   hwc-drm-plane           and...graphics.composer@2.4-service  W  IsCrtcSupported: This Plane(id=31) is activated for Crtc(id=98), could not be used for Crtc (id=167)
2026-03-23 14:20:53.296   843-843   hwc-drm-plane           and...graphics.composer@2.4-service  W  IsCrtcSupported: This Plane(id=100) is activated for Crtc(id=167), could not be used for Crtc (id=98)
2026-03-23 14:20:53.296   843-843   chatty                  and...graphics.composer@2.4-service  I  uid=1000(system) composer@2.4-se identical 1 line
2026-03-23 14:20:53.296   843-843   hwc-drm-plane           and...graphics.composer@2.4-service  W  IsCrtcSupported: This Plane(id=100) is activated for Crtc(id=167), could not be used for Crtc (id=98)
2026-03-23 14:20:53.312   843-843   hwc-drm-plane           and...graphics.composer@2.4-service  W  IsCrtcSupported: This Plane(id=31) is activated for Crtc(id=98), could not be used for Crtc (id=167)
2026-03-23 14:20:53.312   843-843   chatty                  and...graphics.composer@2.4-service  I  uid=1000(system) composer@2.4-se identical 1 line
2026-03-23 14:20:53.312   843-843   hwc-drm-plane           and...graphics.composer@2.4-service  W  IsCrtcSupported: This Plane(id=31) is activated for Crtc(id=98), could not be used for Crtc (id=167)
2026-03-23 14:20:53.313   843-843   hwc-drm-plane           and...graphics.composer@2.4-service  W  IsCrtcSupported: This Plane(id=100) is activated for Crtc(id=167), could not be used for Crtc (id=98)
2026-03-23 14:20:53.313   843-843   chatty                  and...graphics.composer@2.4-service  I  uid=1000(system) composer@2.4-se identical 1 line
2026-03-23 14:20:53.313   843-843   hwc-drm-plane           and...graphics.composer@2.4-service  W  IsCrtcSupported: This Plane(id=100) is activated for Crtc(id=167), could not be used for Crtc (id=98)
2026-03-23 14:20:53.320  1035-1473  AudioSystem-JNI         system_server                        E  AudioSystem::listAudioPorts error -19
2026-03-23 14:20:53.320  1035-1473  AudioManager            system_server                        W  updateAudioPortCache: listAudioPorts failed
2026-03-23 14:20:53.329   843-843   hwc-drm-plane           and...graphics.composer@2.4-service  W  IsCrtcSupported: This Plane(id=31) is activated for Crtc(id=98), could not be used for Crtc (id=167)
2026-03-23 14:20:53.329   843-843   chatty                  and...graphics.composer@2.4-service  I  uid=1000(system) composer@2.4-se identical 1 line
2026-03-23 14:20:53.329   843-843   hwc-drm-plane           and...graphics.composer@2.4-service  W  IsCrtcSupported: This Plane(id=31) is activated for Crtc(id=98), could not be used for Crtc (id=167)
2026-03-23 14:20:53.329   843-843   hwc-drm-plane           and...graphics.composer@2.4-service  W  IsCrtcSupported: This Plane(id=100) is activated for Crtc(id=167), could not be used for Crtc (id=98)
2026-03-23 14:20:53.329   843-843   chatty                  and...graphics.composer@2.4-service  I  uid=1000(system) composer@2.4-se identical 1 line
2026-03-23 14:20:53.329   843-843   hwc-drm-plane           and...graphics.composer@2.4-service  W  IsCrtcSupported: This Plane(id=100) is activated for Crtc(id=167), could not be used for Crtc (id=98)
2026-03-23 14:20:53.345   843-843   hwc-drm-plane           and...graphics.composer@2.4-service  W  IsCrtcSupported: This Plane(id=31) is activated for Crtc(id=98), could not be used for Crtc (id=167)
2026-03-23 14:20:53.345   843-843   chatty                  and...graphics.composer@2.4-service  I  uid=1000(system) composer@2.4-se identical 1 line
2026-03-23 14:20:53.346   843-843   hwc-drm-plane           and...graphics.composer@2.4-service  W  IsCrtcSupported: This Plane(id=31) is activated for Crtc(id=98), could not be used for Crtc (id=167)
2026-03-23 14:20:53.346   843-843   hwc-drm-plane           and...graphics.composer@2.4-service  W  IsCrtcSupported: This Plane(id=100) is activated for Crtc(id=167), could not be used for Crtc (id=98)
2026-03-23 14:20:53.346   843-843   chatty                  and...graphics.composer@2.4-service  I  uid=1000(system) composer@2.4-se identical 1 line
2026-03-23 14:20:53.346   843-843   hwc-drm-plane           and...graphics.composer@2.4-service  W  IsCrtcSupported: This Plane(id=100) is activated for Crtc(id=167), could not be used for Crtc (id=98)
2026-03-23 14:20:53.362   843-843   hwc-drm-plane           and...graphics.composer@2.4-service  W  IsCrtcSupported: This Plane(id=31) is activated for Crtc(id=98), could not be used for Crtc (id=167)
2026-03-23 14:20:53.362   843-843   chatty                  and...graphics.composer@2.4-service  I  uid=1000(system) composer@2.4-se identical 1 line
2026-03-23 14:20:53.362   843-843   hwc-drm-plane           and...graphics.composer@2.4-service  W  IsCrtcSupported: This Plane(id=31) is activated for Crtc(id=98), could not be used for Crtc (id=167)
2026-03-23 14:20:53.362   843-843   hwc-drm-plane           and...graphics.composer@2.4-service  W  IsCrtcSupported: This Plane(id=100) is activated for Crtc(id=167), could not be used for Crtc (id=98)
2026-03-23 14:20:53.362   843-843   chatty                  and...graphics.composer@2.4-service  I  uid=1000(system) composer@2.4-se identical 1 line
2026-03-23 14:20:53.363   843-843   hwc-drm-plane           and...graphics.composer@2.4-service  W  IsCrtcSupported: This Plane(id=100) is activated for Crtc(id=167), could not be used for Crtc (id=98)
2026-03-23 14:20:53.379   843-843   hwc-drm-plane           and...graphics.composer@2.4-service  W  IsCrtcSupported: This Plane(id=31) is activated for Crtc(id=98), could not be used for Crtc (id=167)
2026-03-23 14:20:53.379   843-843   chatty                  and...graphics.composer@2.4-service  I  uid=1000(system) composer@2.4-se identical 1 line
2026-03-23 14:20:53.379   843-843   hwc-drm-plane           and...graphics.composer@2.4-service  W  IsCrtcSupported: This Plane(id=31) is activated for Crtc(id=98), could not be used for Crtc (id=167)
2026-03-23 14:20:53.379   843-843   hwc-drm-plane           and...graphics.composer@2.4-service  W  IsCrtcSupported: This Plane(id=100) is activated for Crtc(id=167), could not be used for Crtc (id=98)
2026-03-23 14:20:53.379   843-843   chatty                  and...graphics.composer@2.4-service  I  uid=1000(system) composer@2.4-se identical 1 line
2026-03-23 14:20:53.379   843-843   hwc-drm-plane           and...graphics.composer@2.4-service  W  IsCrtcSupported: This Plane(id=100) is activated for Crtc(id=167), could not be used for Crtc (id=98)
2026-03-23 14:20:53.395   843-843   hwc-drm-plane           and...graphics.composer@2.4-service  W  IsCrtcSupported: This Plane(id=31) is activated for Crtc(id=98), could not be used for Crtc (id=167)
2026-03-23 14:20:53.395   843-843   chatty                  and...graphics.composer@2.4-service  I  uid=1000(system) composer@2.4-se identical 1 line
2026-03-23 14:20:53.395   843-843   hwc-drm-plane           and...graphics.composer@2.4-service  W  IsCrtcSupported: This Plane(id=31) is activated for Crtc(id=98), could not be used for Crtc (id=167)
2026-03-23 14:20:53.396   843-843   hwc-drm-plane           and...graphics.composer@2.4-service  W  IsCrtcSupported: This Plane(id=100) is activated for Crtc(id=167), could not be used for Crtc (id=98)
2026-03-23 14:20:53.396   843-843   chatty                  and...graphics.composer@2.4-service  I  uid=1000(system) composer@2.4-se identical 1 line
2026-03-23 14:20:53.396   843-843   hwc-drm-plane           and...graphics.composer@2.4-service  W  IsCrtcSupported: This Plane(id=100) is activated for Crtc(id=167), could not be used for Crtc (id=98)
2026-03-23 14:20:53.412   843-843   hwc-drm-plane           and...graphics.composer@2.4-service  W  IsCrtcSupported: This Plane(id=31) is activated for Crtc(id=98), could not be used for Crtc (id=167)
2026-03-23 14:20:53.412   843-843   chatty                  and...graphics.composer@2.4-service  I  uid=1000(system) composer@2.4-se identical 1 line
2026-03-23 14:20:53.412   843-843   hwc-drm-plane           and...graphics.composer@2.4-service  W  IsCrtcSupported: This Plane(id=31) is activated for Crtc(id=98), could not be used for Crtc (id=167)
2026-03-23 14:20:53.412   843-843   hwc-drm-plane           and...graphics.composer@2.4-service  W  IsCrtcSupported: This Plane(id=100) is activated for Crtc(id=167), could not be used for Crtc (id=98)
2026-03-23 14:20:53.412   843-843   chatty                  and...graphics.composer@2.4-service  I  uid=1000(system) composer@2.4-se identical 1 line
2026-03-23 14:20:53.412   843-843   hwc-drm-plane           and...graphics.composer@2.4-service  W  IsCrtcSupported: This Plane(id=100) is activated for Crtc(id=167), could not be used for Crtc (id=98)
2026-03-23 14:20:53.421  1035-1473  AudioSystem-JNI         system_server                        E  AudioSystem::listAudioPorts error -19
2026-03-23 14:20:53.421  1035-1473  AudioManager            system_server                        W  updateAudioPortCache: listAudioPorts failed
2026-03-23 14:20:53.428 15042-15042 AndroidRuntime          pid-15042                            D  >>>>>> START com.android.internal.os.RuntimeInit uid 2000 <<<<<<
2026-03-23 14:20:53.429   843-843   hwc-drm-plane           and...graphics.composer@2.4-service  W  IsCrtcSupported: This Plane(id=31) is activated for Crtc(id=98), could not be used for Crtc (id=167)
2026-03-23 14:20:53.429   843-843   chatty                  and...graphics.composer@2.4-service  I  uid=1000(system) composer@2.4-se identical 1 line
2026-03-23 14:20:53.429   843-843   hwc-drm-plane           and...graphics.composer@2.4-service  W  IsCrtcSupported: This Plane(id=31) is activated for Crtc(id=98), could not be used for Crtc (id=167)
2026-03-23 14:20:53.429   843-843   hwc-drm-plane           and...graphics.composer@2.4-service  W  IsCrtcSupported: This Plane(id=100) is activated for Crtc(id=167), could not be used for Crtc (id=98)
2026-03-23 14:20:53.429   843-843   chatty                  and...graphics.composer@2.4-service  I  uid=1000(system) composer@2.4-se identical 1 line
2026-03-23 14:20:53.429   843-843   hwc-drm-plane           and...graphics.composer@2.4-service  W  IsCrtcSupported: This Plane(id=100) is activated for Crtc(id=167), could not be used for Crtc (id=98)
2026-03-23 14:20:53.429 15042-15042 AndroidRuntime          pid-15042                            I  Using default boot image
2026-03-23 14:20:53.429 15042-15042 AndroidRuntime          pid-15042                            I  Leaving lock profiling enabled
2026-03-23 14:20:53.445   843-843   hwc-drm-plane           and...graphics.composer@2.4-service  W  IsCrtcSupported: This Plane(id=31) is activated for Crtc(id=98), could not be used for Crtc (id=167)
2026-03-23 14:20:53.445   843-843   chatty                  and...graphics.composer@2.4-service  I  uid=1000(system) composer@2.4-se identical 1 line
2026-03-23 14:20:53.445   843-843   hwc-drm-plane           and...graphics.composer@2.4-service  W  IsCrtcSupported: This Plane(id=31) is activated for Crtc(id=98), could not be used for Crtc (id=167)
2026-03-23 14:20:53.446   843-843   hwc-drm-plane           and...graphics.composer@2.4-service  W  IsCrtcSupported: This Plane(id=100) is activated for Crtc(id=167), could not be used for Crtc (id=98)
2026-03-23 14:20:53.446   843-843   chatty                  and...graphics.composer@2.4-service  I  uid=1000(system) composer@2.4-se identical 1 line
2026-03-23 14:20:53.446   843-843   hwc-drm-plane           and...graphics.composer@2.4-service  W  IsCrtcSupported: This Plane(id=100) is activated for Crtc(id=167), could not be used for Crtc (id=98)
2026-03-23 14:20:53.462   843-843   hwc-drm-plane           and...graphics.composer@2.4-service  W  IsCrtcSupported: This Plane(id=31) is activated for Crtc(id=98), could not be used for Crtc (id=167)
2026-03-23 14:20:53.462   843-843   chatty                  and...graphics.composer@2.4-service  I  uid=1000(system) composer@2.4-se identical 1 line
2026-03-23 14:20:53.462   843-843   hwc-drm-plane           and...graphics.composer@2.4-service  W  IsCrtcSupported: This Plane(id=31) is activated for Crtc(id=98), could not be used for Crtc (id=167)
2026-03-23 14:20:53.462   843-843   hwc-drm-plane           and...graphics.composer@2.4-service  W  IsCrtcSupported: This Plane(id=100) is activated for Crtc(id=167), could not be used for Crtc (id=98)
2026-03-23 14:20:53.462   843-843   chatty                  and...graphics.composer@2.4-service  I  uid=1000(system) composer@2.4-se identical 1 line
2026-03-23 14:20:53.462   843-843   hwc-drm-plane           and...graphics.composer@2.4-service  W  IsCrtcSupported: This Plane(id=100) is activated for Crtc(id=167), could not be used for Crtc (id=98)
2026-03-23 14:20:53.479   843-843   hwc-drm-plane           and...graphics.composer@2.4-service  W  IsCrtcSupported: This Plane(id=31) is activated for Crtc(id=98), could not be used for Crtc (id=167)
2026-03-23 14:20:53.479   843-843   chatty                  and...graphics.composer@2.4-service  I  uid=1000(system) composer@2.4-se identical 1 line
2026-03-23 14:20:53.479   843-843   hwc-drm-plane           and...graphics.composer@2.4-service  W  IsCrtcSupported: This Plane(id=31) is activated for Crtc(id=98), could not be used for Crtc (id=167)
2026-03-23 14:20:53.479   843-843   hwc-drm-plane           and...graphics.composer@2.4-service  W  IsCrtcSupported: This Plane(id=100) is activated for Crtc(id=167), could not be used for Crtc (id=98)
2026-03-23 14:20:53.479   843-843   chatty                  and...graphics.composer@2.4-service  I  uid=1000(system) composer@2.4-se identical 1 line
2026-03-23 14:20:53.479   843-843   hwc-drm-plane           and...graphics.composer@2.4-service  W  IsCrtcSupported: This Plane(id=100) is activated for Crtc(id=167), could not be used for Crtc (id=98)
2026-03-23 14:20:53.483 15042-15042 app_process             pid-15042                            D  Time zone APEX ICU file found: /apex/com.android.tzdata/etc/icu/icu_tzdata.dat
2026-03-23 14:20:53.483 15042-15042 app_process             pid-15042                            D  I18n APEX ICU file found: /apex/com.android.i18n/etc/icu/icudt66l.dat
2026-03-23 14:20:53.486 15042-15042 app_process             pid-15042                            W  Unexpected CPU variant for X86 using defaults: x86_64
2026-03-23 14:20:53.487 15042-15042 app_process             pid-15042                            I  The ClassLoaderContext is a special shared library.
2026-03-23 14:20:53.495 15042-15042 app_process             pid-15042                            W  JNI RegisterNativeMethods: attempt to register 0 native methods for android.media.AudioAttributes
2026-03-23 14:20:53.495   843-843   hwc-drm-plane           and...graphics.composer@2.4-service  W  IsCrtcSupported: This Plane(id=31) is activated for Crtc(id=98), could not be used for Crtc (id=167)
2026-03-23 14:20:53.495   843-843   chatty                  and...graphics.composer@2.4-service  I  uid=1000(system) composer@2.4-se identical 1 line
2026-03-23 14:20:53.495   843-843   hwc-drm-plane           and...graphics.composer@2.4-service  W  IsCrtcSupported: This Plane(id=31) is activated for Crtc(id=98), could not be used for Crtc (id=167)
2026-03-23 14:20:53.496   843-843   hwc-drm-plane           and...graphics.composer@2.4-service  W  IsCrtcSupported: This Plane(id=100) is activated for Crtc(id=167), could not be used for Crtc (id=98)
2026-03-23 14:20:53.496   843-843   chatty                  and...graphics.composer@2.4-service  I  uid=1000(system) composer@2.4-se identical 1 line
2026-03-23 14:20:53.496   843-843   hwc-drm-plane           and...graphics.composer@2.4-service  W  IsCrtcSupported: This Plane(id=100) is activated for Crtc(id=167), could not be used for Crtc (id=98)
2026-03-23 14:20:53.499 15042-15042 AndroidRuntime          pid-15042                            D  Calling main entry com.android.commands.input.Input
2026-03-23 14:20:53.503 15042-15042 AndroidRuntime          pid-15042                            D  Shutting down VM
2026-03-23 14:20:53.516  1035-1119  AudioSystem             system_server                        E  no strategy found for attributes { Content type: AUDIO_CONTENT_TYPE_SONIFICATION Usage: AUDIO_USAGE_ASSISTANCE_SONIFICATION Source: AUDIO_SOURCE_DEFAULT Flags: 0x800 Tags:  }
2026-03-23 14:20:53.517  1255-27705 AudioFlinger            audioserver                          E  createTrack() getOutputForAttr() return error -19 or invalid output handle
2026-03-23 14:20:53.517  1035-1119  IAudioFlinger           system_server                        E  createTrack returned error -19
2026-03-23 14:20:53.517  1035-1119  AudioTrack              system_server                        E  createTrack_l(0): AudioFlinger could not create track, status: -19 output 0
2026-03-23 14:20:53.517  1035-1119  SoundPool::Stream       system_server                        E  play_l: error creating AudioTrack
2026-03-23 14:20:53.517  1035-1119  AudioTrack              system_server                        D  gather(): no metrics gathered, track status=-19
2026-03-23 14:20:53.521  1035-1473  AudioSystem-JNI         system_server                        E  AudioSystem::listAudioPorts error -19
2026-03-23 14:20:53.521  1035-1473  AudioManager            system_server                        W  updateAudioPortCache: listAudioPorts failed
2026-03-23 14:20:53.562   843-843   hwc-drm-plane           and...graphics.composer@2.4-service  W  IsCrtcSupported: This Plane(id=31) is activated for Crtc(id=98), could not be used for Crtc (id=167)
2026-03-23 14:20:53.562   843-843   chatty                  and...graphics.composer@2.4-service  I  uid=1000(system) composer@2.4-se identical 1 line
2026-03-23 14:20:53.562   843-843   hwc-drm-plane           and...graphics.composer@2.4-service  W  IsCrtcSupported: This Plane(id=31) is activated for Crtc(id=98), could not be used for Crtc (id=167)
2026-03-23 14:20:53.562   843-843   hwc-drm-plane           and...graphics.composer@2.4-service  W  IsCrtcSupported: This Plane(id=100) is activated for Crtc(id=167), could not be used for Crtc (id=98)
2026-03-23 14:20:53.562   843-843   chatty                  and...graphics.composer@2.4-service  I  uid=1000(system) composer@2.4-se identical 1 line
2026-03-23 14:20:53.562   843-843   hwc-drm-plane           and...graphics.composer@2.4-service  W  IsCrtcSupported: This Plane(id=100) is activated for Crtc(id=167), could not be used for Crtc (id=98)
2026-03-23 14:20:53.622  1035-1473  AudioSystem-JNI         system_server                        E  AudioSystem::listAudioPorts error -19
2026-03-23 14:20:53.622  1035-1473  AudioManager            system_server                        W  updateAudioPortCache: listAudioPorts failed
2026-03-23 14:20:53.679   843-843   hwc-drm-plane           and...graphics.composer@2.4-service  W  IsCrtcSupported: This Plane(id=31) is activated for Crtc(id=98), could not be used for Crtc (id=167)
2026-03-23 14:20:53.679   843-843   chatty                  and...graphics.composer@2.4-service  I  uid=1000(system) composer@2.4-se identical 1 line
2026-03-23 14:20:53.679   843-843   hwc-drm-plane           and...graphics.composer@2.4-service  W  IsCrtcSupported: This Plane(id=31) is activated for Crtc(id=98), could not be used for Crtc (id=167)
2026-03-23 14:20:53.679   843-843   hwc-drm-plane           and...graphics.composer@2.4-service  W  IsCrtcSupported: This Plane(id=100) is activated for Crtc(id=167), could not be used for Crtc (id=98)
2026-03-23 14:20:53.679   843-843   chatty                  and...graphics.composer@2.4-service  I  uid=1000(system) composer@2.4-se identical 1 line
2026-03-23 14:20:53.679   843-843   hwc-drm-plane           and...graphics.composer@2.4-service  W  IsCrtcSupported: This Plane(id=100) is activated for Crtc(id=167), could not be used for Crtc (id=98)
2026-03-23 14:20:53.722  1035-1473  AudioSystem-JNI         system_server                        E  AudioSystem::listAudioPorts error -19
2026-03-23 14:20:53.722  1035-1473  AudioManager            system_server                        W  updateAudioPortCache: listAudioPorts failed
2026-03-23 14:20:53.823  1035-1473  AudioSystem-JNI         system_server                        E  AudioSystem::listAudioPorts error -19
2026-03-23 14:20:53.823  1035-1473  AudioManager            system_server                        W  updateAudioPortCache: listAudioPorts failed
2026-03-23 14:20:53.923  1035-1473  AudioSystem-JNI         system_server                        E  AudioSystem::listAudioPorts error -19
2026-03-23 14:20:53.923  1035-1473  AudioManager            system_server                        W  updateAudioPortCache: listAudioPorts failed
2026-03-23 14:20:53.962   843-843   hwc-drm-plane           and...graphics.composer@2.4-service  W  IsCrtcSupported: This Plane(id=31) is activated for Crtc(id=98), could not be used for Crtc (id=167)
2026-03-23 14:20:53.962   843-843   chatty                  and...graphics.composer@2.4-service  I  uid=1000(system) composer@2.4-se identical 1 line
2026-03-23 14:20:53.962   843-843   hwc-drm-plane           and...graphics.composer@2.4-service  W  IsCrtcSupported: This Plane(id=31) is activated for Crtc(id=98), could not be used for Crtc (id=167)
2026-03-23 14:20:53.962   843-843   hwc-drm-plane           and...graphics.composer@2.4-service  W  IsCrtcSupported: This Plane(id=100) is activated for Crtc(id=167), could not be used for Crtc (id=98)
2026-03-23 14:20:53.962   843-843   chatty                  and...graphics.composer@2.4-service  I  uid=1000(system) composer@2.4-se identical 1 line
2026-03-23 14:20:53.962   843-843   hwc-drm-plane           and...graphics.composer@2.4-service  W  IsCrtcSupported: This Plane(id=100) is activated for Crtc(id=167), could not be used for Crtc (id=98)
2026-03-23 14:20:54.024  1035-1473  AudioSystem-JNI         system_server                        E  AudioSystem::listAudioPorts error -19
2026-03-23 14:20:54.024  1035-1473  AudioManager            system_server                        W  updateAudioPortCache: listAudioPorts failed
2026-03-23 14:20:54.124  1035-1473  AudioSystem-JNI         system_server                        E  AudioSystem::listAudioPorts error -19
2026-03-23 14:20:54.124  1035-1473  AudioManager            system_server                        W  updateAudioPortCache: listAudioPorts failed
2026-03-23 14:20:54.128   843-843   hwc-drm-plane           and...graphics.composer@2.4-service  W  IsCrtcSupported: This Plane(id=31) is activated for Crtc(id=98), could not be used for Crtc (id=167)
2026-03-23 14:20:54.128   843-843   chatty                  and...graphics.composer@2.4-service  I  uid=1000(system) composer@2.4-se identical 1 line
2026-03-23 14:20:54.128   843-843   hwc-drm-plane           and...graphics.composer@2.4-service  W  IsCrtcSupported: This Plane(id=31) is activated for Crtc(id=98), could not be used for Crtc (id=167)
2026-03-23 14:20:54.128   843-843   hwc-drm-plane           and...graphics.composer@2.4-service  W  IsCrtcSupported: This Plane(id=100) is activated for Crtc(id=167), could not be used for Crtc (id=98)
2026-03-23 14:20:54.128   843-843   chatty                  and...graphics.composer@2.4-service  I  uid=1000(system) composer@2.4-se identical 1 line
2026-03-23 14:20:54.129   843-843   hwc-drm-plane           and...graphics.composer@2.4-service  W  IsCrtcSupported: This Plane(id=100) is activated for Crtc(id=167), could not be used for Crtc (id=98)
2026-03-23 14:20:54.145   843-843   hwc-drm-plane           and...graphics.composer@2.4-service  W  IsCrtcSupported: This Plane(id=31) is activated for Crtc(id=98), could not be used for Crtc (id=167)
2026-03-23 14:20:54.145   843-843   chatty                  and...graphics.composer@2.4-service  I  uid=1000(system) composer@2.4-se identical 1 line
2026-03-23 14:20:54.145   843-843   hwc-drm-plane           and...graphics.composer@2.4-service  W  IsCrtcSupported: This Plane(id=31) is activated for Crtc(id=98), could not be used for Crtc (id=167)
2026-03-23 14:20:54.145   843-843   hwc-drm-plane           and...graphics.composer@2.4-service  W  IsCrtcSupported: This Plane(id=100) is activated for Crtc(id=167), could not be used for Crtc (id=98)
2026-03-23 14:20:54.145   843-843   chatty                  and...graphics.composer@2.4-service  I  uid=1000(system) composer@2.4-se identical 1 line
2026-03-23 14:20:54.145   843-843   hwc-drm-plane           and...graphics.composer@2.4-service  W  IsCrtcSupported: This Plane(id=100) is activated for Crtc(id=167), could not be used for Crtc (id=98)
2026-03-23 14:20:54.162   843-843   hwc-drm-plane           and...graphics.composer@2.4-service  W  IsCrtcSupported: This Plane(id=31) is activated for Crtc(id=98), could not be used for Crtc (id=167)
2026-03-23 14:20:54.162   843-843   chatty                  and...graphics.composer@2.4-service  I  uid=1000(system) composer@2.4-se identical 1 line
2026-03-23 14:20:54.162   843-843   hwc-drm-plane           and...graphics.composer@2.4-service  W  IsCrtcSupported: This Plane(id=31) is activated for Crtc(id=98), could not be used for Crtc (id=167)
2026-03-23 14:20:54.162   843-843   hwc-drm-plane           and...graphics.composer@2.4-service  W  IsCrtcSupported: This Plane(id=100) is activated for Crtc(id=167), could not be used for Crtc (id=98)
2026-03-23 14:20:54.162   843-843   chatty                  and...graphics.composer@2.4-service  I  uid=1000(system) composer@2.4-se identical 1 line
2026-03-23 14:20:54.162   843-843   hwc-drm-plane           and...graphics.composer@2.4-service  W  IsCrtcSupported: This Plane(id=100) is activated for Crtc(id=167), could not be used for Crtc (id=98)
2026-03-23 14:20:54.178   843-843   hwc-drm-plane           and...graphics.composer@2.4-service  W  IsCrtcSupported: This Plane(id=31) is activated for Crtc(id=98), could not be used for Crtc (id=167)
2026-03-23 14:20:54.178   843-843   chatty                  and...graphics.composer@2.4-service  I  uid=1000(system) composer@2.4-se identical 1 line
2026-03-23 14:20:54.178   843-843   hwc-drm-plane           and...graphics.composer@2.4-service  W  IsCrtcSupported: This Plane(id=31) is activated for Crtc(id=98), could not be used for Crtc (id=167)
2026-03-23 14:20:54.179   843-843   hwc-drm-plane           and...graphics.composer@2.4-service  W  IsCrtcSupported: This Plane(id=100) is activated for Crtc(id=167), could not be used for Crtc (id=98)
2026-03-23 14:20:54.179   843-843   chatty                  and...graphics.composer@2.4-service  I  uid=1000(system) composer@2.4-se identical 1 line
2026-03-23 14:20:54.179   843-843   hwc-drm-plane           and...graphics.composer@2.4-service  W  IsCrtcSupported: This Plane(id=100) is activated for Crtc(id=167), could not be used for Crtc (id=98)
2026-03-23 14:20:54.195   843-843   hwc-drm-plane           and...graphics.composer@2.4-service  W  IsCrtcSupported: This Plane(id=31) is activated for Crtc(id=98), could not be used for Crtc (id=167)
2026-03-23 14:20:54.195   843-843   chatty                  and...graphics.composer@2.4-service  I  uid=1000(system) composer@2.4-se identical 1 line
2026-03-23 14:20:54.195   843-843   hwc-drm-plane           and...graphics.composer@2.4-service  W  IsCrtcSupported: This Plane(id=31) is activated for Crtc(id=98), could not be used for Crtc (id=167)
2026-03-23 14:20:54.195   843-843   hwc-drm-plane           and...graphics.composer@2.4-service  W  IsCrtcSupported: This Plane(id=100) is activated for Crtc(id=167), could not be used for Crtc (id=98)
2026-03-23 14:20:54.195   843-843   chatty                  and...graphics.composer@2.4-service  I  uid=1000(system) composer@2.4-se identical 1 line
2026-03-23 14:20:54.195   843-843   hwc-drm-plane           and...graphics.composer@2.4-service  W  IsCrtcSupported: This Plane(id=100) is activated for Crtc(id=167), could not be used for Crtc (id=98)
2026-03-23 14:20:54.211   843-843   hwc-drm-plane           and...graphics.composer@2.4-service  W  IsCrtcSupported: This Plane(id=31) is activated for Crtc(id=98), could not be used for Crtc (id=167)
2026-03-23 14:20:54.211   843-843   chatty                  and...graphics.composer@2.4-service  I  uid=1000(system) composer@2.4-se identical 1 line
2026-03-23 14:20:54.212   843-843   hwc-drm-plane           and...graphics.composer@2.4-service  W  IsCrtcSupported: This Plane(id=31) is activated for Crtc(id=98), could not be used for Crtc (id=167)
2026-03-23 14:20:54.212   843-843   hwc-drm-plane           and...graphics.composer@2.4-service  W  IsCrtcSupported: This Plane(id=100) is activated for Crtc(id=167), could not be used for Crtc (id=98)
2026-03-23 14:20:54.212   843-843   chatty                  and...graphics.composer@2.4-service  I  uid=1000(system) composer@2.4-se identical 1 line
2026-03-23 14:20:54.212   843-843   hwc-drm-plane           and...graphics.composer@2.4-service  W  IsCrtcSupported: This Plane(id=100) is activated for Crtc(id=167), could not be used for Crtc (id=98)
2026-03-23 14:20:54.225  1035-1473  AudioSystem-JNI         system_server                        E  AudioSystem::listAudioPorts error -19
2026-03-23 14:20:54.225  1035-1473  AudioManager            system_server                        W  updateAudioPortCache: listAudioPorts failed
2026-03-23 14:20:54.228   843-843   hwc-drm-plane           and...graphics.composer@2.4-service  W  IsCrtcSupported: This Plane(id=31) is activated for Crtc(id=98), could not be used for Crtc (id=167)
2026-03-23 14:20:54.228   843-843   chatty                  and...graphics.composer@2.4-service  I  uid=1000(system) composer@2.4-se identical 1 line
2026-03-23 14:20:54.228   843-843   hwc-drm-plane           and...graphics.composer@2.4-service  W  IsCrtcSupported: This Plane(id=31) is activated for Crtc(id=98), could not be used for Crtc (id=167)
2026-03-23 14:20:54.228   843-843   hwc-drm-plane           and...graphics.composer@2.4-service  W  IsCrtcSupported: This Plane(id=100) is activated for Crtc(id=167), could not be used for Crtc (id=98)
2026-03-23 14:20:54.228   843-843   chatty                  and...graphics.composer@2.4-service  I  uid=1000(system) composer@2.4-se identical 1 line
2026-03-23 14:20:54.229   843-843   hwc-drm-plane           and...graphics.composer@2.4-service  W  IsCrtcSupported: This Plane(id=100) is activated for Crtc(id=167), could not be used for Crtc (id=98)
2026-03-23 14:20:54.245   843-843   hwc-drm-plane           and...graphics.composer@2.4-service  W  IsCrtcSupported: This Plane(id=31) is activated for Crtc(id=98), could not be used for Crtc (id=167)
2026-03-23 14:20:54.245   843-843   chatty                  and...graphics.composer@2.4-service  I  uid=1000(system) composer@2.4-se identical 1 line
2026-03-23 14:20:54.245   843-843   hwc-drm-plane           and...graphics.composer@2.4-service  W  IsCrtcSupported: This Plane(id=31) is activated for Crtc(id=98), could not be used for Crtc (id=167)
2026-03-23 14:20:54.245   843-843   hwc-drm-plane           and...graphics.composer@2.4-service  W  IsCrtcSupported: This Plane(id=100) is activated for Crtc(id=167), could not be used for Crtc (id=98)
2026-03-23 14:20:54.245   843-843   chatty                  and...graphics.composer@2.4-service  I  uid=1000(system) composer@2.4-se identical 1 line
2026-03-23 14:20:54.245   843-843   hwc-drm-plane           and...graphics.composer@2.4-service  W  IsCrtcSupported: This Plane(id=100) is activated for Crtc(id=167), could not be used for Crtc (id=98)
2026-03-23 14:20:54.261   843-843   hwc-drm-plane           and...graphics.composer@2.4-service  W  IsCrtcSupported: This Plane(id=31) is activated for Crtc(id=98), could not be used for Crtc (id=167)
2026-03-23 14:20:54.261   843-843   chatty                  and...graphics.composer@2.4-service  I  uid=1000(system) composer@2.4-se identical 1 line
2026-03-23 14:20:54.262   843-843   hwc-drm-plane           and...graphics.composer@2.4-service  W  IsCrtcSupported: This Plane(id=31) is activated for Crtc(id=98), could not be used for Crtc (id=167)
2026-03-23 14:20:54.262   843-843   hwc-drm-plane           and...graphics.composer@2.4-service  W  IsCrtcSupported: This Plane(id=100) is activated for Crtc(id=167), could not be used for Crtc (id=98)
2026-03-23 14:20:54.262   843-843   chatty                  and...graphics.composer@2.4-service  I  uid=1000(system) composer@2.4-se identical 1 line
2026-03-23 14:20:54.262   843-843   hwc-drm-plane           and...graphics.composer@2.4-service  W  IsCrtcSupported: This Plane(id=100) is activated for Crtc(id=167), could not be used for Crtc (id=98)
2026-03-23 14:20:54.278   843-843   hwc-drm-plane           and...graphics.composer@2.4-service  W  IsCrtcSupported: This Plane(id=31) is activated for Crtc(id=98), could not be used for Crtc (id=167)
2026-03-23 14:20:54.278   843-843   chatty                  and...graphics.composer@2.4-service  I  uid=1000(system) composer@2.4-se identical 1 line
2026-03-23 14:20:54.278   843-843   hwc-drm-plane           and...graphics.composer@2.4-service  W  IsCrtcSupported: This Plane(id=31) is activated for Crtc(id=98), could not be used for Crtc (id=167)
2026-03-23 14:20:54.278   843-843   hwc-drm-plane           and...graphics.composer@2.4-service  W  IsCrtcSupported: This Plane(id=100) is activated for Crtc(id=167), could not be used for Crtc (id=98)
2026-03-23 14:20:54.278   843-843   chatty                  and...graphics.composer@2.4-service  I  uid=1000(system) composer@2.4-se identical 1 line
2026-03-23 14:20:54.278   843-843   hwc-drm-plane           and...graphics.composer@2.4-service  W  IsCrtcSupported: This Plane(id=100) is activated for Crtc(id=167), could not be used for Crtc (id=98)
2026-03-23 14:20:54.295   843-843   hwc-drm-plane           and...graphics.composer@2.4-service  W  IsCrtcSupported: This Plane(id=31) is activated for Crtc(id=98), could not be used for Crtc (id=167)
2026-03-23 14:20:54.295   843-843   chatty                  and...graphics.composer@2.4-service  I  uid=1000(system) composer@2.4-se identical 1 line
2026-03-23 14:20:54.295   843-843   hwc-drm-plane           and...graphics.composer@2.4-service  W  IsCrtcSupported: This Plane(id=31) is activated for Crtc(id=98), could not be used for Crtc (id=167)
2026-03-23 14:20:54.295   843-843   hwc-drm-plane           and...graphics.composer@2.4-service  W  IsCrtcSupported: This Plane(id=100) is activated for Crtc(id=167), could not be used for Crtc (id=98)
2026-03-23 14:20:54.295   843-843   chatty                  and...graphics.composer@2.4-service  I  uid=1000(system) composer@2.4-se identical 1 line
2026-03-23 14:20:54.295   843-843   hwc-drm-plane           and...graphics.composer@2.4-service  W  IsCrtcSupported: This Plane(id=100) is activated for Crtc(id=167), could not be used for Crtc (id=98)
2026-03-23 14:20:54.311   843-843   hwc-drm-plane           and...graphics.composer@2.4-service  W  IsCrtcSupported: This Plane(id=31) is activated for Crtc(id=98), could not be used for Crtc (id=167)
2026-03-23 14:20:54.311   843-843   chatty                  and...graphics.composer@2.4-service  I  uid=1000(system) composer@2.4-se identical 1 line
2026-03-23 14:20:54.312   843-843   hwc-drm-plane           and...graphics.composer@2.4-service  W  IsCrtcSupported: This Plane(id=31) is activated for Crtc(id=98), could not be used for Crtc (id=167)
2026-03-23 14:20:54.312   843-843   hwc-drm-plane           and...graphics.composer@2.4-service  W  IsCrtcSupported: This Plane(id=100) is activated for Crtc(id=167), could not be used for Crtc (id=98)
2026-03-23 14:20:54.312   843-843   chatty                  and...graphics.composer@2.4-service  I  uid=1000(system) composer@2.4-se identical 1 line
2026-03-23 14:20:54.312   843-843   hwc-drm-plane           and...graphics.composer@2.4-service  W  IsCrtcSupported: This Plane(id=100) is activated for Crtc(id=167), could not be used for Crtc (id=98)
2026-03-23 14:20:54.325  1035-1473  AudioSystem-JNI         system_server                        E  AudioSystem::listAudioPorts error -19
2026-03-23 14:20:54.325  1035-1473  AudioManager            system_server                        W  updateAudioPortCache: listAudioPorts failed
2026-03-23 14:20:54.328   843-843   hwc-drm-plane           and...graphics.composer@2.4-service  W  IsCrtcSupported: This Plane(id=31) is activated for Crtc(id=98), could not be used for Crtc (id=167)
2026-03-23 14:20:54.328   843-843   chatty                  and...graphics.composer@2.4-service  I  uid=1000(system) composer@2.4-se identical 1 line
2026-03-23 14:20:54.328   843-843   hwc-drm-plane           and...graphics.composer@2.4-service  W  IsCrtcSupported: This Plane(id=31) is activated for Crtc(id=98), could not be used for Crtc (id=167)
2026-03-23 14:20:54.328   843-843   hwc-drm-plane           and...graphics.composer@2.4-service  W  IsCrtcSupported: This Plane(id=100) is activated for Crtc(id=167), could not be used for Crtc (id=98)
2026-03-23 14:20:54.328   843-843   chatty                  and...graphics.composer@2.4-service  I  uid=1000(system) composer@2.4-se identical 1 line
2026-03-23 14:20:54.328   843-843   hwc-drm-plane           and...graphics.composer@2.4-service  W  IsCrtcSupported: This Plane(id=100) is activated for Crtc(id=167), could not be used for Crtc (id=98)
2026-03-23 14:20:54.345   843-843   hwc-drm-plane           and...graphics.composer@2.4-service  W  IsCrtcSupported: This Plane(id=31) is activated for Crtc(id=98), could not be used for Crtc (id=167)
2026-03-23 14:20:54.345   843-843   chatty                  and...graphics.composer@2.4-service  I  uid=1000(system) composer@2.4-se identical 1 line
2026-03-23 14:20:54.345   843-843   hwc-drm-plane           and...graphics.composer@2.4-service  W  IsCrtcSupported: This Plane(id=31) is activated for Crtc(id=98), could not be used for Crtc (id=167)
2026-03-23 14:20:54.345   843-843   hwc-drm-plane           and...graphics.composer@2.4-service  W  IsCrtcSupported: This Plane(id=100) is activated for Crtc(id=167), could not be used for Crtc (id=98)
2026-03-23 14:20:54.345   843-843   chatty                  and...graphics.composer@2.4-service  I  uid=1000(system) composer@2.4-se identical 1 line
2026-03-23 14:20:54.345   843-843   hwc-drm-plane           and...graphics.composer@2.4-service  W  IsCrtcSupported: This Plane(id=100) is activated for Crtc(id=167), could not be used for Crtc (id=98)
2026-03-23 14:20:54.361   843-843   hwc-drm-plane           and...graphics.composer@2.4-service  W  IsCrtcSupported: This Plane(id=31) is activated for Crtc(id=98), could not be used for Crtc (id=167)
2026-03-23 14:20:54.361   843-843   chatty                  and...graphics.composer@2.4-service  I  uid=1000(system) composer@2.4-se identical 1 line
2026-03-23 14:20:54.361   843-843   hwc-drm-plane           and...graphics.composer@2.4-service  W  IsCrtcSupported: This Plane(id=31) is activated for Crtc(id=98), could not be used for Crtc (id=167)
2026-03-23 14:20:54.362   843-843   hwc-drm-plane           and...graphics.composer@2.4-service  W  IsCrtcSupported: This Plane(id=100) is activated for Crtc(id=167), could not be used for Crtc (id=98)
2026-03-23 14:20:54.362   843-843   chatty                  and...graphics.composer@2.4-service  I  uid=1000(system) composer@2.4-se identical 1 line
2026-03-23 14:20:54.362   843-843   hwc-drm-plane           and...graphics.composer@2.4-service  W  IsCrtcSupported: This Plane(id=100) is activated for Crtc(id=167), could not be used for Crtc (id=98)
2026-03-23 14:20:54.378   843-843   hwc-drm-plane           and...graphics.composer@2.4-service  W  IsCrtcSupported: This Plane(id=31) is activated for Crtc(id=98), could not be used for Crtc (id=167)
2026-03-23 14:20:54.378   843-843   chatty                  and...graphics.composer@2.4-service  I  uid=1000(system) composer@2.4-se identical 1 line
2026-03-23 14:20:54.378   843-843   hwc-drm-plane           and...graphics.composer@2.4-service  W  IsCrtcSupported: This Plane(id=31) is activated for Crtc(id=98), could not be used for Crtc (id=167)
2026-03-23 14:20:54.378   843-843   hwc-drm-plane           and...graphics.composer@2.4-service  W  IsCrtcSupported: This Plane(id=100) is activated for Crtc(id=167), could not be used for Crtc (id=98)
2026-03-23 14:20:54.378   843-843   chatty                  and...graphics.composer@2.4-service  I  uid=1000(system) composer@2.4-se identical 1 line
2026-03-23 14:20:54.378   843-843   hwc-drm-plane           and...graphics.composer@2.4-service  W  IsCrtcSupported: This Plane(id=100) is activated for Crtc(id=167), could not be used for Crtc (id=98)
2026-03-23 14:20:54.395   843-843   hwc-drm-plane           and...graphics.composer@2.4-service  W  IsCrtcSupported: This Plane(id=31) is activated for Crtc(id=98), could not be used for Crtc (id=167)
2026-03-23 14:20:54.395   843-843   chatty                  and...graphics.composer@2.4-service  I  uid=1000(system) composer@2.4-se identical 1 line
2026-03-23 14:20:54.395   843-843   hwc-drm-plane           and...graphics.composer@2.4-service  W  IsCrtcSupported: This Plane(id=31) is activated for Crtc(id=98), could not be used for Crtc (id=167)
2026-03-23 14:20:54.395   843-843   hwc-drm-plane           and...graphics.composer@2.4-service  W  IsCrtcSupported: This Plane(id=100) is activated for Crtc(id=167), could not be used for Crtc (id=98)
2026-03-23 14:20:54.395   843-843   chatty                  and...graphics.composer@2.4-service  I  uid=1000(system) composer@2.4-se identical 1 line
2026-03-23 14:20:54.395   843-843   hwc-drm-plane           and...graphics.composer@2.4-service  W  IsCrtcSupported: This Plane(id=100) is activated for Crtc(id=167), could not be used for Crtc (id=98)
2026-03-23 14:20:54.426  1035-1473  AudioSystem-JNI         system_server                        E  AudioSystem::listAudioPorts error -19
2026-03-23 14:20:54.426  1035-1473  AudioManager            system_server                        W  updateAudioPortCache: listAudioPorts failed
2026-03-23 14:20:54.524 15058-15058 AndroidRuntime          pid-15058                            D  >>>>>> START com.android.internal.os.RuntimeInit uid 2000 <<<<<<
2026-03-23 14:20:54.526 15058-15058 AndroidRuntime          pid-15058                            I  Using default boot image
2026-03-23 14:20:54.526 15058-15058 AndroidRuntime          pid-15058                            I  Leaving lock profiling enabled
2026-03-23 14:20:54.526  1035-1473  AudioSystem-JNI         system_server                        E  AudioSystem::listAudioPorts error -19
2026-03-23 14:20:54.526  1035-1473  AudioManager            system_server                        W  updateAudioPortCache: listAudioPorts failed
2026-03-23 14:20:54.576 15058-15058 app_process             pid-15058                            D  Time zone APEX ICU file found: /apex/com.android.tzdata/etc/icu/icu_tzdata.dat
2026-03-23 14:20:54.576 15058-15058 app_process             pid-15058                            D  I18n APEX ICU file found: /apex/com.android.i18n/etc/icu/icudt66l.dat
2026-03-23 14:20:54.579 15058-15058 app_process             pid-15058                            W  Unexpected CPU variant for X86 using defaults: x86_64
2026-03-23 14:20:54.579 15058-15058 app_process             pid-15058                            I  The ClassLoaderContext is a special shared library.
2026-03-23 14:20:54.587 15058-15058 app_process             pid-15058                            W  JNI RegisterNativeMethods: attempt to register 0 native methods for android.media.AudioAttributes
2026-03-23 14:20:54.591 15058-15058 AndroidRuntime          pid-15058                            D  Calling main entry com.android.commands.input.Input
2026-03-23 14:20:54.596 15058-15058 AndroidRuntime          pid-15058                            D  Shutting down VM
2026-03-23 14:20:54.613  1035-1119  AudioSystem             system_server                        E  no strategy found for attributes { Content type: AUDIO_CONTENT_TYPE_SONIFICATION Usage: AUDIO_USAGE_ASSISTANCE_SONIFICATION Source: AUDIO_SOURCE_DEFAULT Flags: 0x800 Tags:  }
2026-03-23 14:20:54.613  1255-27705 AudioFlinger            audioserver                          E  createTrack() getOutputForAttr() return error -19 or invalid output handle
2026-03-23 14:20:54.613  1035-1119  IAudioFlinger           system_server                        E  createTrack returned error -19
2026-03-23 14:20:54.613  1035-1119  AudioTrack              system_server                        E  createTrack_l(0): AudioFlinger could not create track, status: -19 output 0
2026-03-23 14:20:54.613  1035-1119  SoundPool::Stream       system_server                        E  play_l: error creating AudioTrack
2026-03-23 14:20:54.613  1035-1119  AudioTrack              system_server                        D  gather(): no metrics gathered, track status=-19
2026-03-23 14:20:54.627  1035-1473  AudioSystem-JNI         system_server                        E  AudioSystem::listAudioPorts error -19
2026-03-23 14:20:54.627  1035-1473  AudioManager            system_server                        W  updateAudioPortCache: listAudioPorts failed
2026-03-23 14:20:54.627 13395-13447 com.restaurant.hpos     com.restaurant.hpos                  I  [ticket] Saved New Ticket 57FE0A82-C836-4ABC-B411-364971B800EB
2026-03-23 14:20:54.628   843-843   hwc-drm-plane           and...graphics.composer@2.4-service  W  IsCrtcSupported: This Plane(id=31) is activated for Crtc(id=98), could not be used for Crtc (id=167)
2026-03-23 14:20:54.628   843-843   chatty                  and...graphics.composer@2.4-service  I  uid=1000(system) composer@2.4-se identical 1 line
2026-03-23 14:20:54.628   843-843   hwc-drm-plane           and...graphics.composer@2.4-service  W  IsCrtcSupported: This Plane(id=31) is activated for Crtc(id=98), could not be used for Crtc (id=167)
2026-03-23 14:20:54.628   843-843   hwc-drm-plane           and...graphics.composer@2.4-service  W  IsCrtcSupported: This Plane(id=100) is activated for Crtc(id=167), could not be used for Crtc (id=98)
2026-03-23 14:20:54.628   843-843   chatty                  and...graphics.composer@2.4-service  I  uid=1000(system) composer@2.4-se identical 1 line
2026-03-23 14:20:54.628   843-843   hwc-drm-plane           and...graphics.composer@2.4-service  W  IsCrtcSupported: This Plane(id=100) is activated for Crtc(id=167), could not be used for Crtc (id=98)
2026-03-23 14:20:54.631 13395-13447 com.restaurant.hpos     com.restaurant.hpos                  I  [receipts] 0 receipts be generated.
2026-03-23 14:20:54.631 13395-13447 com.restaurant.hpos     com.restaurant.hpos                  I  [receipts] no receipts need to be print.
