2026-03-23 14:21:01.505   843-843   chatty                  and...graphics.composer@2.4-service  I  uid=1000(system) composer@2.4-se identical 1 line
2026-03-23 14:21:01.505   843-843   hwc-drm-plane           and...graphics.composer@2.4-service  W  IsCrtcSupported: This Plane(id=31) is activated for Crtc(id=98), could not be used for Crtc (id=167)
2026-03-23 14:21:01.505   843-843   hwc-drm-plane           and...graphics.composer@2.4-service  W  IsCrtcSupported: This Plane(id=100) is activated for Crtc(id=167), could not be used for Crtc (id=98)
2026-03-23 14:21:01.505   843-843   chatty                  and...graphics.composer@2.4-service  I  uid=1000(system) composer@2.4-se identical 1 line
2026-03-23 14:21:01.505   843-843   hwc-drm-plane           and...graphics.composer@2.4-service  W  IsCrtcSupported: This Plane(id=100) is activated for Crtc(id=167), could not be used for Crtc (id=98)
2026-03-23 14:21:01.522   843-843   hwc-drm-plane           and...graphics.composer@2.4-service  W  IsCrtcSupported: This Plane(id=31) is activated for Crtc(id=98), could not be used for Crtc (id=167)
2026-03-23 14:21:01.522   843-843   chatty                  and...graphics.composer@2.4-service  I  uid=1000(system) composer@2.4-se identical 1 line
2026-03-23 14:21:01.522   843-843   hwc-drm-plane           and...graphics.composer@2.4-service  W  IsCrtcSupported: This Plane(id=31) is activated for Crtc(id=98), could not be used for Crtc (id=167)
2026-03-23 14:21:01.522   843-843   hwc-drm-plane           and...graphics.composer@2.4-service  W  IsCrtcSupported: This Plane(id=100) is activated for Crtc(id=167), could not be used for Crtc (id=98)
2026-03-23 14:21:01.522   843-843   chatty                  and...graphics.composer@2.4-service  I  uid=1000(system) composer@2.4-se identical 1 line
2026-03-23 14:21:01.522   843-843   hwc-drm-plane           and...graphics.composer@2.4-service  W  IsCrtcSupported: This Plane(id=100) is activated for Crtc(id=167), could not be used for Crtc (id=98)
2026-03-23 14:21:01.538   843-843   hwc-drm-plane           and...graphics.composer@2.4-service  W  IsCrtcSupported: This Plane(id=31) is activated for Crtc(id=98), could not be used for Crtc (id=167)
2026-03-23 14:21:01.538   843-843   chatty                  and...graphics.composer@2.4-service  I  uid=1000(system) composer@2.4-se identical 1 line
2026-03-23 14:21:01.539   843-843   hwc-drm-plane           and...graphics.composer@2.4-service  W  IsCrtcSupported: This Plane(id=31) is activated for Crtc(id=98), could not be used for Crtc (id=167)
2026-03-23 14:21:01.539   843-843   hwc-drm-plane           and...graphics.composer@2.4-service  W  IsCrtcSupported: This Plane(id=100) is activated for Crtc(id=167), could not be used for Crtc (id=98)
2026-03-23 14:21:01.539   843-843   chatty                  and...graphics.composer@2.4-service  I  uid=1000(system) composer@2.4-se identical 1 line
2026-03-23 14:21:01.539   843-843   hwc-drm-plane           and...graphics.composer@2.4-service  W  IsCrtcSupported: This Plane(id=100) is activated for Crtc(id=167), could not be used for Crtc (id=98)
2026-03-23 14:21:01.553  1035-1473  AudioSystem-JNI         system_server                        E  AudioSystem::listAudioPorts error -19
2026-03-23 14:21:01.553  1035-1473  AudioManager            system_server                        W  updateAudioPortCache: listAudioPorts failed
2026-03-23 14:21:01.555   843-843   hwc-drm-plane           and...graphics.composer@2.4-service  W  IsCrtcSupported: This Plane(id=31) is activated for Crtc(id=98), could not be used for Crtc (id=167)
2026-03-23 14:21:01.555   843-843   chatty                  and...graphics.composer@2.4-service  I  uid=1000(system) composer@2.4-se identical 1 line
2026-03-23 14:21:01.555   843-843   hwc-drm-plane           and...graphics.composer@2.4-service  W  IsCrtcSupported: This Plane(id=31) is activated for Crtc(id=98), could not be used for Crtc (id=167)
2026-03-23 14:21:01.556   843-843   hwc-drm-plane           and...graphics.composer@2.4-service  W  IsCrtcSupported: This Plane(id=100) is activated for Crtc(id=167), could not be used for Crtc (id=98)
2026-03-23 14:21:01.556   843-843   chatty                  and...graphics.composer@2.4-service  I  uid=1000(system) composer@2.4-se identical 1 line
2026-03-23 14:21:01.556   843-843   hwc-drm-plane           and...graphics.composer@2.4-service  W  IsCrtcSupported: This Plane(id=100) is activated for Crtc(id=167), could not be used for Crtc (id=98)
2026-03-23 14:21:01.572   843-843   hwc-drm-plane           and...graphics.composer@2.4-service  W  IsCrtcSupported: This Plane(id=31) is activated for Crtc(id=98), could not be used for Crtc (id=167)
2026-03-23 14:21:01.572   843-843   chatty                  and...graphics.composer@2.4-service  I  uid=1000(system) composer@2.4-se identical 1 line
2026-03-23 14:21:01.572   843-843   hwc-drm-plane           and...graphics.composer@2.4-service  W  IsCrtcSupported: This Plane(id=31) is activated for Crtc(id=98), could not be used for Crtc (id=167)
2026-03-23 14:21:01.572   843-843   hwc-drm-plane           and...graphics.composer@2.4-service  W  IsCrtcSupported: This Plane(id=100) is activated for Crtc(id=167), could not be used for Crtc (id=98)
2026-03-23 14:21:01.572   843-843   chatty                  and...graphics.composer@2.4-service  I  uid=1000(system) composer@2.4-se identical 1 line
2026-03-23 14:21:01.572   843-843   hwc-drm-plane           and...graphics.composer@2.4-service  W  IsCrtcSupported: This Plane(id=100) is activated for Crtc(id=167), could not be used for Crtc (id=98)
2026-03-23 14:21:01.588   843-843   hwc-drm-plane           and...graphics.composer@2.4-service  W  IsCrtcSupported: This Plane(id=31) is activated for Crtc(id=98), could not be used for Crtc (id=167)
2026-03-23 14:21:01.588   843-843   chatty                  and...graphics.composer@2.4-service  I  uid=1000(system) composer@2.4-se identical 1 line
2026-03-23 14:21:01.589   843-843   hwc-drm-plane           and...graphics.composer@2.4-service  W  IsCrtcSupported: This Plane(id=31) is activated for Crtc(id=98), could not be used for Crtc (id=167)
2026-03-23 14:21:01.589   843-843   hwc-drm-plane           and...graphics.composer@2.4-service  W  IsCrtcSupported: This Plane(id=100) is activated for Crtc(id=167), could not be used for Crtc (id=98)
2026-03-23 14:21:01.589   843-843   chatty                  and...graphics.composer@2.4-service  I  uid=1000(system) composer@2.4-se identical 1 line
2026-03-23 14:21:01.589   843-843   hwc-drm-plane           and...graphics.composer@2.4-service  W  IsCrtcSupported: This Plane(id=100) is activated for Crtc(id=167), could not be used for Crtc (id=98)
2026-03-23 14:21:01.605   843-843   hwc-drm-plane           and...graphics.composer@2.4-service  W  IsCrtcSupported: This Plane(id=31) is activated for Crtc(id=98), could not be used for Crtc (id=167)
2026-03-23 14:21:01.605   843-843   chatty                  and...graphics.composer@2.4-service  I  uid=1000(system) composer@2.4-se identical 1 line
2026-03-23 14:21:01.605   843-843   hwc-drm-plane           and...graphics.composer@2.4-service  W  IsCrtcSupported: This Plane(id=31) is activated for Crtc(id=98), could not be used for Crtc (id=167)
2026-03-23 14:21:01.606   843-843   hwc-drm-plane           and...graphics.composer@2.4-service  W  IsCrtcSupported: This Plane(id=100) is activated for Crtc(id=167), could not be used for Crtc (id=98)
2026-03-23 14:21:01.606   843-843   chatty                  and...graphics.composer@2.4-service  I  uid=1000(system) composer@2.4-se identical 1 line
2026-03-23 14:21:01.606   843-843   hwc-drm-plane           and...graphics.composer@2.4-service  W  IsCrtcSupported: This Plane(id=100) is activated for Crtc(id=167), could not be used for Crtc (id=98)
2026-03-23 14:21:01.621   843-843   hwc-drm-plane           and...graphics.composer@2.4-service  W  IsCrtcSupported: This Plane(id=31) is activated for Crtc(id=98), could not be used for Crtc (id=167)
2026-03-23 14:21:01.622   843-843   chatty                  and...graphics.composer@2.4-service  I  uid=1000(system) composer@2.4-se identical 1 line
2026-03-23 14:21:01.622   843-843   hwc-drm-plane           and...graphics.composer@2.4-service  W  IsCrtcSupported: This Plane(id=31) is activated for Crtc(id=98), could not be used for Crtc (id=167)
2026-03-23 14:21:01.622   843-843   hwc-drm-plane           and...graphics.composer@2.4-service  W  IsCrtcSupported: This Plane(id=100) is activated for Crtc(id=167), could not be used for Crtc (id=98)
2026-03-23 14:21:01.622   843-843   chatty                  and...graphics.composer@2.4-service  I  uid=1000(system) composer@2.4-se identical 1 line
2026-03-23 14:21:01.622   843-843   hwc-drm-plane           and...graphics.composer@2.4-service  W  IsCrtcSupported: This Plane(id=100) is activated for Crtc(id=167), could not be used for Crtc (id=98)
2026-03-23 14:21:01.638   843-843   hwc-drm-plane           and...graphics.composer@2.4-service  W  IsCrtcSupported: This Plane(id=31) is activated for Crtc(id=98), could not be used for Crtc (id=167)
2026-03-23 14:21:01.638   843-843   chatty                  and...graphics.composer@2.4-service  I  uid=1000(system) composer@2.4-se identical 1 line
2026-03-23 14:21:01.639   843-843   hwc-drm-plane           and...graphics.composer@2.4-service  W  IsCrtcSupported: This Plane(id=31) is activated for Crtc(id=98), could not be used for Crtc (id=167)
2026-03-23 14:21:01.639   843-843   hwc-drm-plane           and...graphics.composer@2.4-service  W  IsCrtcSupported: This Plane(id=100) is activated for Crtc(id=167), could not be used for Crtc (id=98)
2026-03-23 14:21:01.639   843-843   chatty                  and...graphics.composer@2.4-service  I  uid=1000(system) composer@2.4-se identical 1 line
2026-03-23 14:21:01.639   843-843   hwc-drm-plane           and...graphics.composer@2.4-service  W  IsCrtcSupported: This Plane(id=100) is activated for Crtc(id=167), could not be used for Crtc (id=98)
2026-03-23 14:21:01.653  1035-1473  AudioSystem-JNI         system_server                        E  AudioSystem::listAudioPorts error -19
2026-03-23 14:21:01.653  1035-1473  AudioManager            system_server                        W  updateAudioPortCache: listAudioPorts failed
2026-03-23 14:21:01.655   843-843   hwc-drm-plane           and...graphics.composer@2.4-service  W  IsCrtcSupported: This Plane(id=31) is activated for Crtc(id=98), could not be used for Crtc (id=167)
2026-03-23 14:21:01.655   843-843   chatty                  and...graphics.composer@2.4-service  I  uid=1000(system) composer@2.4-se identical 1 line
2026-03-23 14:21:01.655   843-843   hwc-drm-plane           and...graphics.composer@2.4-service  W  IsCrtcSupported: This Plane(id=31) is activated for Crtc(id=98), could not be used for Crtc (id=167)
2026-03-23 14:21:01.656   843-843   hwc-drm-plane           and...graphics.composer@2.4-service  W  IsCrtcSupported: This Plane(id=100) is activated for Crtc(id=167), could not be used for Crtc (id=98)
2026-03-23 14:21:01.656   843-843   chatty                  and...graphics.composer@2.4-service  I  uid=1000(system) composer@2.4-se identical 1 line
2026-03-23 14:21:01.656   843-843   hwc-drm-plane           and...graphics.composer@2.4-service  W  IsCrtcSupported: This Plane(id=100) is activated for Crtc(id=167), could not be used for Crtc (id=98)
2026-03-23 14:21:01.672   843-843   hwc-drm-plane           and...graphics.composer@2.4-service  W  IsCrtcSupported: This Plane(id=31) is activated for Crtc(id=98), could not be used for Crtc (id=167)
2026-03-23 14:21:01.672   843-843   chatty                  and...graphics.composer@2.4-service  I  uid=1000(system) composer@2.4-se identical 1 line
2026-03-23 14:21:01.672   843-843   hwc-drm-plane           and...graphics.composer@2.4-service  W  IsCrtcSupported: This Plane(id=31) is activated for Crtc(id=98), could not be used for Crtc (id=167)
2026-03-23 14:21:01.672   843-843   hwc-drm-plane           and...graphics.composer@2.4-service  W  IsCrtcSupported: This Plane(id=100) is activated for Crtc(id=167), could not be used for Crtc (id=98)
2026-03-23 14:21:01.672   843-843   chatty                  and...graphics.composer@2.4-service  I  uid=1000(system) composer@2.4-se identical 1 line
2026-03-23 14:21:01.672   843-843   hwc-drm-plane           and...graphics.composer@2.4-service  W  IsCrtcSupported: This Plane(id=100) is activated for Crtc(id=167), could not be used for Crtc (id=98)
2026-03-23 14:21:01.688   843-843   hwc-drm-plane           and...graphics.composer@2.4-service  W  IsCrtcSupported: This Plane(id=31) is activated for Crtc(id=98), could not be used for Crtc (id=167)
2026-03-23 14:21:01.688   843-843   chatty                  and...graphics.composer@2.4-service  I  uid=1000(system) composer@2.4-se identical 1 line
2026-03-23 14:21:01.688   843-843   hwc-drm-plane           and...graphics.composer@2.4-service  W  IsCrtcSupported: This Plane(id=31) is activated for Crtc(id=98), could not be used for Crtc (id=167)
2026-03-23 14:21:01.689   843-843   hwc-drm-plane           and...graphics.composer@2.4-service  W  IsCrtcSupported: This Plane(id=100) is activated for Crtc(id=167), could not be used for Crtc (id=98)
2026-03-23 14:21:01.689   843-843   chatty                  and...graphics.composer@2.4-service  I  uid=1000(system) composer@2.4-se identical 1 line
2026-03-23 14:21:01.689   843-843   hwc-drm-plane           and...graphics.composer@2.4-service  W  IsCrtcSupported: This Plane(id=100) is activated for Crtc(id=167), could not be used for Crtc (id=98)
2026-03-23 14:21:01.705   843-843   hwc-drm-plane           and...graphics.composer@2.4-service  W  IsCrtcSupported: This Plane(id=31) is activated for Crtc(id=98), could not be used for Crtc (id=167)
2026-03-23 14:21:01.705   843-843   chatty                  and...graphics.composer@2.4-service  I  uid=1000(system) composer@2.4-se identical 1 line
2026-03-23 14:21:01.705   843-843   hwc-drm-plane           and...graphics.composer@2.4-service  W  IsCrtcSupported: This Plane(id=31) is activated for Crtc(id=98), could not be used for Crtc (id=167)
2026-03-23 14:21:01.706   843-843   hwc-drm-plane           and...graphics.composer@2.4-service  W  IsCrtcSupported: This Plane(id=100) is activated for Crtc(id=167), could not be used for Crtc (id=98)
2026-03-23 14:21:01.706   843-843   chatty                  and...graphics.composer@2.4-service  I  uid=1000(system) composer@2.4-se identical 1 line
2026-03-23 14:21:01.706   843-843   hwc-drm-plane           and...graphics.composer@2.4-service  W  IsCrtcSupported: This Plane(id=100) is activated for Crtc(id=167), could not be used for Crtc (id=98)
2026-03-23 14:21:01.721   843-843   hwc-drm-plane           and...graphics.composer@2.4-service  W  IsCrtcSupported: This Plane(id=31) is activated for Crtc(id=98), could not be used for Crtc (id=167)
2026-03-23 14:21:01.722   843-843   chatty                  and...graphics.composer@2.4-service  I  uid=1000(system) composer@2.4-se identical 1 line
2026-03-23 14:21:01.722   843-843   hwc-drm-plane           and...graphics.composer@2.4-service  W  IsCrtcSupported: This Plane(id=31) is activated for Crtc(id=98), could not be used for Crtc (id=167)
2026-03-23 14:21:01.722   843-843   hwc-drm-plane           and...graphics.composer@2.4-service  W  IsCrtcSupported: This Plane(id=100) is activated for Crtc(id=167), could not be used for Crtc (id=98)
2026-03-23 14:21:01.722   843-843   chatty                  and...graphics.composer@2.4-service  I  uid=1000(system) composer@2.4-se identical 1 line
2026-03-23 14:21:01.722   843-843   hwc-drm-plane           and...graphics.composer@2.4-service  W  IsCrtcSupported: This Plane(id=100) is activated for Crtc(id=167), could not be used for Crtc (id=98)
2026-03-23 14:21:01.738   843-843   hwc-drm-plane           and...graphics.composer@2.4-service  W  IsCrtcSupported: This Plane(id=31) is activated for Crtc(id=98), could not be used for Crtc (id=167)
2026-03-23 14:21:01.738   843-843   chatty                  and...graphics.composer@2.4-service  I  uid=1000(system) composer@2.4-se identical 1 line
2026-03-23 14:21:01.738   843-843   hwc-drm-plane           and...graphics.composer@2.4-service  W  IsCrtcSupported: This Plane(id=31) is activated for Crtc(id=98), could not be used for Crtc (id=167)
2026-03-23 14:21:01.739   843-843   hwc-drm-plane           and...graphics.composer@2.4-service  W  IsCrtcSupported: This Plane(id=100) is activated for Crtc(id=167), could not be used for Crtc (id=98)
2026-03-23 14:21:01.739   843-843   chatty                  and...graphics.composer@2.4-service  I  uid=1000(system) composer@2.4-se identical 1 line
2026-03-23 14:21:01.739   843-843   hwc-drm-plane           and...graphics.composer@2.4-service  W  IsCrtcSupported: This Plane(id=100) is activated for Crtc(id=167), could not be used for Crtc (id=98)
2026-03-23 14:21:01.754  1035-1473  AudioSystem-JNI         system_server                        E  AudioSystem::listAudioPorts error -19
2026-03-23 14:21:01.754  1035-1473  AudioManager            system_server                        W  updateAudioPortCache: listAudioPorts failed
2026-03-23 14:21:01.755   843-843   hwc-drm-plane           and...graphics.composer@2.4-service  W  IsCrtcSupported: This Plane(id=31) is activated for Crtc(id=98), could not be used for Crtc (id=167)
2026-03-23 14:21:01.755   843-843   chatty                  and...graphics.composer@2.4-service  I  uid=1000(system) composer@2.4-se identical 1 line
2026-03-23 14:21:01.755   843-843   hwc-drm-plane           and...graphics.composer@2.4-service  W  IsCrtcSupported: This Plane(id=31) is activated for Crtc(id=98), could not be used for Crtc (id=167)
2026-03-23 14:21:01.756   843-843   hwc-drm-plane           and...graphics.composer@2.4-service  W  IsCrtcSupported: This Plane(id=100) is activated for Crtc(id=167), could not be used for Crtc (id=98)
2026-03-23 14:21:01.756   843-843   chatty                  and...graphics.composer@2.4-service  I  uid=1000(system) composer@2.4-se identical 1 line
2026-03-23 14:21:01.756   843-843   hwc-drm-plane           and...graphics.composer@2.4-service  W  IsCrtcSupported: This Plane(id=100) is activated for Crtc(id=167), could not be used for Crtc (id=98)
2026-03-23 14:21:01.771   843-843   hwc-drm-plane           and...graphics.composer@2.4-service  W  IsCrtcSupported: This Plane(id=31) is activated for Crtc(id=98), could not be used for Crtc (id=167)
2026-03-23 14:21:01.772   843-843   chatty                  and...graphics.composer@2.4-service  I  uid=1000(system) composer@2.4-se identical 1 line
2026-03-23 14:21:01.772   843-843   hwc-drm-plane           and...graphics.composer@2.4-service  W  IsCrtcSupported: This Plane(id=31) is activated for Crtc(id=98), could not be used for Crtc (id=167)
2026-03-23 14:21:01.772   843-843   hwc-drm-plane           and...graphics.composer@2.4-service  W  IsCrtcSupported: This Plane(id=100) is activated for Crtc(id=167), could not be used for Crtc (id=98)
2026-03-23 14:21:01.772   843-843   chatty                  and...graphics.composer@2.4-service  I  uid=1000(system) composer@2.4-se identical 1 line
2026-03-23 14:21:01.772   843-843   hwc-drm-plane           and...graphics.composer@2.4-service  W  IsCrtcSupported: This Plane(id=100) is activated for Crtc(id=167), could not be used for Crtc (id=98)
2026-03-23 14:21:01.788   843-843   hwc-drm-plane           and...graphics.composer@2.4-service  W  IsCrtcSupported: This Plane(id=31) is activated for Crtc(id=98), could not be used for Crtc (id=167)
2026-03-23 14:21:01.788   843-843   chatty                  and...graphics.composer@2.4-service  I  uid=1000(system) composer@2.4-se identical 1 line
2026-03-23 14:21:01.788   843-843   hwc-drm-plane           and...graphics.composer@2.4-service  W  IsCrtcSupported: This Plane(id=31) is activated for Crtc(id=98), could not be used for Crtc (id=167)
2026-03-23 14:21:01.789   843-843   hwc-drm-plane           and...graphics.composer@2.4-service  W  IsCrtcSupported: This Plane(id=100) is activated for Crtc(id=167), could not be used for Crtc (id=98)
2026-03-23 14:21:01.789   843-843   chatty                  and...graphics.composer@2.4-service  I  uid=1000(system) composer@2.4-se identical 1 line
2026-03-23 14:21:01.789   843-843   hwc-drm-plane           and...graphics.composer@2.4-service  W  IsCrtcSupported: This Plane(id=100) is activated for Crtc(id=167), could not be used for Crtc (id=98)
2026-03-23 14:21:01.805   843-843   hwc-drm-plane           and...graphics.composer@2.4-service  W  IsCrtcSupported: This Plane(id=31) is activated for Crtc(id=98), could not be used for Crtc (id=167)
2026-03-23 14:21:01.805   843-843   chatty                  and...graphics.composer@2.4-service  I  uid=1000(system) composer@2.4-se identical 1 line
2026-03-23 14:21:01.805   843-843   hwc-drm-plane           and...graphics.composer@2.4-service  W  IsCrtcSupported: This Plane(id=31) is activated for Crtc(id=98), could not be used for Crtc (id=167)
2026-03-23 14:21:01.806   843-843   hwc-drm-plane           and...graphics.composer@2.4-service  W  IsCrtcSupported: This Plane(id=100) is activated for Crtc(id=167), could not be used for Crtc (id=98)
2026-03-23 14:21:01.806   843-843   chatty                  and...graphics.composer@2.4-service  I  uid=1000(system) composer@2.4-se identical 1 line
2026-03-23 14:21:01.806   843-843   hwc-drm-plane           and...graphics.composer@2.4-service  W  IsCrtcSupported: This Plane(id=100) is activated for Crtc(id=167), could not be used for Crtc (id=98)
2026-03-23 14:21:01.821   843-843   hwc-drm-plane           and...graphics.composer@2.4-service  W  IsCrtcSupported: This Plane(id=31) is activated for Crtc(id=98), could not be used for Crtc (id=167)
2026-03-23 14:21:01.821   843-843   chatty                  and...graphics.composer@2.4-service  I  uid=1000(system) composer@2.4-se identical 1 line
2026-03-23 14:21:01.821   843-843   hwc-drm-plane           and...graphics.composer@2.4-service  W  IsCrtcSupported: This Plane(id=31) is activated for Crtc(id=98), could not be used for Crtc (id=167)
2026-03-23 14:21:01.822   843-843   hwc-drm-plane           and...graphics.composer@2.4-service  W  IsCrtcSupported: This Plane(id=100) is activated for Crtc(id=167), could not be used for Crtc (id=98)
2026-03-23 14:21:01.822   843-843   chatty                  and...graphics.composer@2.4-service  I  uid=1000(system) composer@2.4-se identical 1 line
2026-03-23 14:21:01.822   843-843   hwc-drm-plane           and...graphics.composer@2.4-service  W  IsCrtcSupported: This Plane(id=100) is activated for Crtc(id=167), could not be used for Crtc (id=98)
2026-03-23 14:21:01.838   843-843   hwc-drm-plane           and...graphics.composer@2.4-service  W  IsCrtcSupported: This Plane(id=31) is activated for Crtc(id=98), could not be used for Crtc (id=167)
2026-03-23 14:21:01.838   843-843   chatty                  and...graphics.composer@2.4-service  I  uid=1000(system) composer@2.4-se identical 1 line
2026-03-23 14:21:01.838   843-843   hwc-drm-plane           and...graphics.composer@2.4-service  W  IsCrtcSupported: This Plane(id=31) is activated for Crtc(id=98), could not be used for Crtc (id=167)
2026-03-23 14:21:01.839   843-843   hwc-drm-plane           and...graphics.composer@2.4-service  W  IsCrtcSupported: This Plane(id=100) is activated for Crtc(id=167), could not be used for Crtc (id=98)
2026-03-23 14:21:01.839   843-843   chatty                  and...graphics.composer@2.4-service  I  uid=1000(system) composer@2.4-se identical 1 line
2026-03-23 14:21:01.839   843-843   hwc-drm-plane           and...graphics.composer@2.4-service  W  IsCrtcSupported: This Plane(id=100) is activated for Crtc(id=167), could not be used for Crtc (id=98)
2026-03-23 14:21:01.853 15151-15151 AndroidRuntime          pid-15151                            D  >>>>>> START com.android.internal.os.RuntimeInit uid 2000 <<<<<<
2026-03-23 14:21:01.854  1035-1473  AudioSystem-JNI         system_server                        E  AudioSystem::listAudioPorts error -19
2026-03-23 14:21:01.854  1035-1473  AudioManager            system_server                        W  updateAudioPortCache: listAudioPorts failed
2026-03-23 14:21:01.855   843-843   hwc-drm-plane           and...graphics.composer@2.4-service  W  IsCrtcSupported: This Plane(id=31) is activated for Crtc(id=98), could not be used for Crtc (id=167)
2026-03-23 14:21:01.855   843-843   chatty                  and...graphics.composer@2.4-service  I  uid=1000(system) composer@2.4-se identical 1 line
2026-03-23 14:21:01.855   843-843   hwc-drm-plane           and...graphics.composer@2.4-service  W  IsCrtcSupported: This Plane(id=31) is activated for Crtc(id=98), could not be used for Crtc (id=167)
2026-03-23 14:21:01.855 15151-15151 AndroidRuntime          pid-15151                            I  Using default boot image
2026-03-23 14:21:01.855 15151-15151 AndroidRuntime          pid-15151                            I  Leaving lock profiling enabled
2026-03-23 14:21:01.856   843-843   hwc-drm-plane           and...graphics.composer@2.4-service  W  IsCrtcSupported: This Plane(id=100) is activated for Crtc(id=167), could not be used for Crtc (id=98)
2026-03-23 14:21:01.856   843-843   chatty                  and...graphics.composer@2.4-service  I  uid=1000(system) composer@2.4-se identical 1 line
2026-03-23 14:21:01.856   843-843   hwc-drm-plane           and...graphics.composer@2.4-service  W  IsCrtcSupported: This Plane(id=100) is activated for Crtc(id=167), could not be used for Crtc (id=98)
2026-03-23 14:21:01.871   843-843   hwc-drm-plane           and...graphics.composer@2.4-service  W  IsCrtcSupported: This Plane(id=31) is activated for Crtc(id=98), could not be used for Crtc (id=167)
2026-03-23 14:21:01.871   843-843   chatty                  and...graphics.composer@2.4-service  I  uid=1000(system) composer@2.4-se identical 1 line
2026-03-23 14:21:01.871   843-843   hwc-drm-plane           and...graphics.composer@2.4-service  W  IsCrtcSupported: This Plane(id=31) is activated for Crtc(id=98), could not be used for Crtc (id=167)
2026-03-23 14:21:01.872   843-843   hwc-drm-plane           and...graphics.composer@2.4-service  W  IsCrtcSupported: This Plane(id=100) is activated for Crtc(id=167), could not be used for Crtc (id=98)
2026-03-23 14:21:01.872   843-843   chatty                  and...graphics.composer@2.4-service  I  uid=1000(system) composer@2.4-se identical 1 line
2026-03-23 14:21:01.872   843-843   hwc-drm-plane           and...graphics.composer@2.4-service  W  IsCrtcSupported: This Plane(id=100) is activated for Crtc(id=167), could not be used for Crtc (id=98)
2026-03-23 14:21:01.888   843-843   hwc-drm-plane           and...graphics.composer@2.4-service  W  IsCrtcSupported: This Plane(id=31) is activated for Crtc(id=98), could not be used for Crtc (id=167)
2026-03-23 14:21:01.888   843-843   chatty                  and...graphics.composer@2.4-service  I  uid=1000(system) composer@2.4-se identical 1 line
2026-03-23 14:21:01.888   843-843   hwc-drm-plane           and...graphics.composer@2.4-service  W  IsCrtcSupported: This Plane(id=31) is activated for Crtc(id=98), could not be used for Crtc (id=167)
2026-03-23 14:21:01.889   843-843   hwc-drm-plane           and...graphics.composer@2.4-service  W  IsCrtcSupported: This Plane(id=100) is activated for Crtc(id=167), could not be used for Crtc (id=98)
2026-03-23 14:21:01.889   843-843   chatty                  and...graphics.composer@2.4-service  I  uid=1000(system) composer@2.4-se identical 1 line
2026-03-23 14:21:01.889   843-843   hwc-drm-plane           and...graphics.composer@2.4-service  W  IsCrtcSupported: This Plane(id=100) is activated for Crtc(id=167), could not be used for Crtc (id=98)
2026-03-23 14:21:01.906 15151-15151 app_process             pid-15151                            D  Time zone APEX ICU file found: /apex/com.android.tzdata/etc/icu/icu_tzdata.dat
2026-03-23 14:21:01.906 15151-15151 app_process             pid-15151                            D  I18n APEX ICU file found: /apex/com.android.i18n/etc/icu/icudt66l.dat
2026-03-23 14:21:01.909 15151-15151 app_process             pid-15151                            W  Unexpected CPU variant for X86 using defaults: x86_64
2026-03-23 14:21:01.910 15151-15151 app_process             pid-15151                            I  The ClassLoaderContext is a special shared library.
2026-03-23 14:21:01.918 15151-15151 app_process             pid-15151                            W  JNI RegisterNativeMethods: attempt to register 0 native methods for android.media.AudioAttributes
2026-03-23 14:21:01.921 15151-15151 AndroidRuntime          app_process                          D  Calling main entry com.android.commands.input.Input
2026-03-23 14:21:01.927 15151-15151 AndroidRuntime          app_process                          D  Shutting down VM
2026-03-23 14:21:01.939  1035-1119  AudioSystem             system_server                        E  no strategy found for attributes { Content type: AUDIO_CONTENT_TYPE_SONIFICATION Usage: AUDIO_USAGE_ASSISTANCE_SONIFICATION Source: AUDIO_SOURCE_DEFAULT Flags: 0x800 Tags:  }
2026-03-23 14:21:01.939  1255-27705 AudioFlinger            audioserver                          E  createTrack() getOutputForAttr() return error -19 or invalid output handle
2026-03-23 14:21:01.940  1035-1119  IAudioFlinger           system_server                        E  createTrack returned error -19
2026-03-23 14:21:01.940  1035-1119  AudioTrack              system_server                        E  createTrack_l(0): AudioFlinger could not create track, status: -19 output 0
2026-03-23 14:21:01.940  1035-1119  SoundPool::Stream       system_server                        E  play_l: error creating AudioTrack
2026-03-23 14:21:01.940  1035-1119  AudioTrack              system_server                        D  gather(): no metrics gathered, track status=-19
2026-03-23 14:21:01.954  1035-1473  AudioSystem-JNI         system_server                        E  AudioSystem::listAudioPorts error -19
2026-03-23 14:21:01.954  1035-1473  AudioManager            system_server                        W  updateAudioPortCache: listAudioPorts failed
2026-03-23 14:21:01.955   843-843   hwc-drm-plane           and...graphics.composer@2.4-service  W  IsCrtcSupported: This Plane(id=31) is activated for Crtc(id=98), could not be used for Crtc (id=167)
2026-03-23 14:21:01.955   843-843   chatty                  and...graphics.composer@2.4-service  I  uid=1000(system) composer@2.4-se identical 1 line
2026-03-23 14:21:01.955   843-843   hwc-drm-plane           and...graphics.composer@2.4-service  W  IsCrtcSupported: This Plane(id=31) is activated for Crtc(id=98), could not be used for Crtc (id=167)
2026-03-23 14:21:01.955   843-843   hwc-drm-plane           and...graphics.composer@2.4-service  W  IsCrtcSupported: This Plane(id=100) is activated for Crtc(id=167), could not be used for Crtc (id=98)
2026-03-23 14:21:01.955   843-843   chatty                  and...graphics.composer@2.4-service  I  uid=1000(system) composer@2.4-se identical 1 line
2026-03-23 14:21:01.955   843-843   hwc-drm-plane           and...graphics.composer@2.4-service  W  IsCrtcSupported: This Plane(id=100) is activated for Crtc(id=167), could not be used for Crtc (id=98)
2026-03-23 14:21:01.971   843-843   hwc-drm-plane           and...graphics.composer@2.4-service  W  IsCrtcSupported: This Plane(id=31) is activated for Crtc(id=98), could not be used for Crtc (id=167)
2026-03-23 14:21:01.971   843-843   chatty                  and...graphics.composer@2.4-service  I  uid=1000(system) composer@2.4-se identical 1 line
2026-03-23 14:21:01.971   843-843   hwc-drm-plane           and...graphics.composer@2.4-service  W  IsCrtcSupported: This Plane(id=31) is activated for Crtc(id=98), could not be used for Crtc (id=167)
2026-03-23 14:21:01.972   843-843   hwc-drm-plane           and...graphics.composer@2.4-service  W  IsCrtcSupported: This Plane(id=100) is activated for Crtc(id=167), could not be used for Crtc (id=98)
2026-03-23 14:21:01.972   843-843   chatty                  and...graphics.composer@2.4-service  I  uid=1000(system) composer@2.4-se identical 1 line
2026-03-23 14:21:01.972   843-843   hwc-drm-plane           and...graphics.composer@2.4-service  W  IsCrtcSupported: This Plane(id=100) is activated for Crtc(id=167), could not be used for Crtc (id=98)
2026-03-23 14:21:02.055  1035-1473  AudioSystem-JNI         system_server                        E  AudioSystem::listAudioPorts error -19
2026-03-23 14:21:02.055  1035-1473  AudioManager            system_server                        W  updateAudioPortCache: listAudioPorts failed
2026-03-23 14:21:02.155  1035-1473  AudioSystem-JNI         system_server                        E  AudioSystem::listAudioPorts error -19
2026-03-23 14:21:02.155  1035-1473  AudioManager            system_server                        W  updateAudioPortCache: listAudioPorts failed
2026-03-23 14:21:02.188 13395-13395 ReactNative             com.restaurant.hpos                  I  [GESTURE HANDLER] Gesture handler is already enabled for a parent view
2026-03-23 14:21:02.204   843-843   hwc-drm-plane           and...graphics.composer@2.4-service  W  IsCrtcSupported: This Plane(id=31) is activated for Crtc(id=98), could not be used for Crtc (id=167)
2026-03-23 14:21:02.204   843-843   chatty                  and...graphics.composer@2.4-service  I  uid=1000(system) composer@2.4-se identical 1 line
2026-03-23 14:21:02.205   843-843   hwc-drm-plane           and...graphics.composer@2.4-service  W  IsCrtcSupported: This Plane(id=31) is activated for Crtc(id=98), could not be used for Crtc (id=167)
2026-03-23 14:21:02.205   843-843   hwc-drm-plane           and...graphics.composer@2.4-service  W  IsCrtcSupported: This Plane(id=100) is activated for Crtc(id=167), could not be used for Crtc (id=98)
2026-03-23 14:21:02.205   843-843   chatty                  and...graphics.composer@2.4-service  I  uid=1000(system) composer@2.4-se identical 1 line
2026-03-23 14:21:02.205   843-843   hwc-drm-plane           and...graphics.composer@2.4-service  W  IsCrtcSupported: This Plane(id=100) is activated for Crtc(id=167), could not be used for Crtc (id=98)
2026-03-23 14:21:02.221   843-843   hwc-drm-plane           and...graphics.composer@2.4-service  W  IsCrtcSupported: This Plane(id=31) is activated for Crtc(id=98), could not be used for Crtc (id=167)
2026-03-23 14:21:02.221   843-843   chatty                  and...graphics.composer@2.4-service  I  uid=1000(system) composer@2.4-se identical 1 line
2026-03-23 14:21:02.221   843-843   hwc-drm-plane           and...graphics.composer@2.4-service  W  IsCrtcSupported: This Plane(id=31) is activated for Crtc(id=98), could not be used for Crtc (id=167)
2026-03-23 14:21:02.221   843-843   hwc-drm-plane           and...graphics.composer@2.4-service  W  IsCrtcSupported: This Plane(id=100) is activated for Crtc(id=167), could not be used for Crtc (id=98)
2026-03-23 14:21:02.221   843-843   chatty                  and...graphics.composer@2.4-service  I  uid=1000(system) composer@2.4-se identical 1 line
2026-03-23 14:21:02.222   843-843   hwc-drm-plane           and...graphics.composer@2.4-service  W  IsCrtcSupported: This Plane(id=100) is activated for Crtc(id=167), could not be used for Crtc (id=98)
2026-03-23 14:21:02.238   843-843   hwc-drm-plane           and...graphics.composer@2.4-service  W  IsCrtcSupported: This Plane(id=31) is activated for Crtc(id=98), could not be used for Crtc (id=167)
2026-03-23 14:21:02.238   843-843   chatty                  and...graphics.composer@2.4-service  I  uid=1000(system) composer@2.4-se identical 1 line
2026-03-23 14:21:02.238   843-843   hwc-drm-plane           and...graphics.composer@2.4-service  W  IsCrtcSupported: This Plane(id=31) is activated for Crtc(id=98), could not be used for Crtc (id=167)
2026-03-23 14:21:02.238   843-843   hwc-drm-plane           and...graphics.composer@2.4-service  W  IsCrtcSupported: This Plane(id=100) is activated for Crtc(id=167), could not be used for Crtc (id=98)
2026-03-23 14:21:02.238   843-843   chatty                  and...graphics.composer@2.4-service  I  uid=1000(system) composer@2.4-se identical 1 line
2026-03-23 14:21:02.238   843-843   hwc-drm-plane           and...graphics.composer@2.4-service  W  IsCrtcSupported: This Plane(id=100) is activated for Crtc(id=167), could not be used for Crtc (id=98)
2026-03-23 14:21:02.256  1035-1473  AudioSystem-JNI         system_server                        E  AudioSystem::listAudioPorts error -19
2026-03-23 14:21:02.256  1035-1473  AudioManager            system_server                        W  updateAudioPortCache: listAudioPorts failed
2026-03-23 14:21:02.356  1035-1473  AudioSystem-JNI         system_server                        E  AudioSystem::listAudioPorts error -19
2026-03-23 14:21:02.356  1035-1473  AudioManager            system_server                        W  updateAudioPortCache: listAudioPorts failed
2026-03-23 14:21:02.456  1035-1473  AudioSystem-JNI         system_server                        E  AudioSystem::listAudioPorts error -19
2026-03-23 14:21:02.456  1035-1473  AudioManager            system_server                        W  updateAudioPortCache: listAudioPorts failed
2026-03-23 14:21:02.557  1035-1473  AudioSystem-JNI         system_server                        E  AudioSystem::listAudioPorts error -19
2026-03-23 14:21:02.557  1035-1473  AudioManager            system_server                        W  updateAudioPortCache: listAudioPorts failed
2026-03-23 14:21:02.657  1035-1473  AudioSystem-JNI         system_server                        E  AudioSystem::listAudioPorts error -19
2026-03-23 14:21:02.657  1035-1473  AudioManager            system_server                        W  updateAudioPortCache: listAudioPorts failed
2026-03-23 14:21:02.758  1035-1473  AudioSystem-JNI         system_server                        E  AudioSystem::listAudioPorts error -19
2026-03-23 14:21:02.758  1035-1473  AudioManager            system_server                        W  updateAudioPortCache: listAudioPorts failed
2026-03-23 14:21:02.858  1035-1473  AudioSystem-JNI         system_server                        E  AudioSystem::listAudioPorts error -19
2026-03-23 14:21:02.858  1035-1473  AudioManager            system_server                        W  updateAudioPortCache: listAudioPorts failed
2026-03-23 14:21:02.941 15180-15180 AndroidRuntime          app_process                          D  >>>>>> START com.android.internal.os.RuntimeInit uid 2000 <<<<<<
2026-03-23 14:21:02.943 15180-15180 AndroidRuntime          app_process                          I  Using default boot image
2026-03-23 14:21:02.943 15180-15180 AndroidRuntime          app_process                          I  Leaving lock profiling enabled
2026-03-23 14:21:02.954   843-843   hwc-drm-plane           and...graphics.composer@2.4-service  W  IsCrtcSupported: This Plane(id=31) is activated for Crtc(id=98), could not be used for Crtc (id=167)
2026-03-23 14:21:02.954   843-843   chatty                  and...graphics.composer@2.4-service  I  uid=1000(system) composer@2.4-se identical 1 line
2026-03-23 14:21:02.954   843-843   hwc-drm-plane           and...graphics.composer@2.4-service  W  IsCrtcSupported: This Plane(id=31) is activated for Crtc(id=98), could not be used for Crtc (id=167)
2026-03-23 14:21:02.954   843-843   hwc-drm-plane           and...graphics.composer@2.4-service  W  IsCrtcSupported: This Plane(id=100) is activated for Crtc(id=167), could not be used for Crtc (id=98)
2026-03-23 14:21:02.954   843-843   chatty                  and...graphics.composer@2.4-service  I  uid=1000(system) composer@2.4-se identical 1 line
2026-03-23 14:21:02.954   843-843   hwc-drm-plane           and...graphics.composer@2.4-service  W  IsCrtcSupported: This Plane(id=100) is activated for Crtc(id=167), could not be used for Crtc (id=98)
2026-03-23 14:21:02.958  1035-1473  AudioSystem-JNI         system_server                        E  AudioSystem::listAudioPorts error -19
2026-03-23 14:21:02.958  1035-1473  AudioManager            system_server                        W  updateAudioPortCache: listAudioPorts failed
2026-03-23 14:21:02.994 15180-15180 app_process             app_process                          D  Time zone APEX ICU file found: /apex/com.android.tzdata/etc/icu/icu_tzdata.dat
2026-03-23 14:21:02.994 15180-15180 app_process             app_process                          D  I18n APEX ICU file found: /apex/com.android.i18n/etc/icu/icudt66l.dat
2026-03-23 14:21:02.997 15180-15180 app_process             app_process                          W  Unexpected CPU variant for X86 using defaults: x86_64
2026-03-23 14:21:02.998 15180-15180 app_process             app_process                          I  The ClassLoaderContext is a special shared library.
2026-03-23 14:21:03.006 15180-15180 app_process             app_process                          W  JNI RegisterNativeMethods: attempt to register 0 native methods for android.media.AudioAttributes
2026-03-23 14:21:03.009 15180-15180 AndroidRuntime          app_process                          D  Calling main entry com.android.commands.input.Input
2026-03-23 14:21:03.015 15180-15180 AndroidRuntime          app_process                          D  Shutting down VM
2026-03-23 14:21:03.021  1035-1119  AudioSystem             system_server                        E  no strategy found for attributes { Content type: AUDIO_CONTENT_TYPE_SONIFICATION Usage: AUDIO_USAGE_ASSISTANCE_SONIFICATION Source: AUDIO_SOURCE_DEFAULT Flags: 0x800 Tags:  }
2026-03-23 14:21:03.021  1255-27705 AudioFlinger            audioserver                          E  createTrack() getOutputForAttr() return error -19 or invalid output handle
2026-03-23 14:21:03.022  1035-1119  IAudioFlinger           system_server                        E  createTrack returned error -19
2026-03-23 14:21:03.022  1035-1119  AudioTrack              system_server                        E  createTrack_l(0): AudioFlinger could not create track, status: -19 output 0
2026-03-23 14:21:03.022  1035-1119  SoundPool::Stream       system_server                        E  play_l: error creating AudioTrack
2026-03-23 14:21:03.022  1035-1119  AudioTrack              system_server                        D  gather(): no metrics gathered, track status=-19
2026-03-23 14:21:03.037   843-843   hwc-drm-plane           and...graphics.composer@2.4-service  W  IsCrtcSupported: This Plane(id=31) is activated for Crtc(id=98), could not be used for Crtc (id=167)
2026-03-23 14:21:03.037   843-843   chatty                  and...graphics.composer@2.4-service  I  uid=1000(system) composer@2.4-se identical 1 line
2026-03-23 14:21:03.037   843-843   hwc-drm-plane           and...graphics.composer@2.4-service  W  IsCrtcSupported: This Plane(id=31) is activated for Crtc(id=98), could not be used for Crtc (id=167)
2026-03-23 14:21:03.037   843-843   hwc-drm-plane           and...graphics.composer@2.4-service  W  IsCrtcSupported: This Plane(id=100) is activated for Crtc(id=167), could not be used for Crtc (id=98)
2026-03-23 14:21:03.037   843-843   chatty                  and...graphics.composer@2.4-service  I  uid=1000(system) composer@2.4-se identical 1 line
2026-03-23 14:21:03.038   843-843   hwc-drm-plane           and...graphics.composer@2.4-service  W  IsCrtcSupported: This Plane(id=100) is activated for Crtc(id=167), could not be used for Crtc (id=98)
2026-03-23 14:21:03.059  1035-1473  AudioSystem-JNI         system_server                        E  AudioSystem::listAudioPorts error -19
2026-03-23 14:21:03.059  1035-1473  AudioManager            system_server                        W  updateAudioPortCache: listAudioPorts failed
2026-03-23 14:21:03.072   961-1848  ServiceManager          cameraserver                         W  Permission failure: android.permission.SYSTEM_CAMERA from uid=10114 pid=1161
2026-03-23 14:21:03.072   961-1848  ServiceManager          cameraserver                         W  Permission failure: android.permission.SYSTEM_CAMERA from uid=10114 pid=1161
2026-03-23 14:21:03.077  1035-1121  AudioSystem-JNI         system_server                        E  Command failed for android_media_AudioSystem_initStreamVolume: -19
2026-03-23 14:21:03.077  1035-1121  AS.AudioService         system_server                        E  Failed to initStreamVolume (1) for stream 11
2026-03-23 14:21:03.077  1035-1121  AS.AudioService         system_server                        E  VSS(): initStreamVolume failed with 1 will retry
2026-03-23 14:21:03.159  1035-1473  AudioSystem-JNI         system_server                        E  AudioSystem::listAudioPorts error -19
2026-03-23 14:21:03.159  1035-1473  AudioManager            system_server                        W  updateAudioPortCache: listAudioPorts failed
2026-03-23 14:21:03.259  1035-1473  AudioSystem-JNI         system_server                        E  AudioSystem::listAudioPorts error -19
2026-03-23 14:21:03.259  1035-1473  AudioManager            system_server                        W  updateAudioPortCache: listAudioPorts failed
2026-03-23 14:21:03.287 13395-13395 ReactNative             com.restaurant.hpos                  I  [GESTURE HANDLER] Gesture handler is already enabled for a parent view
2026-03-23 14:21:03.304   843-843   hwc-drm-plane           and...graphics.composer@2.4-service  W  IsCrtcSupported: This Plane(id=31) is activated for Crtc(id=98), could not be used for Crtc (id=167)
2026-03-23 14:21:03.304   843-843   chatty                  and...graphics.composer@2.4-service  I  uid=1000(system) composer@2.4-se identical 1 line
2026-03-23 14:21:03.304   843-843   hwc-drm-plane           and...graphics.composer@2.4-service  W  IsCrtcSupported: This Plane(id=31) is activated for Crtc(id=98), could not be used for Crtc (id=167)
2026-03-23 14:21:03.304   843-843   hwc-drm-plane           and...graphics.composer@2.4-service  W  IsCrtcSupported: This Plane(id=100) is activated for Crtc(id=167), could not be used for Crtc (id=98)
2026-03-23 14:21:03.304   843-843   chatty                  and...graphics.composer@2.4-service  I  uid=1000(system) composer@2.4-se identical 1 line
2026-03-23 14:21:03.304   843-843   hwc-drm-plane           and...graphics.composer@2.4-service  W  IsCrtcSupported: This Plane(id=100) is activated for Crtc(id=167), could not be used for Crtc (id=98)
2026-03-23 14:21:03.320   843-843   hwc-drm-plane           and...graphics.composer@2.4-service  W  IsCrtcSupported: This Plane(id=31) is activated for Crtc(id=98), could not be used for Crtc (id=167)
2026-03-23 14:21:03.320   843-843   chatty                  and...graphics.composer@2.4-service  I  uid=1000(system) composer@2.4-se identical 1 line
2026-03-23 14:21:03.320   843-843   hwc-drm-plane           and...graphics.composer@2.4-service  W  IsCrtcSupported: This Plane(id=31) is activated for Crtc(id=98), could not be used for Crtc (id=167)
2026-03-23 14:21:03.320   843-843   hwc-drm-plane           and...graphics.composer@2.4-service  W  IsCrtcSupported: This Plane(id=100) is activated for Crtc(id=167), could not be used for Crtc (id=98)
2026-03-23 14:21:03.320   843-843   chatty                  and...graphics.composer@2.4-service  I  uid=1000(system) composer@2.4-se identical 1 line
2026-03-23 14:21:03.321   843-843   hwc-drm-plane           and...graphics.composer@2.4-service  W  IsCrtcSupported: This Plane(id=100) is activated for Crtc(id=167), could not be used for Crtc (id=98)
2026-03-23 14:21:03.360  1035-1473  AudioSystem-JNI         system_server                        E  AudioSystem::listAudioPorts error -19
2026-03-23 14:21:03.360  1035-1473  AudioManager            system_server                        W  updateAudioPortCache: listAudioPorts failed
2026-03-23 14:21:03.432 13395-13433 com.restaurant.hpos     com.restaurant.hpos                  I  [printCommands] print ip:10.50.0.110 EPSON-PRINTER send to printer brand:1 name:Thermal_T20 jobId:DDD61D02-E819-4F28-B113-30C0107143BB
2026-03-23 14:21:03.432 13395-13433 com.restaurant.hpos     com.restaurant.hpos                  I  [printCommands] print ip:10.50.0.110 EPSON-PRINTER print image
2026-03-23 14:21:03.432 13395-13433 com.restaurant.hpos     com.restaurant.hpos                  I  [printCommands] printImage type: file, expectedWidth: 570, realWidth: 580
2026-03-23 14:21:03.441 13395-13433 com.restaurant.hpos     com.restaurant.hpos                  I  [printCommands] print ip:10.50.0.110 EPSON-PRINTER Thermal_T20 printImage, expectedWidth: 570, scaleBitmap.width: 570
2026-03-23 14:21:03.445 13395-13433 com.restaurant.hpos     com.restaurant.hpos                  I  [printCommands] print ip:10.50.0.110 EPSON-PRINTER attempting to connect to printer at [seriesId:6
2026-03-23 14:21:03.460  1035-1473  AudioSystem-JNI         system_server                        E  AudioSystem::listAudioPorts error -19
2026-03-23 14:21:03.460  1035-1473  AudioManager            system_server                        W  updateAudioPortCache: listAudioPorts failed
2026-03-23 14:21:03.561  1035-1473  AudioSystem-JNI         system_server                        E  AudioSystem::listAudioPorts error -19
2026-03-23 14:21:03.561  1035-1473  AudioManager            system_server                        W  updateAudioPortCache: listAudioPorts failed
2026-03-23 14:21:03.661  1035-1473  AudioSystem-JNI         system_server                        E  AudioSystem::listAudioPorts error -19
2026-03-23 14:21:03.661  1035-1473  AudioManager            system_server                        W  updateAudioPortCache: listAudioPorts failed
2026-03-23 14:21:03.762  1035-1473  AudioSystem-JNI         system_server                        E  AudioSystem::listAudioPorts error -19
