2026-03-23 14:20:54.727  1035-1473  AudioSystem-JNI         system_server                        E  AudioSystem::listAudioPorts error -19
2026-03-23 14:20:54.727  1035-1473  AudioManager            system_server                        W  updateAudioPortCache: listAudioPorts failed
2026-03-23 14:20:54.821 13395-13447 com.restaurant.hpos     com.restaurant.hpos                  I  [receipts] get the items need be print.
2026-03-23 14:20:54.826 13395-13447 com.restaurant.hpos     com.restaurant.hpos                  I  [receipts] 4 receipts be generated.
2026-03-23 14:20:54.827  1035-1473  AudioSystem-JNI         system_server                        E  AudioSystem::listAudioPorts error -19
2026-03-23 14:20:54.827  1035-1473  AudioManager            system_server                        W  updateAudioPortCache: listAudioPorts failed
2026-03-23 14:20:54.861   843-843   hwc-drm-plane           and...graphics.composer@2.4-service  W  IsCrtcSupported: This Plane(id=31) is activated for Crtc(id=98), could not be used for Crtc (id=167)
2026-03-23 14:20:54.861   843-843   chatty                  and...graphics.composer@2.4-service  I  uid=1000(system) composer@2.4-se identical 1 line
2026-03-23 14:20:54.861   843-843   hwc-drm-plane           and...graphics.composer@2.4-service  W  IsCrtcSupported: This Plane(id=31) is activated for Crtc(id=98), could not be used for Crtc (id=167)
2026-03-23 14:20:54.861   843-843   hwc-drm-plane           and...graphics.composer@2.4-service  W  IsCrtcSupported: This Plane(id=100) is activated for Crtc(id=167), could not be used for Crtc (id=98)
2026-03-23 14:20:54.861   843-843   chatty                  and...graphics.composer@2.4-service  I  uid=1000(system) composer@2.4-se identical 1 line
2026-03-23 14:20:54.861   843-843   hwc-drm-plane           and...graphics.composer@2.4-service  W  IsCrtcSupported: This Plane(id=100) is activated for Crtc(id=167), could not be used for Crtc (id=98)
2026-03-23 14:20:54.877   843-843   hwc-drm-plane           and...graphics.composer@2.4-service  W  IsCrtcSupported: This Plane(id=31) is activated for Crtc(id=98), could not be used for Crtc (id=167)
2026-03-23 14:20:54.877   843-843   chatty                  and...graphics.composer@2.4-service  I  uid=1000(system) composer@2.4-se identical 1 line
2026-03-23 14:20:54.878   843-843   hwc-drm-plane           and...graphics.composer@2.4-service  W  IsCrtcSupported: This Plane(id=31) is activated for Crtc(id=98), could not be used for Crtc (id=167)
2026-03-23 14:20:54.878   843-843   hwc-drm-plane           and...graphics.composer@2.4-service  W  IsCrtcSupported: This Plane(id=100) is activated for Crtc(id=167), could not be used for Crtc (id=98)
2026-03-23 14:20:54.878   843-843   chatty                  and...graphics.composer@2.4-service  I  uid=1000(system) composer@2.4-se identical 1 line
2026-03-23 14:20:54.878   843-843   hwc-drm-plane           and...graphics.composer@2.4-service  W  IsCrtcSupported: This Plane(id=100) is activated for Crtc(id=167), could not be used for Crtc (id=98)
2026-03-23 14:20:54.928  1035-1473  AudioSystem-JNI         system_server                        E  AudioSystem::listAudioPorts error -19
2026-03-23 14:20:54.928  1035-1473  AudioManager            system_server                        W  updateAudioPortCache: listAudioPorts failed
2026-03-23 14:20:54.940 13395-13447 com.restaurant.hpos     com.restaurant.hpos                  I  [receipts] get the items need be print.
2026-03-23 14:20:54.942 13395-13447 com.restaurant.hpos     com.restaurant.hpos                  I  [receipts] 1 receipts be generated.
2026-03-23 14:20:54.961   843-843   hwc-drm-plane           and...graphics.composer@2.4-service  W  IsCrtcSupported: This Plane(id=31) is activated for Crtc(id=98), could not be used for Crtc (id=167)
2026-03-23 14:20:54.961   843-843   chatty                  and...graphics.composer@2.4-service  I  uid=1000(system) composer@2.4-se identical 1 line
2026-03-23 14:20:54.961   843-843   hwc-drm-plane           and...graphics.composer@2.4-service  W  IsCrtcSupported: This Plane(id=31) is activated for Crtc(id=98), could not be used for Crtc (id=167)
2026-03-23 14:20:54.961   843-843   hwc-drm-plane           and...graphics.composer@2.4-service  W  IsCrtcSupported: This Plane(id=100) is activated for Crtc(id=167), could not be used for Crtc (id=98)
2026-03-23 14:20:54.961   843-843   chatty                  and...graphics.composer@2.4-service  I  uid=1000(system) composer@2.4-se identical 1 line
2026-03-23 14:20:54.961   843-843   hwc-drm-plane           and...graphics.composer@2.4-service  W  IsCrtcSupported: This Plane(id=100) is activated for Crtc(id=167), could not be used for Crtc (id=98)
2026-03-23 14:20:54.987 13395-13779 com.restaurant.hpos     com.restaurant.hpos                  I  [printCommands] postGenerationImage success
2026-03-23 14:20:54.987 13395-13779 System.out              com.restaurant.hpos                  I  onImageGenerated:ImageGeneratedResultInfo(code=0, errorMessage=null, imageUri=file:///data/user/0/com.restaurant.hpos/files/receiptImages/hrpos_canvasshot_1774246854961361404077121228.png)
2026-03-23 14:20:55.028  1035-1473  AudioSystem-JNI         system_server                        E  AudioSystem::listAudioPorts error -19
2026-03-23 14:20:55.028  1035-1473  AudioManager            system_server                        W  updateAudioPortCache: listAudioPorts failed
2026-03-23 14:20:55.072  1035-1121  AudioSystem-JNI         system_server                        E  Command failed for android_media_AudioSystem_initStreamVolume: -19
2026-03-23 14:20:55.072  1035-1121  AS.AudioService         system_server                        E  Failed to initStreamVolume (1) for stream 11
2026-03-23 14:20:55.072  1035-1121  AS.AudioService         system_server                        E  VSS(): initStreamVolume failed with 1 will retry
2026-03-23 14:20:55.104 13395-13447 com.restaurant.hpos     com.restaurant.hpos                  I  [printCommands] startDiscovery
2026-03-23 14:20:55.128  1035-1473  AudioSystem-JNI         system_server                        E  AudioSystem::listAudioPorts error -19
2026-03-23 14:20:55.128  1035-1473  AudioManager            system_server                        W  updateAudioPortCache: listAudioPorts failed
2026-03-23 14:20:55.144   843-843   hwc-drm-plane           and...graphics.composer@2.4-service  W  IsCrtcSupported: This Plane(id=31) is activated for Crtc(id=98), could not be used for Crtc (id=167)
2026-03-23 14:20:55.144   843-843   chatty                  and...graphics.composer@2.4-service  I  uid=1000(system) composer@2.4-se identical 1 line
2026-03-23 14:20:55.144   843-843   hwc-drm-plane           and...graphics.composer@2.4-service  W  IsCrtcSupported: This Plane(id=31) is activated for Crtc(id=98), could not be used for Crtc (id=167)
2026-03-23 14:20:55.144   843-843   hwc-drm-plane           and...graphics.composer@2.4-service  W  IsCrtcSupported: This Plane(id=100) is activated for Crtc(id=167), could not be used for Crtc (id=98)
2026-03-23 14:20:55.144   843-843   chatty                  and...graphics.composer@2.4-service  I  uid=1000(system) composer@2.4-se identical 1 line
2026-03-23 14:20:55.144   843-843   hwc-drm-plane           and...graphics.composer@2.4-service  W  IsCrtcSupported: This Plane(id=100) is activated for Crtc(id=167), could not be used for Crtc (id=98)
2026-03-23 14:20:55.157 13395-13447 com.restaurant.hpos     com.restaurant.hpos                  I  [printQueue] addPrintJob queueName:Impact_U220 jobId:1B2ABDED-0A63-4695-8EBA-BAED92E31C63 failed:false
2026-03-23 14:20:55.160   843-843   hwc-drm-plane           and...graphics.composer@2.4-service  W  IsCrtcSupported: This Plane(id=31) is activated for Crtc(id=98), could not be used for Crtc (id=167)
2026-03-23 14:20:55.160   843-843   chatty                  and...graphics.composer@2.4-service  I  uid=1000(system) composer@2.4-se identical 1 line
2026-03-23 14:20:55.161   843-843   hwc-drm-plane           and...graphics.composer@2.4-service  W  IsCrtcSupported: This Plane(id=31) is activated for Crtc(id=98), could not be used for Crtc (id=167)
2026-03-23 14:20:55.161   843-843   hwc-drm-plane           and...graphics.composer@2.4-service  W  IsCrtcSupported: This Plane(id=100) is activated for Crtc(id=167), could not be used for Crtc (id=98)
2026-03-23 14:20:55.161   843-843   chatty                  and...graphics.composer@2.4-service  I  uid=1000(system) composer@2.4-se identical 1 line
2026-03-23 14:20:55.161   843-843   hwc-drm-plane           and...graphics.composer@2.4-service  W  IsCrtcSupported: This Plane(id=100) is activated for Crtc(id=167), could not be used for Crtc (id=98)
2026-03-23 14:20:55.167 13395-13434 com.restaurant.hpos     com.restaurant.hpos                  I  [printCommands] print ip:10.50.0.110 EPSON-PRINTER send to printer brand:1 name:Thermal_T20 jobId:DDD61D02-E819-4F28-B113-30C0107143BB
2026-03-23 14:20:55.167 13395-13434 com.restaurant.hpos     com.restaurant.hpos                  I  [printCommands] print ip:10.50.0.110 EPSON-PRINTER print image
2026-03-23 14:20:55.168 13395-13434 com.restaurant.hpos     com.restaurant.hpos                  I  [printCommands] printImage type: file, expectedWidth: 570, realWidth: 580
2026-03-23 14:20:55.177   843-843   hwc-drm-plane           and...graphics.composer@2.4-service  W  IsCrtcSupported: This Plane(id=31) is activated for Crtc(id=98), could not be used for Crtc (id=167)
2026-03-23 14:20:55.177   843-843   chatty                  and...graphics.composer@2.4-service  I  uid=1000(system) composer@2.4-se identical 1 line
2026-03-23 14:20:55.178   843-843   hwc-drm-plane           and...graphics.composer@2.4-service  W  IsCrtcSupported: This Plane(id=31) is activated for Crtc(id=98), could not be used for Crtc (id=167)
2026-03-23 14:20:55.178   843-843   hwc-drm-plane           and...graphics.composer@2.4-service  W  IsCrtcSupported: This Plane(id=100) is activated for Crtc(id=167), could not be used for Crtc (id=98)
2026-03-23 14:20:55.178   843-843   chatty                  and...graphics.composer@2.4-service  I  uid=1000(system) composer@2.4-se identical 1 line
2026-03-23 14:20:55.178   843-843   hwc-drm-plane           and...graphics.composer@2.4-service  W  IsCrtcSupported: This Plane(id=100) is activated for Crtc(id=167), could not be used for Crtc (id=98)
2026-03-23 14:20:55.179 13395-13434 com.restaurant.hpos     com.restaurant.hpos                  I  [printCommands] print ip:10.50.0.110 EPSON-PRINTER Thermal_T20 printImage, expectedWidth: 570, scaleBitmap.width: 570
2026-03-23 14:20:55.184 13395-13434 com.restaurant.hpos     com.restaurant.hpos                  I  [printCommands] print ip:10.50.0.110 EPSON-PRINTER attempting to connect to printer at [seriesId:6
2026-03-23 14:20:55.194   843-843   hwc-drm-plane           and...graphics.composer@2.4-service  W  IsCrtcSupported: This Plane(id=31) is activated for Crtc(id=98), could not be used for Crtc (id=167)
2026-03-23 14:20:55.194   843-843   chatty                  and...graphics.composer@2.4-service  I  uid=1000(system) composer@2.4-se identical 1 line
2026-03-23 14:20:55.194   843-843   hwc-drm-plane           and...graphics.composer@2.4-service  W  IsCrtcSupported: This Plane(id=31) is activated for Crtc(id=98), could not be used for Crtc (id=167)
2026-03-23 14:20:55.194   843-843   hwc-drm-plane           and...graphics.composer@2.4-service  W  IsCrtcSupported: This Plane(id=100) is activated for Crtc(id=167), could not be used for Crtc (id=98)
2026-03-23 14:20:55.194   843-843   chatty                  and...graphics.composer@2.4-service  I  uid=1000(system) composer@2.4-se identical 1 line
2026-03-23 14:20:55.194   843-843   hwc-drm-plane           and...graphics.composer@2.4-service  W  IsCrtcSupported: This Plane(id=100) is activated for Crtc(id=167), could not be used for Crtc (id=98)
2026-03-23 14:20:55.201 13395-13779 com.restaurant.hpos     com.restaurant.hpos                  I  [printCommands] postGenerationImage success
2026-03-23 14:20:55.201 13395-13779 System.out              com.restaurant.hpos                  I  onImageGenerated:ImageGeneratedResultInfo(code=0, errorMessage=null, imageUri=file:///data/user/0/com.restaurant.hpos/files/receiptImages/hrpos_canvasshot_1774246855174361404290176643.png)
2026-03-23 14:20:55.210   843-843   hwc-drm-plane           and...graphics.composer@2.4-service  W  IsCrtcSupported: This Plane(id=31) is activated for Crtc(id=98), could not be used for Crtc (id=167)
2026-03-23 14:20:55.210   843-843   chatty                  and...graphics.composer@2.4-service  I  uid=1000(system) composer@2.4-se identical 1 line
2026-03-23 14:20:55.211   843-843   hwc-drm-plane           and...graphics.composer@2.4-service  W  IsCrtcSupported: This Plane(id=31) is activated for Crtc(id=98), could not be used for Crtc (id=167)
2026-03-23 14:20:55.211   843-843   hwc-drm-plane           and...graphics.composer@2.4-service  W  IsCrtcSupported: This Plane(id=100) is activated for Crtc(id=167), could not be used for Crtc (id=98)
2026-03-23 14:20:55.211   843-843   chatty                  and...graphics.composer@2.4-service  I  uid=1000(system) composer@2.4-se identical 1 line
2026-03-23 14:20:55.211   843-843   hwc-drm-plane           and...graphics.composer@2.4-service  W  IsCrtcSupported: This Plane(id=100) is activated for Crtc(id=167), could not be used for Crtc (id=98)
2026-03-23 14:20:55.219 13395-13447 com.restaurant.hpos     com.restaurant.hpos                  I  [printQueue] addPrintJob queueName:Thermal_T20 jobId:A6118001-0129-40C0-8D07-B9AB6117BCF9 failed:false
2026-03-23 14:20:55.227   843-843   hwc-drm-plane           and...graphics.composer@2.4-service  W  IsCrtcSupported: This Plane(id=31) is activated for Crtc(id=98), could not be used for Crtc (id=167)
2026-03-23 14:20:55.227   843-843   chatty                  and...graphics.composer@2.4-service  I  uid=1000(system) composer@2.4-se identical 1 line
2026-03-23 14:20:55.227   843-843   hwc-drm-plane           and...graphics.composer@2.4-service  W  IsCrtcSupported: This Plane(id=31) is activated for Crtc(id=98), could not be used for Crtc (id=167)
2026-03-23 14:20:55.227   843-843   hwc-drm-plane           and...graphics.composer@2.4-service  W  IsCrtcSupported: This Plane(id=100) is activated for Crtc(id=167), could not be used for Crtc (id=98)
2026-03-23 14:20:55.227   843-843   chatty                  and...graphics.composer@2.4-service  I  uid=1000(system) composer@2.4-se identical 1 line
2026-03-23 14:20:55.227   843-843   hwc-drm-plane           and...graphics.composer@2.4-service  W  IsCrtcSupported: This Plane(id=100) is activated for Crtc(id=167), could not be used for Crtc (id=98)
2026-03-23 14:20:55.228  1035-1473  AudioSystem-JNI         system_server                        E  AudioSystem::listAudioPorts error -19
2026-03-23 14:20:55.228  1035-1473  AudioManager            system_server                        W  updateAudioPortCache: listAudioPorts failed
2026-03-23 14:20:55.244   843-843   hwc-drm-plane           and...graphics.composer@2.4-service  W  IsCrtcSupported: This Plane(id=31) is activated for Crtc(id=98), could not be used for Crtc (id=167)
2026-03-23 14:20:55.244   843-843   chatty                  and...graphics.composer@2.4-service  I  uid=1000(system) composer@2.4-se identical 1 line
2026-03-23 14:20:55.244   843-843   hwc-drm-plane           and...graphics.composer@2.4-service  W  IsCrtcSupported: This Plane(id=31) is activated for Crtc(id=98), could not be used for Crtc (id=167)
2026-03-23 14:20:55.244   843-843   hwc-drm-plane           and...graphics.composer@2.4-service  W  IsCrtcSupported: This Plane(id=100) is activated for Crtc(id=167), could not be used for Crtc (id=98)
2026-03-23 14:20:55.244   843-843   chatty                  and...graphics.composer@2.4-service  I  uid=1000(system) composer@2.4-se identical 1 line
2026-03-23 14:20:55.244   843-843   hwc-drm-plane           and...graphics.composer@2.4-service  W  IsCrtcSupported: This Plane(id=100) is activated for Crtc(id=167), could not be used for Crtc (id=98)
2026-03-23 14:20:55.247 13395-13447 com.restaurant.hpos     com.restaurant.hpos                  I  [socket] send socket message(type: 300) failed: socket not connected
2026-03-23 14:20:55.256 13395-13779 com.restaurant.hpos     com.restaurant.hpos                  I  [printCommands] postGenerationImage success
2026-03-23 14:20:55.257 13395-13447 com.restaurant.hpos     com.restaurant.hpos                  I  [webSocket] sending message: {"deviceId":"ALL","id":"A568D1E7-3633-4E3C-B9C5-51D4D7F895F6","excludedDevices":["A568D1E7-3633-4E3C-B9C5-51D4D7F895F6"],"key":"57FE0A82-C836-4ABC-B411-364971B800EB","val":"1774246854.641","type":"ord","method":"token"}
2026-03-23 14:20:55.257 13395-13779 System.out              com.restaurant.hpos                  I  onImageGenerated:ImageGeneratedResultInfo(code=0, errorMessage=null, imageUri=file:///data/user/0/com.restaurant.hpos/files/receiptImages/hrpos_canvasshot_1774246855235361404350599667.png)
2026-03-23 14:20:55.261   843-843   hwc-drm-plane           and...graphics.composer@2.4-service  W  IsCrtcSupported: This Plane(id=31) is activated for Crtc(id=98), could not be used for Crtc (id=167)
2026-03-23 14:20:55.261   843-843   chatty                  and...graphics.composer@2.4-service  I  uid=1000(system) composer@2.4-se identical 1 line
2026-03-23 14:20:55.261   843-843   hwc-drm-plane           and...graphics.composer@2.4-service  W  IsCrtcSupported: This Plane(id=31) is activated for Crtc(id=98), could not be used for Crtc (id=167)
2026-03-23 14:20:55.261   843-843   hwc-drm-plane           and...graphics.composer@2.4-service  W  IsCrtcSupported: This Plane(id=100) is activated for Crtc(id=167), could not be used for Crtc (id=98)
2026-03-23 14:20:55.261   843-843   chatty                  and...graphics.composer@2.4-service  I  uid=1000(system) composer@2.4-se identical 1 line
2026-03-23 14:20:55.261   843-843   hwc-drm-plane           and...graphics.composer@2.4-service  W  IsCrtcSupported: This Plane(id=100) is activated for Crtc(id=167), could not be used for Crtc (id=98)
2026-03-23 14:20:55.274 13395-13447 com.restaurant.hpos     com.restaurant.hpos                  I  [printQueue] addPrintJob queueName:Impact_U220 jobId:4D56A512-0648-41BA-925B-48972BFBC635 failed:false
2026-03-23 14:20:55.277   843-843   hwc-drm-plane           and...graphics.composer@2.4-service  W  IsCrtcSupported: This Plane(id=31) is activated for Crtc(id=98), could not be used for Crtc (id=167)
2026-03-23 14:20:55.277   843-843   chatty                  and...graphics.composer@2.4-service  I  uid=1000(system) composer@2.4-se identical 1 line
2026-03-23 14:20:55.278   843-843   hwc-drm-plane           and...graphics.composer@2.4-service  W  IsCrtcSupported: This Plane(id=31) is activated for Crtc(id=98), could not be used for Crtc (id=167)
2026-03-23 14:20:55.278   843-843   hwc-drm-plane           and...graphics.composer@2.4-service  W  IsCrtcSupported: This Plane(id=100) is activated for Crtc(id=167), could not be used for Crtc (id=98)
2026-03-23 14:20:55.278   843-843   chatty                  and...graphics.composer@2.4-service  I  uid=1000(system) composer@2.4-se identical 1 line
2026-03-23 14:20:55.278   843-843   hwc-drm-plane           and...graphics.composer@2.4-service  W  IsCrtcSupported: This Plane(id=100) is activated for Crtc(id=167), could not be used for Crtc (id=98)
2026-03-23 14:20:55.294   843-843   hwc-drm-plane           and...graphics.composer@2.4-service  W  IsCrtcSupported: This Plane(id=31) is activated for Crtc(id=98), could not be used for Crtc (id=167)
2026-03-23 14:20:55.294   843-843   chatty                  and...graphics.composer@2.4-service  I  uid=1000(system) composer@2.4-se identical 1 line
2026-03-23 14:20:55.295   843-843   hwc-drm-plane           and...graphics.composer@2.4-service  W  IsCrtcSupported: This Plane(id=31) is activated for Crtc(id=98), could not be used for Crtc (id=167)
2026-03-23 14:20:55.295   843-843   hwc-drm-plane           and...graphics.composer@2.4-service  W  IsCrtcSupported: This Plane(id=100) is activated for Crtc(id=167), could not be used for Crtc (id=98)
2026-03-23 14:20:55.295   843-843   chatty                  and...graphics.composer@2.4-service  I  uid=1000(system) composer@2.4-se identical 1 line
2026-03-23 14:20:55.295   843-843   hwc-drm-plane           and...graphics.composer@2.4-service  W  IsCrtcSupported: This Plane(id=100) is activated for Crtc(id=167), could not be used for Crtc (id=98)
2026-03-23 14:20:55.310   843-843   hwc-drm-plane           and...graphics.composer@2.4-service  W  IsCrtcSupported: This Plane(id=31) is activated for Crtc(id=98), could not be used for Crtc (id=167)
2026-03-23 14:20:55.310   843-843   chatty                  and...graphics.composer@2.4-service  I  uid=1000(system) composer@2.4-se identical 1 line
2026-03-23 14:20:55.311   843-843   hwc-drm-plane           and...graphics.composer@2.4-service  W  IsCrtcSupported: This Plane(id=31) is activated for Crtc(id=98), could not be used for Crtc (id=167)
2026-03-23 14:20:55.311   843-843   hwc-drm-plane           and...graphics.composer@2.4-service  W  IsCrtcSupported: This Plane(id=100) is activated for Crtc(id=167), could not be used for Crtc (id=98)
2026-03-23 14:20:55.311   843-843   chatty                  and...graphics.composer@2.4-service  I  uid=1000(system) composer@2.4-se identical 1 line
2026-03-23 14:20:55.311   843-843   hwc-drm-plane           and...graphics.composer@2.4-service  W  IsCrtcSupported: This Plane(id=100) is activated for Crtc(id=167), could not be used for Crtc (id=98)
2026-03-23 14:20:55.312 13395-13779 com.restaurant.hpos     com.restaurant.hpos                  I  [printCommands] postGenerationImage success
2026-03-23 14:20:55.312 13395-13779 System.out              com.restaurant.hpos                  I  onImageGenerated:ImageGeneratedResultInfo(code=0, errorMessage=null, imageUri=file:///data/user/0/com.restaurant.hpos/files/receiptImages/hrpos_canvasshot_1774246855290361404405817204.png)
2026-03-23 14:20:55.327   843-843   hwc-drm-plane           and...graphics.composer@2.4-service  W  IsCrtcSupported: This Plane(id=31) is activated for Crtc(id=98), could not be used for Crtc (id=167)
2026-03-23 14:20:55.327   843-843   chatty                  and...graphics.composer@2.4-service  I  uid=1000(system) composer@2.4-se identical 1 line
2026-03-23 14:20:55.328   843-843   hwc-drm-plane           and...graphics.composer@2.4-service  W  IsCrtcSupported: This Plane(id=31) is activated for Crtc(id=98), could not be used for Crtc (id=167)
2026-03-23 14:20:55.328   843-843   hwc-drm-plane           and...graphics.composer@2.4-service  W  IsCrtcSupported: This Plane(id=100) is activated for Crtc(id=167), could not be used for Crtc (id=98)
2026-03-23 14:20:55.328   843-843   hwc-drm-plane           and...graphics.composer@2.4-service  W  IsCrtcSupported: This Plane(id=100) is activated for Crtc(id=167), could not be used for Crtc (id=98)
2026-03-23 14:20:55.328 13395-13447 com.restaurant.hpos     com.restaurant.hpos                  I  [printQueue] addPrintJob queueName:Thermal_T20 jobId:5A4E961B-9E2D-4846-ABCA-FC0FE82DC64A failed:false
2026-03-23 14:20:55.328   843-843   hwc-drm-plane           and...graphics.composer@2.4-service  W  IsCrtcSupported: This Plane(id=100) is activated for Crtc(id=167), could not be used for Crtc (id=98)
2026-03-23 14:20:55.329  1035-1473  AudioSystem-JNI         system_server                        E  AudioSystem::listAudioPorts error -19
2026-03-23 14:20:55.329  1035-1473  AudioManager            system_server                        W  updateAudioPortCache: listAudioPorts failed
2026-03-23 14:20:55.344   843-843   hwc-drm-plane           and...graphics.composer@2.4-service  W  IsCrtcSupported: This Plane(id=31) is activated for Crtc(id=98), could not be used for Crtc (id=167)
2026-03-23 14:20:55.344   843-843   chatty                  and...graphics.composer@2.4-service  I  uid=1000(system) composer@2.4-se identical 1 line
2026-03-23 14:20:55.344   843-843   hwc-drm-plane           and...graphics.composer@2.4-service  W  IsCrtcSupported: This Plane(id=31) is activated for Crtc(id=98), could not be used for Crtc (id=167)
2026-03-23 14:20:55.344   843-843   hwc-drm-plane           and...graphics.composer@2.4-service  W  IsCrtcSupported: This Plane(id=100) is activated for Crtc(id=167), could not be used for Crtc (id=98)
2026-03-23 14:20:55.344   843-843   chatty                  and...graphics.composer@2.4-service  I  uid=1000(system) composer@2.4-se identical 1 line
2026-03-23 14:20:55.344   843-843   hwc-drm-plane           and...graphics.composer@2.4-service  W  IsCrtcSupported: This Plane(id=100) is activated for Crtc(id=167), could not be used for Crtc (id=98)
2026-03-23 14:20:55.361   843-843   hwc-drm-plane           and...graphics.composer@2.4-service  W  IsCrtcSupported: This Plane(id=31) is activated for Crtc(id=98), could not be used for Crtc (id=167)
2026-03-23 14:20:55.361   843-843   chatty                  and...graphics.composer@2.4-service  I  uid=1000(system) composer@2.4-se identical 1 line
2026-03-23 14:20:55.361   843-843   hwc-drm-plane           and...graphics.composer@2.4-service  W  IsCrtcSupported: This Plane(id=31) is activated for Crtc(id=98), could not be used for Crtc (id=167)
2026-03-23 14:20:55.361   843-843   hwc-drm-plane           and...graphics.composer@2.4-service  W  IsCrtcSupported: This Plane(id=100) is activated for Crtc(id=167), could not be used for Crtc (id=98)
2026-03-23 14:20:55.361   843-843   chatty                  and...graphics.composer@2.4-service  I  uid=1000(system) composer@2.4-se identical 1 line
2026-03-23 14:20:55.361   843-843   hwc-drm-plane           and...graphics.composer@2.4-service  W  IsCrtcSupported: This Plane(id=100) is activated for Crtc(id=167), could not be used for Crtc (id=98)
2026-03-23 14:20:55.370 13395-13779 com.restaurant.hpos     com.restaurant.hpos                  I  [printCommands] postGenerationImage success
2026-03-23 14:20:55.370 13395-13779 System.out              com.restaurant.hpos                  I  onImageGenerated:ImageGeneratedResultInfo(code=0, errorMessage=null, imageUri=file:///data/user/0/com.restaurant.hpos/files/receiptImages/hrpos_canvasshot_1774246855347361404462984283.png)
2026-03-23 14:20:55.377   843-843   hwc-drm-plane           and...graphics.composer@2.4-service  W  IsCrtcSupported: This Plane(id=31) is activated for Crtc(id=98), could not be used for Crtc (id=167)
2026-03-23 14:20:55.377   843-843   chatty                  and...graphics.composer@2.4-service  I  uid=1000(system) composer@2.4-se identical 1 line
2026-03-23 14:20:55.378   843-843   hwc-drm-plane           and...graphics.composer@2.4-service  W  IsCrtcSupported: This Plane(id=31) is activated for Crtc(id=98), could not be used for Crtc (id=167)
2026-03-23 14:20:55.378   843-843   hwc-drm-plane           and...graphics.composer@2.4-service  W  IsCrtcSupported: This Plane(id=100) is activated for Crtc(id=167), could not be used for Crtc (id=98)
2026-03-23 14:20:55.378   843-843   chatty                  and...graphics.composer@2.4-service  I  uid=1000(system) composer@2.4-se identical 1 line
2026-03-23 14:20:55.378   843-843   hwc-drm-plane           and...graphics.composer@2.4-service  W  IsCrtcSupported: This Plane(id=100) is activated for Crtc(id=167), could not be used for Crtc (id=98)
2026-03-23 14:20:55.388 13395-13447 com.restaurant.hpos     com.restaurant.hpos                  I  [printQueue] addPrintJob queueName:Impact_U220 jobId:3FB9B788-D3DA-4667-8D63-8BF1410F5EF4 failed:false
2026-03-23 14:20:55.394   843-843   hwc-drm-plane           and...graphics.composer@2.4-service  W  IsCrtcSupported: This Plane(id=31) is activated for Crtc(id=98), could not be used for Crtc (id=167)
2026-03-23 14:20:55.394   843-843   chatty                  and...graphics.composer@2.4-service  I  uid=1000(system) composer@2.4-se identical 1 line
2026-03-23 14:20:55.394   843-843   hwc-drm-plane           and...graphics.composer@2.4-service  W  IsCrtcSupported: This Plane(id=31) is activated for Crtc(id=98), could not be used for Crtc (id=167)
2026-03-23 14:20:55.395   843-843   hwc-drm-plane           and...graphics.composer@2.4-service  W  IsCrtcSupported: This Plane(id=100) is activated for Crtc(id=167), could not be used for Crtc (id=98)
2026-03-23 14:20:55.395   843-843   chatty                  and...graphics.composer@2.4-service  I  uid=1000(system) composer@2.4-se identical 1 line
2026-03-23 14:20:55.395   843-843   hwc-drm-plane           and...graphics.composer@2.4-service  W  IsCrtcSupported: This Plane(id=100) is activated for Crtc(id=167), could not be used for Crtc (id=98)
2026-03-23 14:20:55.410   843-843   hwc-drm-plane           and...graphics.composer@2.4-service  W  IsCrtcSupported: This Plane(id=31) is activated for Crtc(id=98), could not be used for Crtc (id=167)
2026-03-23 14:20:55.410   843-843   chatty                  and...graphics.composer@2.4-service  I  uid=1000(system) composer@2.4-se identical 1 line
2026-03-23 14:20:55.411   843-843   hwc-drm-plane           and...graphics.composer@2.4-service  W  IsCrtcSupported: This Plane(id=31) is activated for Crtc(id=98), could not be used for Crtc (id=167)
2026-03-23 14:20:55.411   843-843   hwc-drm-plane           and...graphics.composer@2.4-service  W  IsCrtcSupported: This Plane(id=100) is activated for Crtc(id=167), could not be used for Crtc (id=98)
2026-03-23 14:20:55.411   843-843   chatty                  and...graphics.composer@2.4-service  I  uid=1000(system) composer@2.4-se identical 1 line
2026-03-23 14:20:55.411   843-843   hwc-drm-plane           and...graphics.composer@2.4-service  W  IsCrtcSupported: This Plane(id=100) is activated for Crtc(id=167), could not be used for Crtc (id=98)
2026-03-23 14:20:55.427   843-843   hwc-drm-plane           and...graphics.composer@2.4-service  W  IsCrtcSupported: This Plane(id=31) is activated for Crtc(id=98), could not be used for Crtc (id=167)
2026-03-23 14:20:55.427   843-843   chatty                  and...graphics.composer@2.4-service  I  uid=1000(system) composer@2.4-se identical 1 line
2026-03-23 14:20:55.427   843-843   hwc-drm-plane           and...graphics.composer@2.4-service  W  IsCrtcSupported: This Plane(id=31) is activated for Crtc(id=98), could not be used for Crtc (id=167)
2026-03-23 14:20:55.428   843-843   hwc-drm-plane           and...graphics.composer@2.4-service  W  IsCrtcSupported: This Plane(id=100) is activated for Crtc(id=167), could not be used for Crtc (id=98)
2026-03-23 14:20:55.428   843-843   chatty                  and...graphics.composer@2.4-service  I  uid=1000(system) composer@2.4-se identical 1 line
2026-03-23 14:20:55.428   843-843   hwc-drm-plane           and...graphics.composer@2.4-service  W  IsCrtcSupported: This Plane(id=100) is activated for Crtc(id=167), could not be used for Crtc (id=98)
2026-03-23 14:20:55.428 13395-13779 com.restaurant.hpos     com.restaurant.hpos                  I  [printCommands] postGenerationImage success
2026-03-23 14:20:55.428 13395-13779 System.out              com.restaurant.hpos                  I  onImageGenerated:ImageGeneratedResultInfo(code=0, errorMessage=null, imageUri=file:///data/user/0/com.restaurant.hpos/files/receiptImages/hrpos_canvasshot_1774246855405361404521188661.png)
2026-03-23 14:20:55.430  1035-1473  AudioSystem-JNI         system_server                        E  AudioSystem::listAudioPorts error -19
2026-03-23 14:20:55.430  1035-1473  AudioManager            system_server                        W  updateAudioPortCache: listAudioPorts failed
2026-03-23 14:20:55.443   843-843   hwc-drm-plane           and...graphics.composer@2.4-service  W  IsCrtcSupported: This Plane(id=31) is activated for Crtc(id=98), could not be used for Crtc (id=167)
2026-03-23 14:20:55.443 13395-13447 com.restaurant.hpos     com.restaurant.hpos                  I  [printQueue] addPrintJob queueName:Thermal_T20 jobId:BE6011CF-8C87-45F0-9E0A-0B634E55BBDB failed:false
2026-03-23 14:20:55.444   843-843   hwc-drm-plane           and...graphics.composer@2.4-service  W  IsCrtcSupported: This Plane(id=31) is activated for Crtc(id=98), could not be used for Crtc (id=167)
2026-03-23 14:20:55.444   843-843   hwc-drm-plane           and...graphics.composer@2.4-service  W  IsCrtcSupported: This Plane(id=31) is activated for Crtc(id=98), could not be used for Crtc (id=167)
2026-03-23 14:20:55.444   843-843   hwc-drm-plane           and...graphics.composer@2.4-service  W  IsCrtcSupported: This Plane(id=100) is activated for Crtc(id=167), could not be used for Crtc (id=98)
2026-03-23 14:20:55.444   843-843   chatty                  and...graphics.composer@2.4-service  I  uid=1000(system) composer@2.4-se identical 1 line
2026-03-23 14:20:55.444   843-843   hwc-drm-plane           and...graphics.composer@2.4-service  W  IsCrtcSupported: This Plane(id=100) is activated for Crtc(id=167), could not be used for Crtc (id=98)
2026-03-23 14:20:55.460   843-843   hwc-drm-plane           and...graphics.composer@2.4-service  W  IsCrtcSupported: This Plane(id=31) is activated for Crtc(id=98), could not be used for Crtc (id=167)
2026-03-23 14:20:55.460   843-843   chatty                  and...graphics.composer@2.4-service  I  uid=1000(system) composer@2.4-se identical 1 line
2026-03-23 14:20:55.460   843-843   hwc-drm-plane           and...graphics.composer@2.4-service  W  IsCrtcSupported: This Plane(id=31) is activated for Crtc(id=98), could not be used for Crtc (id=167)
2026-03-23 14:20:55.460   843-843   hwc-drm-plane           and...graphics.composer@2.4-service  W  IsCrtcSupported: This Plane(id=100) is activated for Crtc(id=167), could not be used for Crtc (id=98)
2026-03-23 14:20:55.460   843-843   chatty                  and...graphics.composer@2.4-service  I  uid=1000(system) composer@2.4-se identical 1 line
2026-03-23 14:20:55.461   843-843   hwc-drm-plane           and...graphics.composer@2.4-service  W  IsCrtcSupported: This Plane(id=100) is activated for Crtc(id=167), could not be used for Crtc (id=98)
2026-03-23 14:20:55.477   843-843   hwc-drm-plane           and...graphics.composer@2.4-service  W  IsCrtcSupported: This Plane(id=31) is activated for Crtc(id=98), could not be used for Crtc (id=167)
2026-03-23 14:20:55.477   843-843   chatty                  and...graphics.composer@2.4-service  I  uid=1000(system) composer@2.4-se identical 1 line
2026-03-23 14:20:55.477   843-843   hwc-drm-plane           and...graphics.composer@2.4-service  W  IsCrtcSupported: This Plane(id=31) is activated for Crtc(id=98), could not be used for Crtc (id=167)
2026-03-23 14:20:55.477   843-843   hwc-drm-plane           and...graphics.composer@2.4-service  W  IsCrtcSupported: This Plane(id=100) is activated for Crtc(id=167), could not be used for Crtc (id=98)
2026-03-23 14:20:55.477   843-843   chatty                  and...graphics.composer@2.4-service  I  uid=1000(system) composer@2.4-se identical 1 line
2026-03-23 14:20:55.477   843-843   hwc-drm-plane           and...graphics.composer@2.4-service  W  IsCrtcSupported: This Plane(id=100) is activated for Crtc(id=167), could not be used for Crtc (id=98)
2026-03-23 14:20:55.479 13395-13779 com.restaurant.hpos     com.restaurant.hpos                  I  [printCommands] postGenerationImage success
2026-03-23 14:20:55.479 13395-13779 System.out              com.restaurant.hpos                  I  onImageGenerated:ImageGeneratedResultInfo(code=0, errorMessage=null, imageUri=file:///data/user/0/com.restaurant.hpos/files/receiptImages/hrpos_canvasshot_1774246855458361404573840791.png)
2026-03-23 14:20:55.494 13395-13447 com.restaurant.hpos     com.restaurant.hpos                  I  [printQueue] addPrintJob queueName:Impact_U220 jobId:98ACD726-DEF6-4546-AA88-A60BC2EE5116 failed:false
2026-03-23 14:20:55.527   843-843   hwc-drm-plane           and...graphics.composer@2.4-service  W  IsCrtcSupported: This Plane(id=31) is activated for Crtc(id=98), could not be used for Crtc (id=167)
2026-03-23 14:20:55.527   843-843   chatty                  and...graphics.composer@2.4-service  I  uid=1000(system) composer@2.4-se identical 1 line
2026-03-23 14:20:55.527   843-843   hwc-drm-plane           and...graphics.composer@2.4-service  W  IsCrtcSupported: This Plane(id=31) is activated for Crtc(id=98), could not be used for Crtc (id=167)
2026-03-23 14:20:55.527   843-843   hwc-drm-plane           and...graphics.composer@2.4-service  W  IsCrtcSupported: This Plane(id=100) is activated for Crtc(id=167), could not be used for Crtc (id=98)
2026-03-23 14:20:55.527   843-843   chatty                  and...graphics.composer@2.4-service  I  uid=1000(system) composer@2.4-se identical 1 line
2026-03-23 14:20:55.527   843-843   hwc-drm-plane           and...graphics.composer@2.4-service  W  IsCrtcSupported: This Plane(id=100) is activated for Crtc(id=167), could not be used for Crtc (id=98)
2026-03-23 14:20:55.530 13395-13779 com.restaurant.hpos     com.restaurant.hpos                  I  [printCommands] postGenerationImage success
2026-03-23 14:20:55.530 13395-13779 System.out              com.restaurant.hpos                  I  onImageGenerated:ImageGeneratedResultInfo(code=0, errorMessage=null, imageUri=file:///data/user/0/com.restaurant.hpos/files/receiptImages/hrpos_canvasshot_1774246855509361404624473537.png)
2026-03-23 14:20:55.530  1035-1473  AudioSystem-JNI         system_server                        E  AudioSystem::listAudioPorts error -19
2026-03-23 14:20:55.530  1035-1473  AudioManager            system_server                        W  updateAudioPortCache: listAudioPorts failed
2026-03-23 14:20:55.547 13395-13447 com.restaurant.hpos     com.restaurant.hpos                  I  [printQueue] addPrintJob queueName:Thermal_T20 jobId:8CE6487E-E6EE-4B92-A54D-7A0EDACA0556 failed:false
2026-03-23 14:20:55.577   843-843   hwc-drm-plane           and...graphics.composer@2.4-service  W  IsCrtcSupported: This Plane(id=31) is activated for Crtc(id=98), could not be used for Crtc (id=167)
2026-03-23 14:20:55.577   843-843   chatty                  and...graphics.composer@2.4-service  I  uid=1000(system) composer@2.4-se identical 1 line
2026-03-23 14:20:55.577   843-843   hwc-drm-plane           and...graphics.composer@2.4-service  W  IsCrtcSupported: This Plane(id=31) is activated for Crtc(id=98), could not be used for Crtc (id=167)
2026-03-23 14:20:55.577   843-843   hwc-drm-plane           and...graphics.composer@2.4-service  W  IsCrtcSupported: This Plane(id=100) is activated for Crtc(id=167), could not be used for Crtc (id=98)
2026-03-23 14:20:55.577   843-843   chatty                  and...graphics.composer@2.4-service  I  uid=1000(system) composer@2.4-se identical 1 line
2026-03-23 14:20:55.577   843-843   hwc-drm-plane           and...graphics.composer@2.4-service  W  IsCrtcSupported: This Plane(id=100) is activated for Crtc(id=167), could not be used for Crtc (id=98)
2026-03-23 14:20:55.599 15084-15084 AndroidRuntime          pid-15084                            D  >>>>>> START com.android.internal.os.RuntimeInit uid 2000 <<<<<<
2026-03-23 14:20:55.600 15084-15084 AndroidRuntime          pid-15084                            I  Using default boot image
2026-03-23 14:20:55.600 15084-15084 AndroidRuntime          pid-15084                            I  Leaving lock profiling enabled
2026-03-23 14:20:55.630  1035-1473  AudioSystem-JNI         system_server                        E  AudioSystem::listAudioPorts error -19
2026-03-23 14:20:55.630  1035-1473  AudioManager            system_server                        W  updateAudioPortCache: listAudioPorts failed
2026-03-23 14:20:55.650 15084-15084 app_process             pid-15084                            D  Time zone APEX ICU file found: /apex/com.android.tzdata/etc/icu/icu_tzdata.dat
2026-03-23 14:20:55.650 15084-15084 app_process             pid-15084                            D  I18n APEX ICU file found: /apex/com.android.i18n/etc/icu/icudt66l.dat
2026-03-23 14:20:55.653 15084-15084 app_process             pid-15084                            W  Unexpected CPU variant for X86 using defaults: x86_64
2026-03-23 14:20:55.654 15084-15084 app_process             pid-15084                            I  The ClassLoaderContext is a special shared library.
2026-03-23 14:20:55.661 13395-13478 Pendo                   com.restaurant.hpos                  W  ValidationUtils Warning, Track Event Property Value [0.0], Property values must be categorized as string or boolean to use Group By in Data Explorer and funnels.
2026-03-23 14:20:55.661 13395-13478 chatty                  com.restaurant.hpos                  I  uid=10377(com.restaurant.hpos) pool-20-thread- identical 1 line
2026-03-23 14:20:55.661 13395-13478 Pendo                   com.restaurant.hpos                  W  ValidationUtils Warning, Track Event Property Value [0.0], Property values must be categorized as string or boolean to use Group By in Data Explorer and funnels.
2026-03-23 14:20:55.661 13395-13478 Pendo                   com.restaurant.hpos                  W  ValidationUtils Warning, Track Event Property Value [6.0], Property values must be categorized as string or boolean to use Group By in Data Explorer and funnels.
2026-03-23 14:20:55.661 13395-13478 Pendo                   com.restaurant.hpos                  W  ValidationUtils Warning, Track Event Property Value [6.0], Property values must be categorized as string or boolean to use Group By in Data Explorer and funnels.
2026-03-23 14:20:55.661 13395-13478 Pendo                   com.restaurant.hpos                  W  ValidationUtils Warning, Track Event Property Value [0.0], Property values must be categorized as string or boolean to use Group By in Data Explorer and funnels.
2026-03-23 14:20:55.661 13395-13478 chatty                  com.restaurant.hpos                  I  uid=10377(com.restaurant.hpos) pool-20-thread- identical 4 lines
2026-03-23 14:20:55.661 13395-13478 Pendo                   com.restaurant.hpos                  W  ValidationUtils Warning, Track Event Property Value [0.0], Property values must be categorized as string or boolean to use Group By in Data Explorer and funnels.
2026-03-23 14:20:55.661 13395-13478 Pendo                   com.restaurant.hpos                  W  ValidationUtils Warning, Track Event Property Value [6.0], Property values must be categorized as string or boolean to use Group By in Data Explorer and funnels.
2026-03-23 14:20:55.661 13395-13478 Pendo                   com.restaurant.hpos                  W  ValidationUtils Warning, Track Event Property Value [6.0], Property values must be categorized as string or boolean to use Group By in Data Explorer and funnels.
2026-03-23 14:20:55.661 13395-13478 Pendo                   com.restaurant.hpos                  W  ValidationUtils Warning, Track Event Property Value [0.0], Property values must be categorized as string or boolean to use Group By in Data Explorer and funnels.
2026-03-23 14:20:55.661 13395-13478 chatty                  com.restaurant.hpos                  I  uid=10377(com.restaurant.hpos) pool-20-thread- identical 5 lines
2026-03-23 14:20:55.661 13395-13478 Pendo                   com.restaurant.hpos                  W  ValidationUtils Warning, Track Event Property Value [0.0], Property values must be categorized as string or boolean to use Group By in Data Explorer and funnels.
2026-03-23 14:20:55.662 15084-15084 app_process             pid-15084                            W  JNI RegisterNativeMethods: attempt to register 0 native methods for android.media.AudioAttributes
2026-03-23 14:20:55.666 15084-15084 AndroidRuntime          pid-15084                            D  Calling main entry com.android.commands.input.Input
2026-03-23 14:20:55.671 15084-15084 AndroidRuntime          pid-15084                            D  Shutting down VM
2026-03-23 14:20:55.681  1035-1119  AudioSystem             system_server                        E  no strategy found for attributes { Content type: AUDIO_CONTENT_TYPE_SONIFICATION Usage: AUDIO_USAGE_ASSISTANCE_SONIFICATION Source: AUDIO_SOURCE_DEFAULT Flags: 0x800 Tags:  }
2026-03-23 14:20:55.681  1255-27705 AudioFlinger            audioserver                          E  createTrack() getOutputForAttr() return error -19 or invalid output handle
2026-03-23 14:20:55.681  1035-1119  IAudioFlinger           system_server                        E  createTrack returned error -19
2026-03-23 14:20:55.681  1035-1119  AudioTrack              system_server                        E  createTrack_l(6619252): AudioFlinger could not create track, status: -19 output 0
2026-03-23 14:20:55.681  1035-1119  SoundPool::Stream       system_server                        E  play_l: error creating AudioTrack
2026-03-23 14:20:55.681  1035-1119  AudioTrack              system_server                        D  gather(): no metrics gathered, track status=-19
2026-03-23 14:20:55.697 13395-13478 Pendo                   com.restaurant.hpos                  W  ValidationUtils Warning, Track Event Property Value [0.0], Property values must be categorized as string or boolean to use Group By in Data Explorer and funnels.
2026-03-23 14:20:55.697 13395-13478 Pendo                   com.restaurant.hpos                  W  ValidationUtils Warning, Track Event Property Value [6.0], Property values must be categorized as string or boolean to use Group By in Data Explorer and funnels.
2026-03-23 14:20:55.697 13395-13478 Pendo                   com.restaurant.hpos                  W  ValidationUtils Warning, Track Event Property Value [0.0], Property values must be categorized as string or boolean to use Group By in Data Explorer and funnels.
2026-03-23 14:20:55.697 13395-13478 Pendo                   com.restaurant.hpos                  W  ValidationUtils Warning, Track Event Property Value [[CustomTender]], Property values must be categorized as string or boolean to use Group By in Data Explorer and funnels.
2026-03-23 14:20:55.724 13395-13447 com.restaurant.hpos     com.restaurant.hpos                  I  [printCommands] stopDiscovery
2026-03-23 14:20:55.731  1035-1473  AudioSystem-JNI         system_server                        E  AudioSystem::listAudioPorts error -19
2026-03-23 14:20:55.731  1035-1473  AudioManager            system_server                        W  updateAudioPortCache: listAudioPorts failed
2026-03-23 14:20:55.831  1035-1473  AudioSystem-JNI         system_server                        E  AudioSystem::listAudioPorts error -19
2026-03-23 14:20:55.831  1035-1473  AudioManager            system_server                        W  updateAudioPortCache: listAudioPorts failed
2026-03-23 14:20:55.843   843-843   hwc-drm-plane           and...graphics.composer@2.4-service  W  IsCrtcSupported: This Plane(id=31) is activated for Crtc(id=98), could not be used for Crtc (id=167)
2026-03-23 14:20:55.843   843-843   chatty                  and...graphics.composer@2.4-service  I  uid=1000(system) composer@2.4-se identical 1 line
2026-03-23 14:20:55.844   843-843   hwc-drm-plane           and...graphics.composer@2.4-service  W  IsCrtcSupported: This Plane(id=31) is activated for Crtc(id=98), could not be used for Crtc (id=167)
2026-03-23 14:20:55.844   843-843   hwc-drm-plane           and...graphics.composer@2.4-service  W  IsCrtcSupported: This Plane(id=100) is activated for Crtc(id=167), could not be used for Crtc (id=98)
2026-03-23 14:20:55.844   843-843   chatty                  and...graphics.composer@2.4-service  I  uid=1000(system) composer@2.4-se identical 1 line
2026-03-23 14:20:55.844   843-843   hwc-drm-plane           and...graphics.composer@2.4-service  W  IsCrtcSupported: This Plane(id=100) is activated for Crtc(id=167), could not be used for Crtc (id=98)
2026-03-23 14:20:55.860   843-843   hwc-drm-plane           and...graphics.composer@2.4-service  W  IsCrtcSupported: This Plane(id=31) is activated for Crtc(id=98), could not be used for Crtc (id=167)
2026-03-23 14:20:55.860   843-843   chatty                  and...graphics.composer@2.4-service  I  uid=1000(system) composer@2.4-se identical 1 line
2026-03-23 14:20:55.860   843-843   hwc-drm-plane           and...graphics.composer@2.4-service  W  IsCrtcSupported: This Plane(id=31) is activated for Crtc(id=98), could not be used for Crtc (id=167)
2026-03-23 14:20:55.860   843-843   hwc-drm-plane           and...graphics.composer@2.4-service  W  IsCrtcSupported: This Plane(id=100) is activated for Crtc(id=167), could not be used for Crtc (id=98)
2026-03-23 14:20:55.860   843-843   chatty                  and...graphics.composer@2.4-service  I  uid=1000(system) composer@2.4-se identical 1 line
2026-03-23 14:20:55.860   843-843   hwc-drm-plane           and...graphics.composer@2.4-service  W  IsCrtcSupported: This Plane(id=100) is activated for Crtc(id=167), could not be used for Crtc (id=98)
2026-03-23 14:20:55.876   843-843   hwc-drm-plane           and...graphics.composer@2.4-service  W  IsCrtcSupported: This Plane(id=31) is activated for Crtc(id=98), could not be used for Crtc (id=167)
2026-03-23 14:20:55.876   843-843   chatty                  and...graphics.composer@2.4-service  I  uid=1000(system) composer@2.4-se identical 1 line
2026-03-23 14:20:55.877   843-843   hwc-drm-plane           and...graphics.composer@2.4-service  W  IsCrtcSupported: This Plane(id=31) is activated for Crtc(id=98), could not be used for Crtc (id=167)
2026-03-23 14:20:55.877   843-843   hwc-drm-plane           and...graphics.composer@2.4-service  W  IsCrtcSupported: This Plane(id=100) is activated for Crtc(id=167), could not be used for Crtc (id=98)
2026-03-23 14:20:55.877   843-843   chatty                  and...graphics.composer@2.4-service  I  uid=1000(system) composer@2.4-se identical 1 line
