2026-03-23 14:20:58.542  1035-1473  AudioManager            system_server                        W  updateAudioPortCache: listAudioPorts failed
2026-03-23 14:20:58.575 13395-13447 com.restaurant.hpos     com.restaurant.hpos                  I  [socket] create server
2026-03-23 14:20:58.642  1035-1473  AudioSystem-JNI         system_server                        E  AudioSystem::listAudioPorts error -19
2026-03-23 14:20:58.642  1035-1473  AudioManager            system_server                        W  updateAudioPortCache: listAudioPorts failed
2026-03-23 14:20:58.743  1035-1473  AudioSystem-JNI         system_server                        E  AudioSystem::listAudioPorts error -19
2026-03-23 14:20:58.743  1035-1473  AudioManager            system_server                        W  updateAudioPortCache: listAudioPorts failed
2026-03-23 14:20:58.843  1035-1473  AudioSystem-JNI         system_server                        E  AudioSystem::listAudioPorts error -19
2026-03-23 14:20:58.843  1035-1473  AudioManager            system_server                        W  updateAudioPortCache: listAudioPorts failed
2026-03-23 14:20:58.943  1035-1473  AudioSystem-JNI         system_server                        E  AudioSystem::listAudioPorts error -19
2026-03-23 14:20:58.943  1035-1473  AudioManager            system_server                        W  updateAudioPortCache: listAudioPorts failed
2026-03-23 14:20:58.957   843-843   hwc-drm-plane           and...graphics.composer@2.4-service  W  IsCrtcSupported: This Plane(id=31) is activated for Crtc(id=98), could not be used for Crtc (id=167)
2026-03-23 14:20:58.957   843-843   chatty                  and...graphics.composer@2.4-service  I  uid=1000(system) composer@2.4-se identical 1 line
2026-03-23 14:20:58.957   843-843   hwc-drm-plane           and...graphics.composer@2.4-service  W  IsCrtcSupported: This Plane(id=31) is activated for Crtc(id=98), could not be used for Crtc (id=167)
2026-03-23 14:20:58.958   843-843   hwc-drm-plane           and...graphics.composer@2.4-service  W  IsCrtcSupported: This Plane(id=100) is activated for Crtc(id=167), could not be used for Crtc (id=98)
2026-03-23 14:20:58.958   843-843   chatty                  and...graphics.composer@2.4-service  I  uid=1000(system) composer@2.4-se identical 1 line
2026-03-23 14:20:58.958   843-843   hwc-drm-plane           and...graphics.composer@2.4-service  W  IsCrtcSupported: This Plane(id=100) is activated for Crtc(id=167), could not be used for Crtc (id=98)
2026-03-23 14:20:58.974   843-843   hwc-drm-plane           and...graphics.composer@2.4-service  W  IsCrtcSupported: This Plane(id=31) is activated for Crtc(id=98), could not be used for Crtc (id=167)
2026-03-23 14:20:58.974   843-843   chatty                  and...graphics.composer@2.4-service  I  uid=1000(system) composer@2.4-se identical 1 line
2026-03-23 14:20:58.974   843-843   hwc-drm-plane           and...graphics.composer@2.4-service  W  IsCrtcSupported: This Plane(id=31) is activated for Crtc(id=98), could not be used for Crtc (id=167)
2026-03-23 14:20:58.974   843-843   hwc-drm-plane           and...graphics.composer@2.4-service  W  IsCrtcSupported: This Plane(id=100) is activated for Crtc(id=167), could not be used for Crtc (id=98)
2026-03-23 14:20:58.974   843-843   chatty                  and...graphics.composer@2.4-service  I  uid=1000(system) composer@2.4-se identical 1 line
2026-03-23 14:20:58.974   843-843   hwc-drm-plane           and...graphics.composer@2.4-service  W  IsCrtcSupported: This Plane(id=100) is activated for Crtc(id=167), could not be used for Crtc (id=98)
2026-03-23 14:20:59.044  1035-1473  AudioSystem-JNI         system_server                        E  AudioSystem::listAudioPorts error -19
2026-03-23 14:20:59.044  1035-1473  AudioManager            system_server                        W  updateAudioPortCache: listAudioPorts failed
2026-03-23 14:20:59.075  1035-1121  AudioSystem-JNI         system_server                        E  Command failed for android_media_AudioSystem_initStreamVolume: -19
2026-03-23 14:20:59.075  1035-1121  AS.AudioService         system_server                        E  Failed to initStreamVolume (1) for stream 11
2026-03-23 14:20:59.075  1035-1121  AS.AudioService         system_server                        E  VSS(): initStreamVolume failed with 1 will retry
2026-03-23 14:20:59.141 13395-13447 com.restaurant.hpos     com.restaurant.hpos                  I  [s3Client] writing object 78130/proc/57FE0A82-C836-4ABC-B411-364971B800EB_1774246854.641 of type text/plain
2026-03-23 14:20:59.141 13395-14027 com.restaurant.hpos     com.restaurant.hpos                  I  [S3] uploadContent 78130/proc/57FE0A82-C836-4ABC-B411-364971B800EB_1774246854.641
2026-03-23 14:20:59.144  1035-1473  AudioSystem-JNI         system_server                        E  AudioSystem::listAudioPorts error -19
2026-03-23 14:20:59.144  1035-1473  AudioManager            system_server                        W  updateAudioPortCache: listAudioPorts failed
2026-03-23 14:20:59.245  1035-1473  AudioSystem-JNI         system_server                        E  AudioSystem::listAudioPorts error -19
2026-03-23 14:20:59.245  1035-1473  AudioManager            system_server                        W  updateAudioPortCache: listAudioPorts failed
2026-03-23 14:20:59.345  1035-1473  AudioSystem-JNI         system_server                        E  AudioSystem::listAudioPorts error -19
2026-03-23 14:20:59.345  1035-1473  AudioManager            system_server                        W  updateAudioPortCache: listAudioPorts failed
2026-03-23 14:20:59.445  1035-1473  AudioSystem-JNI         system_server                        E  AudioSystem::listAudioPorts error -19
2026-03-23 14:20:59.446  1035-1473  AudioManager            system_server                        W  updateAudioPortCache: listAudioPorts failed
2026-03-23 14:20:59.546  1035-1473  AudioSystem-JNI         system_server                        E  AudioSystem::listAudioPorts error -19
2026-03-23 14:20:59.546  1035-1473  AudioManager            system_server                        W  updateAudioPortCache: listAudioPorts failed
2026-03-23 14:20:59.646  1035-1473  AudioSystem-JNI         system_server                        E  AudioSystem::listAudioPorts error -19
2026-03-23 14:20:59.646  1035-1473  AudioManager            system_server                        W  updateAudioPortCache: listAudioPorts failed
2026-03-23 14:20:59.677 15101-15101 AndroidRuntime          pid-15101                            D  >>>>>> START com.android.internal.os.RuntimeInit uid 2000 <<<<<<
2026-03-23 14:20:59.678 15101-15101 AndroidRuntime          pid-15101                            I  Using default boot image
2026-03-23 14:20:59.678 15101-15101 AndroidRuntime          pid-15101                            I  Leaving lock profiling enabled
2026-03-23 14:20:59.728 15101-15101 app_process             pid-15101                            D  Time zone APEX ICU file found: /apex/com.android.tzdata/etc/icu/icu_tzdata.dat
2026-03-23 14:20:59.728 15101-15101 app_process             pid-15101                            D  I18n APEX ICU file found: /apex/com.android.i18n/etc/icu/icudt66l.dat
2026-03-23 14:20:59.731 15101-15101 app_process             pid-15101                            W  Unexpected CPU variant for X86 using defaults: x86_64
2026-03-23 14:20:59.732 15101-15101 app_process             pid-15101                            I  The ClassLoaderContext is a special shared library.
2026-03-23 14:20:59.735  1792-16359 EsperShare...iderHelper io.shoonya.shoonyadpc                D  putValue: insertedUri:  content://io.esper.commons.datacache.provider/EsperSharedData/com.shoonyaos.shoonyadpc.receivers.ShutdownReceiver/lastAliveTimestamp/1
2026-03-23 14:20:59.741 15101-15101 app_process             pid-15101                            W  JNI RegisterNativeMethods: attempt to register 0 native methods for android.media.AudioAttributes
2026-03-23 14:20:59.744 15101-15101 AndroidRuntime          pid-15101                            D  Calling main entry com.android.commands.input.Input
2026-03-23 14:20:59.747  1035-1473  AudioSystem-JNI         system_server                        E  AudioSystem::listAudioPorts error -19
2026-03-23 14:20:59.747  1035-1473  AudioManager            system_server                        W  updateAudioPortCache: listAudioPorts failed
2026-03-23 14:20:59.750 15101-15101 AndroidRuntime          pid-15101                            D  Shutting down VM
2026-03-23 14:20:59.760  1035-1119  AudioSystem             system_server                        E  no strategy found for attributes { Content type: AUDIO_CONTENT_TYPE_SONIFICATION Usage: AUDIO_USAGE_ASSISTANCE_SONIFICATION Source: AUDIO_SOURCE_DEFAULT Flags: 0x800 Tags:  }
2026-03-23 14:20:59.760  1255-27705 AudioFlinger            audioserver                          E  createTrack() getOutputForAttr() return error -19 or invalid output handle
2026-03-23 14:20:59.760  1035-1119  IAudioFlinger           system_server                        E  createTrack returned error -19
2026-03-23 14:20:59.760  1035-1119  AudioTrack              system_server                        E  createTrack_l(0): AudioFlinger could not create track, status: -19 output 0
2026-03-23 14:20:59.760  1035-1119  SoundPool::Stream       system_server                        E  play_l: error creating AudioTrack
2026-03-23 14:20:59.760  1035-1119  AudioTrack              system_server                        D  gather(): no metrics gathered, track status=-19
2026-03-23 14:20:59.840 13395-13395 [RNScreens]             com.restaurant.hpos                  W  backTitleVisible prop is not available on Android
2026-03-23 14:20:59.841 13395-13395 [RNScreens]             com.restaurant.hpos                  W  backTitleFontFamily prop is not available on Android
2026-03-23 14:20:59.841 13395-13395 [RNScreens]             com.restaurant.hpos                  W  disableBackButtonMenu prop is not available on Android
2026-03-23 14:20:59.841 13395-13395 [RNScreens]             com.restaurant.hpos                  W  largeTitleFontFamily prop is not available on Android
2026-03-23 14:20:59.841 13395-13395 [RNScreens]             com.restaurant.hpos                  W  largeTitleFontWeight prop is not available on Android
2026-03-23 14:20:59.841 13395-13395 [RNScreens]             com.restaurant.hpos                  W  largeTitleHideShadow prop is not available on Android
2026-03-23 14:20:59.847  1035-1473  AudioSystem-JNI         system_server                        E  AudioSystem::listAudioPorts error -19
2026-03-23 14:20:59.847  1035-1473  AudioManager            system_server                        W  updateAudioPortCache: listAudioPorts failed
2026-03-23 14:20:59.923   843-843   hwc-drm-plane           and...graphics.composer@2.4-service  W  IsCrtcSupported: This Plane(id=31) is activated for Crtc(id=98), could not be used for Crtc (id=167)
2026-03-23 14:20:59.923   843-843   chatty                  and...graphics.composer@2.4-service  I  uid=1000(system) composer@2.4-se identical 1 line
2026-03-23 14:20:59.924   843-843   hwc-drm-plane           and...graphics.composer@2.4-service  W  IsCrtcSupported: This Plane(id=31) is activated for Crtc(id=98), could not be used for Crtc (id=167)
2026-03-23 14:20:59.924   843-843   hwc-drm-plane           and...graphics.composer@2.4-service  W  IsCrtcSupported: This Plane(id=100) is activated for Crtc(id=167), could not be used for Crtc (id=98)
2026-03-23 14:20:59.924   843-843   chatty                  and...graphics.composer@2.4-service  I  uid=1000(system) composer@2.4-se identical 1 line
2026-03-23 14:20:59.924   843-843   hwc-drm-plane           and...graphics.composer@2.4-service  W  IsCrtcSupported: This Plane(id=100) is activated for Crtc(id=167), could not be used for Crtc (id=98)
2026-03-23 14:20:59.940   843-843   hwc-drm-plane           and...graphics.composer@2.4-service  W  IsCrtcSupported: This Plane(id=31) is activated for Crtc(id=98), could not be used for Crtc (id=167)
2026-03-23 14:20:59.940   843-843   chatty                  and...graphics.composer@2.4-service  I  uid=1000(system) composer@2.4-se identical 1 line
2026-03-23 14:20:59.940   843-843   hwc-drm-plane           and...graphics.composer@2.4-service  W  IsCrtcSupported: This Plane(id=31) is activated for Crtc(id=98), could not be used for Crtc (id=167)
2026-03-23 14:20:59.940   843-843   hwc-drm-plane           and...graphics.composer@2.4-service  W  IsCrtcSupported: This Plane(id=100) is activated for Crtc(id=167), could not be used for Crtc (id=98)
2026-03-23 14:20:59.940   843-843   chatty                  and...graphics.composer@2.4-service  I  uid=1000(system) composer@2.4-se identical 1 line
2026-03-23 14:20:59.940   843-843   hwc-drm-plane           and...graphics.composer@2.4-service  W  IsCrtcSupported: This Plane(id=100) is activated for Crtc(id=167), could not be used for Crtc (id=98)
2026-03-23 14:20:59.947  1035-1473  AudioSystem-JNI         system_server                        E  AudioSystem::listAudioPorts error -19
2026-03-23 14:20:59.947  1035-1473  AudioManager            system_server                        W  updateAudioPortCache: listAudioPorts failed
2026-03-23 14:20:59.956   843-843   hwc-drm-plane           and...graphics.composer@2.4-service  W  IsCrtcSupported: This Plane(id=31) is activated for Crtc(id=98), could not be used for Crtc (id=167)
2026-03-23 14:20:59.956   843-843   chatty                  and...graphics.composer@2.4-service  I  uid=1000(system) composer@2.4-se identical 1 line
2026-03-23 14:20:59.956   843-843   hwc-drm-plane           and...graphics.composer@2.4-service  W  IsCrtcSupported: This Plane(id=31) is activated for Crtc(id=98), could not be used for Crtc (id=167)
2026-03-23 14:20:59.957   843-843   hwc-drm-plane           and...graphics.composer@2.4-service  W  IsCrtcSupported: This Plane(id=100) is activated for Crtc(id=167), could not be used for Crtc (id=98)
2026-03-23 14:20:59.957   843-843   chatty                  and...graphics.composer@2.4-service  I  uid=1000(system) composer@2.4-se identical 1 line
2026-03-23 14:20:59.957   843-843   hwc-drm-plane           and...graphics.composer@2.4-service  W  IsCrtcSupported: This Plane(id=100) is activated for Crtc(id=167), could not be used for Crtc (id=98)
2026-03-23 14:20:59.973   843-843   hwc-drm-plane           and...graphics.composer@2.4-service  W  IsCrtcSupported: This Plane(id=31) is activated for Crtc(id=98), could not be used for Crtc (id=167)
2026-03-23 14:20:59.973   843-843   chatty                  and...graphics.composer@2.4-service  I  uid=1000(system) composer@2.4-se identical 1 line
2026-03-23 14:20:59.973   843-843   hwc-drm-plane           and...graphics.composer@2.4-service  W  IsCrtcSupported: This Plane(id=31) is activated for Crtc(id=98), could not be used for Crtc (id=167)
2026-03-23 14:20:59.973   843-843   hwc-drm-plane           and...graphics.composer@2.4-service  W  IsCrtcSupported: This Plane(id=100) is activated for Crtc(id=167), could not be used for Crtc (id=98)
2026-03-23 14:20:59.973   843-843   chatty                  and...graphics.composer@2.4-service  I  uid=1000(system) composer@2.4-se identical 1 line
2026-03-23 14:20:59.973   843-843   hwc-drm-plane           and...graphics.composer@2.4-service  W  IsCrtcSupported: This Plane(id=100) is activated for Crtc(id=167), could not be used for Crtc (id=98)
2026-03-23 14:20:59.990   843-843   hwc-drm-plane           and...graphics.composer@2.4-service  W  IsCrtcSupported: This Plane(id=31) is activated for Crtc(id=98), could not be used for Crtc (id=167)
2026-03-23 14:20:59.990   843-843   chatty                  and...graphics.composer@2.4-service  I  uid=1000(system) composer@2.4-se identical 1 line
2026-03-23 14:20:59.990   843-843   hwc-drm-plane           and...graphics.composer@2.4-service  W  IsCrtcSupported: This Plane(id=31) is activated for Crtc(id=98), could not be used for Crtc (id=167)
2026-03-23 14:20:59.990   843-843   hwc-drm-plane           and...graphics.composer@2.4-service  W  IsCrtcSupported: This Plane(id=100) is activated for Crtc(id=167), could not be used for Crtc (id=98)
2026-03-23 14:20:59.990   843-843   chatty                  and...graphics.composer@2.4-service  I  uid=1000(system) composer@2.4-se identical 1 line
2026-03-23 14:20:59.990   843-843   hwc-drm-plane           and...graphics.composer@2.4-service  W  IsCrtcSupported: This Plane(id=100) is activated for Crtc(id=167), could not be used for Crtc (id=98)
2026-03-23 14:21:00.006   843-843   hwc-drm-plane           and...graphics.composer@2.4-service  W  IsCrtcSupported: This Plane(id=31) is activated for Crtc(id=98), could not be used for Crtc (id=167)
2026-03-23 14:21:00.006   843-843   chatty                  and...graphics.composer@2.4-service  I  uid=1000(system) composer@2.4-se identical 1 line
2026-03-23 14:21:00.006   843-843   hwc-drm-plane           and...graphics.composer@2.4-service  W  IsCrtcSupported: This Plane(id=31) is activated for Crtc(id=98), could not be used for Crtc (id=167)
2026-03-23 14:21:00.007   843-843   hwc-drm-plane           and...graphics.composer@2.4-service  W  IsCrtcSupported: This Plane(id=100) is activated for Crtc(id=167), could not be used for Crtc (id=98)
2026-03-23 14:21:00.007   843-843   chatty                  and...graphics.composer@2.4-service  I  uid=1000(system) composer@2.4-se identical 1 line
2026-03-23 14:21:00.007   843-843   hwc-drm-plane           and...graphics.composer@2.4-service  W  IsCrtcSupported: This Plane(id=100) is activated for Crtc(id=167), could not be used for Crtc (id=98)
2026-03-23 14:21:00.023   843-843   hwc-drm-plane           and...graphics.composer@2.4-service  W  IsCrtcSupported: This Plane(id=31) is activated for Crtc(id=98), could not be used for Crtc (id=167)
2026-03-23 14:21:00.023   843-843   chatty                  and...graphics.composer@2.4-service  I  uid=1000(system) composer@2.4-se identical 1 line
2026-03-23 14:21:00.023   843-843   hwc-drm-plane           and...graphics.composer@2.4-service  W  IsCrtcSupported: This Plane(id=31) is activated for Crtc(id=98), could not be used for Crtc (id=167)
2026-03-23 14:21:00.024   843-843   hwc-drm-plane           and...graphics.composer@2.4-service  W  IsCrtcSupported: This Plane(id=100) is activated for Crtc(id=167), could not be used for Crtc (id=98)
2026-03-23 14:21:00.024   843-843   chatty                  and...graphics.composer@2.4-service  I  uid=1000(system) composer@2.4-se identical 1 line
2026-03-23 14:21:00.024   843-843   hwc-drm-plane           and...graphics.composer@2.4-service  W  IsCrtcSupported: This Plane(id=100) is activated for Crtc(id=167), could not be used for Crtc (id=98)
2026-03-23 14:21:00.039   843-843   hwc-drm-plane           and...graphics.composer@2.4-service  W  IsCrtcSupported: This Plane(id=31) is activated for Crtc(id=98), could not be used for Crtc (id=167)
2026-03-23 14:21:00.040   843-843   chatty                  and...graphics.composer@2.4-service  I  uid=1000(system) composer@2.4-se identical 1 line
2026-03-23 14:21:00.040   843-843   hwc-drm-plane           and...graphics.composer@2.4-service  W  IsCrtcSupported: This Plane(id=31) is activated for Crtc(id=98), could not be used for Crtc (id=167)
2026-03-23 14:21:00.040   843-843   hwc-drm-plane           and...graphics.composer@2.4-service  W  IsCrtcSupported: This Plane(id=100) is activated for Crtc(id=167), could not be used for Crtc (id=98)
2026-03-23 14:21:00.040   843-843   chatty                  and...graphics.composer@2.4-service  I  uid=1000(system) composer@2.4-se identical 1 line
2026-03-23 14:21:00.040   843-843   hwc-drm-plane           and...graphics.composer@2.4-service  W  IsCrtcSupported: This Plane(id=100) is activated for Crtc(id=167), could not be used for Crtc (id=98)
2026-03-23 14:21:00.048  1035-1473  AudioSystem-JNI         system_server                        E  AudioSystem::listAudioPorts error -19
2026-03-23 14:21:00.048  1035-1473  AudioManager            system_server                        W  updateAudioPortCache: listAudioPorts failed
2026-03-23 14:21:00.056   843-843   hwc-drm-plane           and...graphics.composer@2.4-service  W  IsCrtcSupported: This Plane(id=31) is activated for Crtc(id=98), could not be used for Crtc (id=167)
2026-03-23 14:21:00.056   843-843   chatty                  and...graphics.composer@2.4-service  I  uid=1000(system) composer@2.4-se identical 1 line
2026-03-23 14:21:00.057   843-843   hwc-drm-plane           and...graphics.composer@2.4-service  W  IsCrtcSupported: This Plane(id=31) is activated for Crtc(id=98), could not be used for Crtc (id=167)
2026-03-23 14:21:00.057   843-843   hwc-drm-plane           and...graphics.composer@2.4-service  W  IsCrtcSupported: This Plane(id=100) is activated for Crtc(id=167), could not be used for Crtc (id=98)
2026-03-23 14:21:00.057   843-843   chatty                  and...graphics.composer@2.4-service  I  uid=1000(system) composer@2.4-se identical 1 line
2026-03-23 14:21:00.057   843-843   hwc-drm-plane           and...graphics.composer@2.4-service  W  IsCrtcSupported: This Plane(id=100) is activated for Crtc(id=167), could not be used for Crtc (id=98)
2026-03-23 14:21:00.073   843-843   hwc-drm-plane           and...graphics.composer@2.4-service  W  IsCrtcSupported: This Plane(id=31) is activated for Crtc(id=98), could not be used for Crtc (id=167)
2026-03-23 14:21:00.073   843-843   chatty                  and...graphics.composer@2.4-service  I  uid=1000(system) composer@2.4-se identical 1 line
2026-03-23 14:21:00.073   843-843   hwc-drm-plane           and...graphics.composer@2.4-service  W  IsCrtcSupported: This Plane(id=31) is activated for Crtc(id=98), could not be used for Crtc (id=167)
2026-03-23 14:21:00.073   843-843   hwc-drm-plane           and...graphics.composer@2.4-service  W  IsCrtcSupported: This Plane(id=100) is activated for Crtc(id=167), could not be used for Crtc (id=98)
2026-03-23 14:21:00.073   843-843   chatty                  and...graphics.composer@2.4-service  I  uid=1000(system) composer@2.4-se identical 1 line
2026-03-23 14:21:00.073   843-843   hwc-drm-plane           and...graphics.composer@2.4-service  W  IsCrtcSupported: This Plane(id=100) is activated for Crtc(id=167), could not be used for Crtc (id=98)
2026-03-23 14:21:00.089   843-843   hwc-drm-plane           and...graphics.composer@2.4-service  W  IsCrtcSupported: This Plane(id=31) is activated for Crtc(id=98), could not be used for Crtc (id=167)
2026-03-23 14:21:00.090   843-843   chatty                  and...graphics.composer@2.4-service  I  uid=1000(system) composer@2.4-se identical 1 line
2026-03-23 14:21:00.090   843-843   hwc-drm-plane           and...graphics.composer@2.4-service  W  IsCrtcSupported: This Plane(id=31) is activated for Crtc(id=98), could not be used for Crtc (id=167)
2026-03-23 14:21:00.090   843-843   hwc-drm-plane           and...graphics.composer@2.4-service  W  IsCrtcSupported: This Plane(id=100) is activated for Crtc(id=167), could not be used for Crtc (id=98)
2026-03-23 14:21:00.090   843-843   chatty                  and...graphics.composer@2.4-service  I  uid=1000(system) composer@2.4-se identical 1 line
2026-03-23 14:21:00.090   843-843   hwc-drm-plane           and...graphics.composer@2.4-service  W  IsCrtcSupported: This Plane(id=100) is activated for Crtc(id=167), could not be used for Crtc (id=98)
2026-03-23 14:21:00.106   843-843   hwc-drm-plane           and...graphics.composer@2.4-service  W  IsCrtcSupported: This Plane(id=31) is activated for Crtc(id=98), could not be used for Crtc (id=167)
2026-03-23 14:21:00.106   843-843   chatty                  and...graphics.composer@2.4-service  I  uid=1000(system) composer@2.4-se identical 1 line
2026-03-23 14:21:00.106   843-843   hwc-drm-plane           and...graphics.composer@2.4-service  W  IsCrtcSupported: This Plane(id=31) is activated for Crtc(id=98), could not be used for Crtc (id=167)
2026-03-23 14:21:00.107   843-843   hwc-drm-plane           and...graphics.composer@2.4-service  W  IsCrtcSupported: This Plane(id=100) is activated for Crtc(id=167), could not be used for Crtc (id=98)
2026-03-23 14:21:00.107   843-843   chatty                  and...graphics.composer@2.4-service  I  uid=1000(system) composer@2.4-se identical 1 line
2026-03-23 14:21:00.107   843-843   hwc-drm-plane           and...graphics.composer@2.4-service  W  IsCrtcSupported: This Plane(id=100) is activated for Crtc(id=167), could not be used for Crtc (id=98)
2026-03-23 14:21:00.112 13395-13447 com.restaurant.hpos     com.restaurant.hpos                  I  [socket] send socket message(type: 312) failed: socket not connected
2026-03-23 14:21:00.123   843-843   hwc-drm-plane           and...graphics.composer@2.4-service  W  IsCrtcSupported: This Plane(id=31) is activated for Crtc(id=98), could not be used for Crtc (id=167)
2026-03-23 14:21:00.123   843-843   chatty                  and...graphics.composer@2.4-service  I  uid=1000(system) composer@2.4-se identical 1 line
2026-03-23 14:21:00.123   843-843   hwc-drm-plane           and...graphics.composer@2.4-service  W  IsCrtcSupported: This Plane(id=31) is activated for Crtc(id=98), could not be used for Crtc (id=167)
2026-03-23 14:21:00.123   843-843   hwc-drm-plane           and...graphics.composer@2.4-service  W  IsCrtcSupported: This Plane(id=100) is activated for Crtc(id=167), could not be used for Crtc (id=98)
2026-03-23 14:21:00.123   843-843   chatty                  and...graphics.composer@2.4-service  I  uid=1000(system) composer@2.4-se identical 1 line
2026-03-23 14:21:00.123   843-843   hwc-drm-plane           and...graphics.composer@2.4-service  W  IsCrtcSupported: This Plane(id=100) is activated for Crtc(id=167), could not be used for Crtc (id=98)
2026-03-23 14:21:00.139   843-843   hwc-drm-plane           and...graphics.composer@2.4-service  W  IsCrtcSupported: This Plane(id=31) is activated for Crtc(id=98), could not be used for Crtc (id=167)
2026-03-23 14:21:00.139   843-843   chatty                  and...graphics.composer@2.4-service  I  uid=1000(system) composer@2.4-se identical 1 line
2026-03-23 14:21:00.140   843-843   hwc-drm-plane           and...graphics.composer@2.4-service  W  IsCrtcSupported: This Plane(id=31) is activated for Crtc(id=98), could not be used for Crtc (id=167)
2026-03-23 14:21:00.140   843-843   hwc-drm-plane           and...graphics.composer@2.4-service  W  IsCrtcSupported: This Plane(id=100) is activated for Crtc(id=167), could not be used for Crtc (id=98)
2026-03-23 14:21:00.140   843-843   chatty                  and...graphics.composer@2.4-service  I  uid=1000(system) composer@2.4-se identical 1 line
2026-03-23 14:21:00.140   843-843   hwc-drm-plane           and...graphics.composer@2.4-service  W  IsCrtcSupported: This Plane(id=100) is activated for Crtc(id=167), could not be used for Crtc (id=98)
2026-03-23 14:21:00.148  1035-1473  AudioSystem-JNI         system_server                        E  AudioSystem::listAudioPorts error -19
2026-03-23 14:21:00.148  1035-1473  AudioManager            system_server                        W  updateAudioPortCache: listAudioPorts failed
2026-03-23 14:21:00.156   843-843   hwc-drm-plane           and...graphics.composer@2.4-service  W  IsCrtcSupported: This Plane(id=31) is activated for Crtc(id=98), could not be used for Crtc (id=167)
2026-03-23 14:21:00.156   843-843   chatty                  and...graphics.composer@2.4-service  I  uid=1000(system) composer@2.4-se identical 1 line
2026-03-23 14:21:00.156   843-843   hwc-drm-plane           and...graphics.composer@2.4-service  W  IsCrtcSupported: This Plane(id=31) is activated for Crtc(id=98), could not be used for Crtc (id=167)
2026-03-23 14:21:00.156   843-843   hwc-drm-plane           and...graphics.composer@2.4-service  W  IsCrtcSupported: This Plane(id=100) is activated for Crtc(id=167), could not be used for Crtc (id=98)
2026-03-23 14:21:00.156   843-843   chatty                  and...graphics.composer@2.4-service  I  uid=1000(system) composer@2.4-se identical 1 line
2026-03-23 14:21:00.157   843-843   hwc-drm-plane           and...graphics.composer@2.4-service  W  IsCrtcSupported: This Plane(id=100) is activated for Crtc(id=167), could not be used for Crtc (id=98)
2026-03-23 14:21:00.173   843-843   hwc-drm-plane           and...graphics.composer@2.4-service  W  IsCrtcSupported: This Plane(id=31) is activated for Crtc(id=98), could not be used for Crtc (id=167)
2026-03-23 14:21:00.173   843-843   chatty                  and...graphics.composer@2.4-service  I  uid=1000(system) composer@2.4-se identical 1 line
2026-03-23 14:21:00.173   843-843   hwc-drm-plane           and...graphics.composer@2.4-service  W  IsCrtcSupported: This Plane(id=31) is activated for Crtc(id=98), could not be used for Crtc (id=167)
2026-03-23 14:21:00.173   843-843   hwc-drm-plane           and...graphics.composer@2.4-service  W  IsCrtcSupported: This Plane(id=100) is activated for Crtc(id=167), could not be used for Crtc (id=98)
2026-03-23 14:21:00.173   843-843   chatty                  and...graphics.composer@2.4-service  I  uid=1000(system) composer@2.4-se identical 1 line
2026-03-23 14:21:00.173   843-843   hwc-drm-plane           and...graphics.composer@2.4-service  W  IsCrtcSupported: This Plane(id=100) is activated for Crtc(id=167), could not be used for Crtc (id=98)
2026-03-23 14:21:00.189   843-843   hwc-drm-plane           and...graphics.composer@2.4-service  W  IsCrtcSupported: This Plane(id=31) is activated for Crtc(id=98), could not be used for Crtc (id=167)
2026-03-23 14:21:00.189   843-843   chatty                  and...graphics.composer@2.4-service  I  uid=1000(system) composer@2.4-se identical 1 line
2026-03-23 14:21:00.190   843-843   hwc-drm-plane           and...graphics.composer@2.4-service  W  IsCrtcSupported: This Plane(id=31) is activated for Crtc(id=98), could not be used for Crtc (id=167)
2026-03-23 14:21:00.190   843-843   hwc-drm-plane           and...graphics.composer@2.4-service  W  IsCrtcSupported: This Plane(id=100) is activated for Crtc(id=167), could not be used for Crtc (id=98)
2026-03-23 14:21:00.190   843-843   chatty                  and...graphics.composer@2.4-service  I  uid=1000(system) composer@2.4-se identical 1 line
2026-03-23 14:21:00.190   843-843   hwc-drm-plane           and...graphics.composer@2.4-service  W  IsCrtcSupported: This Plane(id=100) is activated for Crtc(id=167), could not be used for Crtc (id=98)
2026-03-23 14:21:00.206   843-843   hwc-drm-plane           and...graphics.composer@2.4-service  W  IsCrtcSupported: This Plane(id=31) is activated for Crtc(id=98), could not be used for Crtc (id=167)
2026-03-23 14:21:00.206   843-843   chatty                  and...graphics.composer@2.4-service  I  uid=1000(system) composer@2.4-se identical 1 line
2026-03-23 14:21:00.206   843-843   hwc-drm-plane           and...graphics.composer@2.4-service  W  IsCrtcSupported: This Plane(id=31) is activated for Crtc(id=98), could not be used for Crtc (id=167)
2026-03-23 14:21:00.206   843-843   hwc-drm-plane           and...graphics.composer@2.4-service  W  IsCrtcSupported: This Plane(id=100) is activated for Crtc(id=167), could not be used for Crtc (id=98)
2026-03-23 14:21:00.206   843-843   chatty                  and...graphics.composer@2.4-service  I  uid=1000(system) composer@2.4-se identical 1 line
2026-03-23 14:21:00.207   843-843   hwc-drm-plane           and...graphics.composer@2.4-service  W  IsCrtcSupported: This Plane(id=100) is activated for Crtc(id=167), could not be used for Crtc (id=98)
2026-03-23 14:21:00.223   843-843   hwc-drm-plane           and...graphics.composer@2.4-service  W  IsCrtcSupported: This Plane(id=31) is activated for Crtc(id=98), could not be used for Crtc (id=167)
2026-03-23 14:21:00.223   843-843   chatty                  and...graphics.composer@2.4-service  I  uid=1000(system) composer@2.4-se identical 1 line
2026-03-23 14:21:00.223   843-843   hwc-drm-plane           and...graphics.composer@2.4-service  W  IsCrtcSupported: This Plane(id=31) is activated for Crtc(id=98), could not be used for Crtc (id=167)
2026-03-23 14:21:00.223   843-843   hwc-drm-plane           and...graphics.composer@2.4-service  W  IsCrtcSupported: This Plane(id=100) is activated for Crtc(id=167), could not be used for Crtc (id=98)
2026-03-23 14:21:00.223   843-843   chatty                  and...graphics.composer@2.4-service  I  uid=1000(system) composer@2.4-se identical 1 line
2026-03-23 14:21:00.223   843-843   hwc-drm-plane           and...graphics.composer@2.4-service  W  IsCrtcSupported: This Plane(id=100) is activated for Crtc(id=167), could not be used for Crtc (id=98)
2026-03-23 14:21:00.248  1035-1473  AudioSystem-JNI         system_server                        E  AudioSystem::listAudioPorts error -19
2026-03-23 14:21:00.248  1035-1473  AudioManager            system_server                        W  updateAudioPortCache: listAudioPorts failed
2026-03-23 14:21:00.349  1035-1473  AudioSystem-JNI         system_server                        E  AudioSystem::listAudioPorts error -19
2026-03-23 14:21:00.349  1035-1473  AudioManager            system_server                        W  updateAudioPortCache: listAudioPorts failed
2026-03-23 14:21:00.404 13395-13447 com.restaurant.hpos     com.restaurant.hpos                  I  [s3Client] writing object 78130/proc/57FE0A82-C836-4ABC-B411-364971B800EB_1774246855.697 of type text/plain
2026-03-23 14:21:00.404 13395-14063 com.restaurant.hpos     com.restaurant.hpos                  I  [S3] uploadContent 78130/proc/57FE0A82-C836-4ABC-B411-364971B800EB_1774246855.697
2026-03-23 14:21:00.417 13395-13434 com.restaurant.hpos     com.restaurant.hpos                  W  [printCommands] print ip:10.50.0.110 EPSON-PRINTER print Epos2Exception error uri=TCP:10.50.0.110 e=null
2026-03-23 14:21:00.417 13395-13434 com.restaurant.hpos     com.restaurant.hpos                  I  [printCommands] print ip:10.50.0.110 EPSON-PRINTER printer close 10.50.0.110
2026-03-23 14:21:00.418 13395-13434 com.restaurant.hpos     com.restaurant.hpos                  W  [printCommands] print ip:10.50.0.110 EPSON-PRINTER close error status:5
2026-03-23 14:21:00.418 13395-13434 com.restaurant.hpos     com.restaurant.hpos                  I  [printQueue] retry print printerName: Thermal_T20 backup: false retryCount: 2 maxAttempts: 2 jobId: DDD61D02-E819-4F28-B113-30C0107143BB
2026-03-23 14:21:00.439   843-843   hwc-drm-plane           and...graphics.composer@2.4-service  W  IsCrtcSupported: This Plane(id=31) is activated for Crtc(id=98), could not be used for Crtc (id=167)
2026-03-23 14:21:00.439   843-843   chatty                  and...graphics.composer@2.4-service  I  uid=1000(system) composer@2.4-se identical 1 line
2026-03-23 14:21:00.439   843-843   hwc-drm-plane           and...graphics.composer@2.4-service  W  IsCrtcSupported: This Plane(id=31) is activated for Crtc(id=98), could not be used for Crtc (id=167)
2026-03-23 14:21:00.440   843-843   hwc-drm-plane           and...graphics.composer@2.4-service  W  IsCrtcSupported: This Plane(id=100) is activated for Crtc(id=167), could not be used for Crtc (id=98)
2026-03-23 14:21:00.440   843-843   chatty                  and...graphics.composer@2.4-service  I  uid=1000(system) composer@2.4-se identical 1 line
2026-03-23 14:21:00.440   843-843   hwc-drm-plane           and...graphics.composer@2.4-service  W  IsCrtcSupported: This Plane(id=100) is activated for Crtc(id=167), could not be used for Crtc (id=98)
2026-03-23 14:21:00.449  1035-1473  AudioSystem-JNI         system_server                        E  AudioSystem::listAudioPorts error -19
2026-03-23 14:21:00.449  1035-1473  AudioManager            system_server                        W  updateAudioPortCache: listAudioPorts failed
2026-03-23 14:21:00.506 13395-13434 com.restaurant.hpos     com.restaurant.hpos                  I  [printCommands] print ip:10.50.0.218 EPSON-PRINTER print complete success:true
2026-03-23 14:21:00.506 13395-13434 com.restaurant.hpos     com.restaurant.hpos                  I  [printQueue] handlePrintResult printerName:Impact_U220 result:SUCCESS jobId:F928F44A-338A-4F0F-AAD3-17D5A9FCC3B5
2026-03-23 14:21:00.507 13395-13434 com.restaurant.hpos     com.restaurant.hpos                  I  [printQueue] file deleted: file:///data/user/0/com.restaurant.hpos/files/receiptImages/hrpos_canvasshot_1774246791020361340136132695.png
2026-03-23 14:21:00.507 13395-13434 com.restaurant.hpos     com.restaurant.hpos                  I  [printQueue] print printerName:Impact_U220 backup:false jobId:0FD68EF6-371C-4221-B7D6-577765D005A8
2026-03-23 14:21:00.507 13395-13433 com.restaurant.hpos     com.restaurant.hpos                  I  [printCommands] print ip:10.50.0.218 EPSON-PRINTER send to printer brand:1 name:Impact_U220 jobId:0FD68EF6-371C-4221-B7D6-577765D005A8
2026-03-23 14:21:00.508 13395-13433 com.restaurant.hpos     com.restaurant.hpos                  I  [printCommands] print ip:10.50.0.218 EPSON-PRINTER print text
2026-03-23 14:21:00.518 13395-13433 com.restaurant.hpos     com.restaurant.hpos                  I  [printCommands] print ip:10.50.0.218 EPSON-PRINTER attempting to connect to printer at [seriesId:14
2026-03-23 14:21:00.539   843-843   hwc-drm-plane           and...graphics.composer@2.4-service  W  IsCrtcSupported: This Plane(id=31) is activated for Crtc(id=98), could not be used for Crtc (id=167)
2026-03-23 14:21:00.539   843-843   chatty                  and...graphics.composer@2.4-service  I  uid=1000(system) composer@2.4-se identical 1 line
2026-03-23 14:21:00.539   843-843   hwc-drm-plane           and...graphics.composer@2.4-service  W  IsCrtcSupported: This Plane(id=31) is activated for Crtc(id=98), could not be used for Crtc (id=167)
2026-03-23 14:21:00.539   843-843   hwc-drm-plane           and...graphics.composer@2.4-service  W  IsCrtcSupported: This Plane(id=100) is activated for Crtc(id=167), could not be used for Crtc (id=98)
2026-03-23 14:21:00.539   843-843   chatty                  and...graphics.composer@2.4-service  I  uid=1000(system) composer@2.4-se identical 1 line
2026-03-23 14:21:00.540   843-843   hwc-drm-plane           and...graphics.composer@2.4-service  W  IsCrtcSupported: This Plane(id=100) is activated for Crtc(id=167), could not be used for Crtc (id=98)
2026-03-23 14:21:00.550  1035-1473  AudioSystem-JNI         system_server                        E  AudioSystem::listAudioPorts error -19
2026-03-23 14:21:00.550  1035-1473  AudioManager            system_server                        W  updateAudioPortCache: listAudioPorts failed
2026-03-23 14:21:00.650  1035-1473  AudioSystem-JNI         system_server                        E  AudioSystem::listAudioPorts error -19
2026-03-23 14:21:00.650  1035-1473  AudioManager            system_server                        W  updateAudioPortCache: listAudioPorts failed
2026-03-23 14:21:00.751  1035-1473  AudioSystem-JNI         system_server                        E  AudioSystem::listAudioPorts error -19
2026-03-23 14:21:00.751  1035-1473  AudioManager            system_server                        W  updateAudioPortCache: listAudioPorts failed
2026-03-23 14:21:00.766 15119-15119 AndroidRuntime          pid-15119                            D  >>>>>> START com.android.internal.os.RuntimeInit uid 2000 <<<<<<
2026-03-23 14:21:00.768 15119-15119 AndroidRuntime          pid-15119                            I  Using default boot image
2026-03-23 14:21:00.768 15119-15119 AndroidRuntime          pid-15119                            I  Leaving lock profiling enabled
2026-03-23 14:21:00.818 15119-15119 app_process             pid-15119                            D  Time zone APEX ICU file found: /apex/com.android.tzdata/etc/icu/icu_tzdata.dat
2026-03-23 14:21:00.818 15119-15119 app_process             pid-15119                            D  I18n APEX ICU file found: /apex/com.android.i18n/etc/icu/icudt66l.dat
2026-03-23 14:21:00.821 15119-15119 app_process             pid-15119                            W  Unexpected CPU variant for X86 using defaults: x86_64
2026-03-23 14:21:00.821 15119-15119 app_process             pid-15119                            I  The ClassLoaderContext is a special shared library.
2026-03-23 14:21:00.830 15119-15119 app_process             pid-15119                            W  JNI RegisterNativeMethods: attempt to register 0 native methods for android.media.AudioAttributes
2026-03-23 14:21:00.833 15119-15119 AndroidRuntime          pid-15119                            D  Calling main entry com.android.commands.input.Input
2026-03-23 14:21:00.839 15119-15119 AndroidRuntime          pid-15119                            D  Shutting down VM
2026-03-23 14:21:00.840  1035-1119  AudioSystem             system_server                        E  no strategy found for attributes { Content type: AUDIO_CONTENT_TYPE_SONIFICATION Usage: AUDIO_USAGE_ASSISTANCE_SONIFICATION Source: AUDIO_SOURCE_DEFAULT Flags: 0x800 Tags:  }
2026-03-23 14:21:00.840  1255-27705 AudioFlinger            audioserver                          E  createTrack() getOutputForAttr() return error -19 or invalid output handle
2026-03-23 14:21:00.840  1035-1119  IAudioFlinger           system_server                        E  createTrack returned error -19
2026-03-23 14:21:00.840  1035-1119  AudioTrack              system_server                        E  createTrack_l(0): AudioFlinger could not create track, status: -19 output 0
2026-03-23 14:21:00.840  1035-1119  SoundPool::Stream       system_server                        E  play_l: error creating AudioTrack
2026-03-23 14:21:00.840  1035-1119  AudioTrack              system_server                        D  gather(): no metrics gathered, track status=-19
2026-03-23 14:21:00.851  1035-1473  AudioSystem-JNI         system_server                        E  AudioSystem::listAudioPorts error -19
2026-03-23 14:21:00.851  1035-1473  AudioManager            system_server                        W  updateAudioPortCache: listAudioPorts failed
2026-03-23 14:21:00.854  1035-1108  WifiScoringParams       system_server                        E  Invalid frequency(-1), using 5G as default rssi array
2026-03-23 14:21:00.855   843-843   hwc-drm-plane           and...graphics.composer@2.4-service  W  IsCrtcSupported: This Plane(id=31) is activated for Crtc(id=98), could not be used for Crtc (id=167)
2026-03-23 14:21:00.855   843-843   chatty                  and...graphics.composer@2.4-service  I  uid=1000(system) composer@2.4-se identical 1 line
2026-03-23 14:21:00.856   843-843   hwc-drm-plane           and...graphics.composer@2.4-service  W  IsCrtcSupported: This Plane(id=31) is activated for Crtc(id=98), could not be used for Crtc (id=167)
2026-03-23 14:21:00.856   843-843   hwc-drm-plane           and...graphics.composer@2.4-service  W  IsCrtcSupported: This Plane(id=100) is activated for Crtc(id=167), could not be used for Crtc (id=98)
2026-03-23 14:21:00.856   843-843   chatty                  and...graphics.composer@2.4-service  I  uid=1000(system) composer@2.4-se identical 1 line
2026-03-23 14:21:00.856   843-843   hwc-drm-plane           and...graphics.composer@2.4-service  W  IsCrtcSupported: This Plane(id=100) is activated for Crtc(id=167), could not be used for Crtc (id=98)
2026-03-23 14:21:00.903 13395-13433 com.restaurant.hpos     com.restaurant.hpos                  I  [printCommands] print ip:10.50.0.218 EPSON-PRINTER connected to printer
2026-03-23 14:21:00.912 13395-13433 com.restaurant.hpos     com.restaurant.hpos                  I  [printCommands] print ip:10.50.0.218 EPSON-PRINTER data sent to printer
2026-03-23 14:21:00.950  1035-1473  AudioSystem-JNI         system_server                        E  AudioSystem::listAudioPorts error -19
2026-03-23 14:21:00.951  1035-1473  AudioManager            system_server                        W  updateAudioPortCache: listAudioPorts failed
2026-03-23 14:21:00.955   843-843   hwc-drm-plane           and...graphics.composer@2.4-service  W  IsCrtcSupported: This Plane(id=31) is activated for Crtc(id=98), could not be used for Crtc (id=167)
2026-03-23 14:21:00.955   843-843   chatty                  and...graphics.composer@2.4-service  I  uid=1000(system) composer@2.4-se identical 1 line
2026-03-23 14:21:00.956   843-843   hwc-drm-plane           and...graphics.composer@2.4-service  W  IsCrtcSupported: This Plane(id=31) is activated for Crtc(id=98), could not be used for Crtc (id=167)
2026-03-23 14:21:00.956   843-843   hwc-drm-plane           and...graphics.composer@2.4-service  W  IsCrtcSupported: This Plane(id=100) is activated for Crtc(id=167), could not be used for Crtc (id=98)
2026-03-23 14:21:00.956   843-843   chatty                  and...graphics.composer@2.4-service  I  uid=1000(system) composer@2.4-se identical 1 line
2026-03-23 14:21:00.956   843-843   hwc-drm-plane           and...graphics.composer@2.4-service  W  IsCrtcSupported: This Plane(id=100) is activated for Crtc(id=167), could not be used for Crtc (id=98)
2026-03-23 14:21:00.972 13395-13447 com.restau....hpos.moby com.restaurant.hpos                  D  MobyCreditCardReader@isConnected isConnected: true
2026-03-23 14:21:00.973 13395-13447 com.restaurant.hpos     com.restaurant.hpos                  I  [moby] MobyCreditCardReader@isConnected isConnected: true
2026-03-23 14:21:01.051  1035-1473  AudioSystem-JNI         system_server                        E  AudioSystem::listAudioPorts error -19
2026-03-23 14:21:01.051  1035-1473  AudioManager            system_server                        W  updateAudioPortCache: listAudioPorts failed
2026-03-23 14:21:01.076  1035-1121  AudioSystem-JNI         system_server                        E  Command failed for android_media_AudioSystem_initStreamVolume: -19
2026-03-23 14:21:01.076  1035-1121  AS.AudioService         system_server                        E  Failed to initStreamVolume (1) for stream 11
2026-03-23 14:21:01.076  1035-1121  AS.AudioService         system_server                        E  VSS(): initStreamVolume failed with 1 will retry
2026-03-23 14:21:01.139 13395-13395 ReactNative             com.restaurant.hpos                  I  [GESTURE HANDLER] Gesture handler is already enabled for a parent view
2026-03-23 14:21:01.151  1035-1473  AudioSystem-JNI         system_server                        E  AudioSystem::listAudioPorts error -19
2026-03-23 14:21:01.151  1035-1473  AudioManager            system_server                        W  updateAudioPortCache: listAudioPorts failed
2026-03-23 14:21:01.155   843-843   hwc-drm-plane           and...graphics.composer@2.4-service  W  IsCrtcSupported: This Plane(id=31) is activated for Crtc(id=98), could not be used for Crtc (id=167)
2026-03-23 14:21:01.155   843-843   chatty                  and...graphics.composer@2.4-service  I  uid=1000(system) composer@2.4-se identical 1 line
2026-03-23 14:21:01.155   843-843   hwc-drm-plane           and...graphics.composer@2.4-service  W  IsCrtcSupported: This Plane(id=31) is activated for Crtc(id=98), could not be used for Crtc (id=167)
2026-03-23 14:21:01.156   843-843   hwc-drm-plane           and...graphics.composer@2.4-service  W  IsCrtcSupported: This Plane(id=100) is activated for Crtc(id=167), could not be used for Crtc (id=98)
2026-03-23 14:21:01.156   843-843   chatty                  and...graphics.composer@2.4-service  I  uid=1000(system) composer@2.4-se identical 1 line
2026-03-23 14:21:01.156   843-843   hwc-drm-plane           and...graphics.composer@2.4-service  W  IsCrtcSupported: This Plane(id=100) is activated for Crtc(id=167), could not be used for Crtc (id=98)
2026-03-23 14:21:01.172   843-843   hwc-drm-plane           and...graphics.composer@2.4-service  W  IsCrtcSupported: This Plane(id=31) is activated for Crtc(id=98), could not be used for Crtc (id=167)
2026-03-23 14:21:01.172   843-843   chatty                  and...graphics.composer@2.4-service  I  uid=1000(system) composer@2.4-se identical 1 line
2026-03-23 14:21:01.172   843-843   hwc-drm-plane           and...graphics.composer@2.4-service  W  IsCrtcSupported: This Plane(id=31) is activated for Crtc(id=98), could not be used for Crtc (id=167)
2026-03-23 14:21:01.172   843-843   hwc-drm-plane           and...graphics.composer@2.4-service  W  IsCrtcSupported: This Plane(id=100) is activated for Crtc(id=167), could not be used for Crtc (id=98)
2026-03-23 14:21:01.172   843-843   chatty                  and...graphics.composer@2.4-service  I  uid=1000(system) composer@2.4-se identical 1 line
2026-03-23 14:21:01.172   843-843   hwc-drm-plane           and...graphics.composer@2.4-service  W  IsCrtcSupported: This Plane(id=100) is activated for Crtc(id=167), could not be used for Crtc (id=98)
2026-03-23 14:21:01.251  1035-1473  AudioSystem-JNI         system_server                        E  AudioSystem::listAudioPorts error -19
2026-03-23 14:21:01.251  1035-1473  AudioManager            system_server                        W  updateAudioPortCache: listAudioPorts failed
2026-03-23 14:21:01.352  1035-1473  AudioSystem-JNI         system_server                        E  AudioSystem::listAudioPorts error -19
2026-03-23 14:21:01.352  1035-1473  AudioManager            system_server                        W  updateAudioPortCache: listAudioPorts failed
2026-03-23 14:21:01.453  1035-1473  AudioSystem-JNI         system_server                        E  AudioSystem::listAudioPorts error -19
2026-03-23 14:21:01.453  1035-1473  AudioManager            system_server                        W  updateAudioPortCache: listAudioPorts failed
2026-03-23 14:21:01.505   843-843   hwc-drm-plane           and...graphics.composer@2.4-service  W  IsCrtcSupported: This Plane(id=31) is activated for Crtc(id=98), could not be used for Crtc (id=167)
